Archive member included to satisfy reference by file (symbol)

/usr/lib/gcc/arm-none-eabi/13.2.1/../../../arm-none-eabi/lib/thumb/v7e-m+fp/hard/libc_nano.a(libc_a-init.o)
                              /usr/lib/gcc/arm-none-eabi/13.2.1/../../../arm-none-eabi/lib/thumb/v7e-m+fp/hard/crt0.o (__libc_init_array)
/usr/lib/gcc/arm-none-eabi/13.2.1/../../../arm-none-eabi/lib/thumb/v7e-m+fp/hard/libc_nano.a(libc_a-memset.o)
                              /usr/lib/gcc/arm-none-eabi/13.2.1/../../../arm-none-eabi/lib/thumb/v7e-m+fp/hard/crt0.o (memset)
/usr/lib/gcc/arm-none-eabi/13.2.1/../../../arm-none-eabi/lib/thumb/v7e-m+fp/hard/libc_nano.a(libc_a-errno.o)
                              build/sysmem.o (__errno)
/usr/lib/gcc/arm-none-eabi/13.2.1/../../../arm-none-eabi/lib/thumb/v7e-m+fp/hard/libc_nano.a(libc_a-nano-vfprintf_float.o)
                              (_printf_float)
/usr/lib/gcc/arm-none-eabi/13.2.1/../../../arm-none-eabi/lib/thumb/v7e-m+fp/hard/libc_nano.a(libc_a-dtoa.o)
                              /usr/lib/gcc/arm-none-eabi/13.2.1/../../../arm-none-eabi/lib/thumb/v7e-m+fp/hard/libc_nano.a(libc_a-nano-vfprintf_float.o) (_dtoa_r)
/usr/lib/gcc/arm-none-eabi/13.2.1/../../../arm-none-eabi/lib/thumb/v7e-m+fp/hard/libc_nano.a(libc_a-memcpy.o)
                              build/queue.o (memcpy)
/usr/lib/gcc/arm-none-eabi/13.2.1/../../../arm-none-eabi/lib/thumb/v7e-m+fp/hard/libc_nano.a(libc_a-malloc.o)
                              /usr/lib/gcc/arm-none-eabi/13.2.1/../../../arm-none-eabi/lib/thumb/v7e-m+fp/hard/libc_nano.a(libc_a-dtoa.o) (malloc)
/usr/lib/gcc/arm-none-eabi/13.2.1/../../../arm-none-eabi/lib/thumb/v7e-m+fp/hard/libc_nano.a(libc_a-nano-vfprintf_i.o)
                              /usr/lib/gcc/arm-none-eabi/13.2.1/../../../arm-none-eabi/lib/thumb/v7e-m+fp/hard/libc_nano.a(libc_a-nano-vfprintf_float.o) (_printf_common)
/usr/lib/gcc/arm-none-eabi/13.2.1/../../../arm-none-eabi/lib/thumb/v7e-m+fp/hard/libc_nano.a(libc_a-exit.o)
                              /usr/lib/gcc/arm-none-eabi/13.2.1/../../../arm-none-eabi/lib/thumb/v7e-m+fp/hard/crt0.o (exit)
/usr/lib/gcc/arm-none-eabi/13.2.1/../../../arm-none-eabi/lib/thumb/v7e-m+fp/hard/libc_nano.a(libc_a-atexit.o)
                              /usr/lib/gcc/arm-none-eabi/13.2.1/../../../arm-none-eabi/lib/thumb/v7e-m+fp/hard/crt0.o (atexit)
/usr/lib/gcc/arm-none-eabi/13.2.1/../../../arm-none-eabi/lib/thumb/v7e-m+fp/hard/libc_nano.a(libc_a-printf.o)
                              build/encodermotor.o (printf)
/usr/lib/gcc/arm-none-eabi/13.2.1/../../../arm-none-eabi/lib/thumb/v7e-m+fp/hard/libc_nano.a(libc_a-nano-vfprintf.o)
                              /usr/lib/gcc/arm-none-eabi/13.2.1/../../../arm-none-eabi/lib/thumb/v7e-m+fp/hard/libc_nano.a(libc_a-printf.o) (_vfprintf_r)
/usr/lib/gcc/arm-none-eabi/13.2.1/../../../arm-none-eabi/lib/thumb/v7e-m+fp/hard/libc_nano.a(libc_a-fini.o)
                              /usr/lib/gcc/arm-none-eabi/13.2.1/../../../arm-none-eabi/lib/thumb/v7e-m+fp/hard/crt0.o (__libc_fini_array)
/usr/lib/gcc/arm-none-eabi/13.2.1/../../../arm-none-eabi/lib/thumb/v7e-m+fp/hard/libc_nano.a(libc_a-wbuf.o)
                              /usr/lib/gcc/arm-none-eabi/13.2.1/../../../arm-none-eabi/lib/thumb/v7e-m+fp/hard/libc_nano.a(libc_a-nano-vfprintf.o) (__swbuf_r)
/usr/lib/gcc/arm-none-eabi/13.2.1/../../../arm-none-eabi/lib/thumb/v7e-m+fp/hard/libc_nano.a(libc_a-assert.o)
                              /usr/lib/gcc/arm-none-eabi/13.2.1/../../../arm-none-eabi/lib/thumb/v7e-m+fp/hard/libc_nano.a(libc_a-dtoa.o) (__assert_func)
/usr/lib/gcc/arm-none-eabi/13.2.1/../../../arm-none-eabi/lib/thumb/v7e-m+fp/hard/libc_nano.a(libc_a-mprec.o)
                              /usr/lib/gcc/arm-none-eabi/13.2.1/../../../arm-none-eabi/lib/thumb/v7e-m+fp/hard/libc_nano.a(libc_a-dtoa.o) (_Balloc)
/usr/lib/gcc/arm-none-eabi/13.2.1/../../../arm-none-eabi/lib/thumb/v7e-m+fp/hard/libc_nano.a(libc_a-impure.o)
                              /usr/lib/gcc/arm-none-eabi/13.2.1/../../../arm-none-eabi/lib/thumb/v7e-m+fp/hard/libc_nano.a(libc_a-errno.o) (_impure_ptr)
/usr/lib/gcc/arm-none-eabi/13.2.1/../../../arm-none-eabi/lib/thumb/v7e-m+fp/hard/libc_nano.a(libc_a-localeconv.o)
                              /usr/lib/gcc/arm-none-eabi/13.2.1/../../../arm-none-eabi/lib/thumb/v7e-m+fp/hard/libc_nano.a(libc_a-nano-vfprintf_float.o) (_localeconv_r)
/usr/lib/gcc/arm-none-eabi/13.2.1/../../../arm-none-eabi/lib/thumb/v7e-m+fp/hard/libc_nano.a(libc_a-fvwrite.o)
                              /usr/lib/gcc/arm-none-eabi/13.2.1/../../../arm-none-eabi/lib/thumb/v7e-m+fp/hard/libc_nano.a(libc_a-nano-vfprintf.o) (__sfvwrite_r)
/usr/lib/gcc/arm-none-eabi/13.2.1/../../../arm-none-eabi/lib/thumb/v7e-m+fp/hard/libc_nano.a(libc_a-findfp.o)
                              /usr/lib/gcc/arm-none-eabi/13.2.1/../../../arm-none-eabi/lib/thumb/v7e-m+fp/hard/libc_nano.a(libc_a-nano-vfprintf.o) (__sinit)
/usr/lib/gcc/arm-none-eabi/13.2.1/../../../arm-none-eabi/lib/thumb/v7e-m+fp/hard/libc_nano.a(libc_a-abort.o)
[...]
Memory Configuration

Name             Origin             Length             Attributes
RAM              0x20000000         0x00020000         xrw
CCMRAM           0x10000000         0x00010000         xrw
FLASH            0x08000000         0x00080000         xr
*default*        0x00000000         0xffffffff

Linker script and memory map

LOAD /usr/lib/gcc/arm-none-eabi/13.2.1/thumb/v7e-m+fp/hard/crti.o
LOAD /usr/lib/gcc/arm-none-eabi/13.2.1/thumb/v7e-m+fp/hard/crtbegin.o
LOAD /usr/lib/gcc/arm-none-eabi/13.2.1/../../../arm-none-eabi/lib/thumb/v7e-m+fp/hard/crt0.o
LOAD build/main.o
LOAD build/stm32f4xx_it.o
LOAD build/stm32f4xx_hal_msp.o
LOAD build/stm32f4xx_hal_rcc.o
LOAD build/stm32f4xx_hal_rcc_ex.o
LOAD build/stm32f4xx_hal_flash.o
LOAD build/stm32f4xx_hal_flash_ex.o
LOAD build/stm32f4xx_hal_flash_ramfunc.o
LOAD build/stm32f4xx_hal_gpio.o
LOAD build/stm32f4xx_hal_dma_ex.o
LOAD build/stm32f4xx_hal_dma.o
LOAD build/stm32f4xx_hal_pwr.o
LOAD build/stm32f4xx_hal_pwr_ex.o
LOAD build/stm32f4xx_hal_cortex.o
LOAD build/stm32f4xx_hal.o
LOAD build/stm32f4xx_hal_exti.o
LOAD build/system_stm32f4xx.o
LOAD build/stm32f4xx_hal_tim.o
LOAD build/stm32f4xx_hal_tim_ex.o
LOAD build/stm32f4xx_hal_uart.o
LOAD build/gpio.o
LOAD build/tim.o
LOAD build/usart.o
LOAD build/uart_driver.o
LOAD build/encodermotor.o
LOAD build/freertos.o
LOAD build/stm32f4xx_hal_timebase_tim.o
LOAD build/croutine.o
LOAD build/event_groups.o
LOAD build/list.o
LOAD build/queue.o
LOAD build/stream_buffer.o
LOAD build/tasks.o
LOAD build/timers.o
LOAD build/cmsis_os2.o
LOAD build/heap_4.o
LOAD build/port.o
LOAD build/dma.o
LOAD build/sysmem.o
LOAD build/uart_tasks.o
LOAD build/motor_task.o
LOAD build/protocal.o
LOAD build/syscalls.o
LOAD build/startup_stm32f407xx.o
LOAD /usr/lib/gcc/arm-none-eabi/13.2.1/../../../arm-none-eabi/lib/thumb/v7e-m+fp/hard/libc_nano.a
LOAD /usr/lib/gcc/arm-none-eabi/13.2.1/../../../arm-none-eabi/lib/thumb/v7e-m+fp/hard/libm.a
LOAD /usr/lib/gcc/arm-none-eabi/13.2.1/../../../arm-none-eabi/lib/thumb/v7e-m+fp/hard/libnosys.a
START GROUP
LOAD /usr/lib/gcc/arm-none-eabi/13.2.1/thumb/v7e-m+fp/hard/libgcc.a
LOAD /usr/lib/gcc/arm-none-eabi/13.2.1/../../../arm-none-eabi/lib/thumb/v7e-m+fp/hard/libc_nano.a
END GROUP
START GROUP
LOAD /usr/lib/gcc/arm-none-eabi/13.2.1/thumb/v7e-m+fp/hard/libgcc.a
LOAD /usr/lib/gcc/arm-none-eabi/13.2.1/../../../arm-none-eabi/lib/thumb/v7e-m+fp/hard/libc_nano.a
END GROUP
LOAD /usr/lib/gcc/arm-none-eabi/13.2.1/thumb/v7e-m+fp/hard/crtend.o
LOAD /usr/lib/gcc/arm-none-eabi/13.2.1/thumb/v7e-m+fp/hard/crtn.o
                0x20020000                        _estack = (ORIGIN (RAM) + LENGTH (RAM))
                0x00000200                        _Min_Heap_Size = 0x200
                0x00000400                        _Min_Stack_Size = 0x400

.isr_vector     0x08000000      0x188
                0x08000000                        . = ALIGN (0x4)
 *(.isr_vector)
 .isr_vector    0x08000000      0x188 build/startup_stm32f407xx.o
                0x08000000                g_pfnVectors
                0x08000188                        . = ALIGN (0x4)

.text           0x080001c0     0xa948
                0x080001c0                        . = ALIGN (0x4)
 *(.text)
 .text          0x080001c0       0x88 /usr/lib/gcc/arm-none-eabi/13.2.1/thumb/v7e-m+fp/hard/crtbegin.o
 .text          0x08000248       0x50 /usr/lib/gcc/arm-none-eabi/13.2.1/../../../arm-none-eabi/lib/thumb/v7e-m+fp/hard/libc_nano.a(libc_a-init.o)
                0x08000248                __libc_init_array
 .text          0x08000298       0xa4 /usr/lib/gcc/arm-none-eabi/13.2.1/../../../arm-none-eabi/lib/thumb/v7e-m+fp/hard/libc_nano.a(libc_a-memset.o)
                0x08000298                memset
 .text          0x0800033c        0xc /usr/lib/gcc/arm-none-eabi/13.2.1/../../../arm-none-eabi/lib/thumb/v7e-m+fp/hard/libc_nano.a(libc_a-errno.o)
                0x0800033c                __errno
 .text          0x08000348      0x6b0 /usr/lib/gcc/arm-none-eabi/13.2.1/../../../arm-none-eabi/lib/thumb/v7e-m+fp/hard/libc_nano.a(libc_a-nano-vfprintf_float.o)
                0x08000348                __cvt
                0x08000458                __exponent
                0x080004dc                _printf_float
 .text          0x080009f8      0xfdc /usr/lib/gcc/arm-none-eabi/13.2.1/../../../arm-none-eabi/lib/thumb/v7e-m+fp/hard/libc_nano.a(libc_a-dtoa.o)
                0x08000b24                _dtoa_r
 .text          0x080019d4      0x134 /usr/lib/gcc/arm-none-eabi/13.2.1/../../../arm-none-eabi/lib/thumb/v7e-m+fp/hard/libc_nano.a(libc_a-memcpy.o)
                0x080019d4                memcpy
 .text          0x08001b08       0x20 /usr/lib/gcc/arm-none-eabi/13.2.1/../../../arm-none-eabi/lib/thumb/v7e-m+fp/hard/libc_nano.a(libc_a-malloc.o)
                0x08001b08                malloc
                0x08001b18                free
 .text          0x08001b28      0x3a8 /usr/lib/gcc/arm-none-eabi/13.2.1/../../../arm-none-eabi/lib/thumb/v7e-m+fp/hard/libc_nano.a(libc_a-nano-vfprintf_i.o)
                0x08001b28                _printf_common
                0x08001c4c                _printf_i
 .text          0x08001ed0      0x314 /usr/lib/gcc/arm-none-eabi/13.2.1/../../../arm-none-eabi/lib/thumb/v7e-m+fp/hard/libc_nano.a(libc_a-nano-vfprintf.o)
                0x08001f0c                __sfputs_r
                0x08001f3c                __sprint_r
                0x08001f5c                _vfiprintf_r
                0x08001f5c                _vfprintf_r
                0x080021c8                vfiprintf
                0x080021c8                vfprintf
 .text          0x080021e4       0xa0 /usr/lib/gcc/arm-none-eabi/13.2.1/../../../arm-none-eabi/lib/thumb/v7e-m+fp/hard/libc_nano.a(libc_a-wbuf.o)
                0x080021e4                __swbuf_r
                0x0800226c                __swbuf
 .text          0x08002284       0x4c /usr/lib/gcc/arm-none-eabi/13.2.1/../../../arm-none-eabi/lib/thumb/v7e-m+fp/hard/libc_nano.a(libc_a-assert.o)
                0x08002284                __assert_func
                0x080022c4                __assert
 .text          0x080022d0      0xb10 /usr/lib/gcc/arm-none-eabi/13.2.1/../../../arm-none-eabi/lib/thumb/v7e-m+fp/hard/libc_nano.a(libc_a-mprec.o)
                0x080022d0                _Balloc
                0x08002350                _Bfree
                0x08002398                __multadd
                0x08002434                __s2b
                0x080024e8                __hi0bits
                0x0800252c                __lo0bits
                0x0800258c                __i2b
                0x080025b8                __multiply
                0x08002724                __pow5mult
                0x08002804                __lshift
                0x080028ec                __mcmp
                0x08002930                __mdiff
                0x08002aa8                __ulp
                0x08002b0c                __b2d
                0x08002bc8                __d2b
                0x08002c88                __ratio
                0x08002ce8                _mprec_log10
                0x08002d28                __copybits
                0x08002d84                __any_on
 .text          0x08002de0       0x14 /usr/lib/gcc/arm-none-eabi/13.2.1/../../../arm-none-eabi/lib/thumb/v7e-m+fp/hard/libc_nano.a(libc_a-localeconv.o)
                0x08002de0                __localeconv_l
                0x08002de4                _localeconv_r
                0x08002dec                localeconv
 .text          0x08002df4      0x300 /usr/lib/gcc/arm-none-eabi/13.2.1/../../../arm-none-eabi/lib/thumb/v7e-m+fp/hard/libc_nano.a(libc_a-fvwrite.o)
                0x08002df4                __sfvwrite_r
 .text          0x080030f4      0x224 /usr/lib/gcc/arm-none-eabi/13.2.1/../../../arm-none-eabi/lib/thumb/v7e-m+fp/hard/libc_nano.a(libc_a-findfp.o)
                0x08003224                __sfp
                0x080032c8                __sinit
                0x080032e8                __sfp_lock_acquire
                0x080032ec                __sfp_lock_release
                0x080032f0                __fp_lock_all
                0x08003304                __fp_unlock_all
 .text          0x08003318       0x10 /usr/lib/gcc/arm-none-eabi/13.2.1/../../../arm-none-eabi/lib/thumb/v7e-m+fp/hard/libc_nano.a(libc_a-abort.o)
                0x08003318                abort
 *fill*         0x08003328       0x18 
 .text          0x08003340       0xd8 /usr/lib/gcc/arm-none-eabi/13.2.1/../../../arm-none-eabi/lib/thumb/v7e-m+fp/hard/libc_nano.a(libc_a-strlen.o)
                0x08003340                strlen
 .text          0x08003418      0x1a8 /usr/lib/gcc/arm-none-eabi/13.2.1/../../../arm-none-eabi/lib/thumb/v7e-m+fp/hard/libc_nano.a(libc_a-fflush.o)
                0x08003418                __sflush_r
                0x0800353c                _fflush_r
                0x08003574                fflush
 .text          0x080035c0       0x28 /usr/lib/gcc/arm-none-eabi/13.2.1/../../../arm-none-eabi/lib/thumb/v7e-m+fp/hard/libc_nano.a(libc_a-callocr.o)
                0x080035c0                _calloc_r
 .text          0x080035e8      0x148 /usr/lib/gcc/arm-none-eabi/13.2.1/../../../arm-none-eabi/lib/thumb/v7e-m+fp/hard/libc_nano.a(libc_a-mallocr.o)
                0x08003630                _malloc_r
 .text          0x08003730       0xbc /usr/lib/gcc/arm-none-eabi/13.2.1/../../../arm-none-eabi/lib/thumb/v7e-m+fp/hard/libc_nano.a(libc_a-freer.o)
                0x08003730                _free_r
 .text          0x080037ec      0x100 /usr/lib/gcc/arm-none-eabi/13.2.1/../../../arm-none-eabi/lib/thumb/v7e-m+fp/hard/libc_nano.a(libc_a-memmove.o)
                0x080037ec                memmove
 .text          0x080038ec       0x44 /usr/lib/gcc/arm-none-eabi/13.2.1/../../../arm-none-eabi/lib/thumb/v7e-m+fp/hard/libc_nano.a(libc_a-fwalk.o)
                0x080038ec                _fwalk_sglue
 .text          0x08003930       0x30 /usr/lib/gcc/arm-none-eabi/13.2.1/../../../arm-none-eabi/lib/thumb/v7e-m+fp/hard/libc_nano.a(libc_a-wctomb_r.o)
                0x08003930                _wctomb_r
                0x08003944                __ascii_wctomb
 .text          0x08003960       0xa0 /usr/lib/gcc/arm-none-eabi/13.2.1/../../../arm-none-eabi/lib/thumb/v7e-m+fp/hard/libc_nano.a(libc_a-memchr.o)
                0x08003960                memchr
 .text          0x08003a00       0xc4 /usr/lib/gcc/arm-none-eabi/13.2.1/../../../arm-none-eabi/lib/thumb/v7e-m+fp/hard/libc_nano.a(libc_a-wsetup.o)
                0x08003a00                __swsetup_r
 .text          0x08003ac4       0x44 /usr/lib/gcc/arm-none-eabi/13.2.1/../../../arm-none-eabi/lib/thumb/v7e-m+fp/hard/libc_nano.a(libc_a-fprintf.o)
                0x08003ac4                _fprintf_r
                0x08003ac4                _fiprintf_r
                0x08003ae0                fprintf
                0x08003ae0                fiprintf
 .text          0x08003b08       0x64 /usr/lib/gcc/arm-none-eabi/13.2.1/../../../arm-none-eabi/lib/thumb/v7e-m+fp/hard/libc_nano.a(libc_a-reallocr.o)
                0x08003b08                _realloc_r
 .text          0x08003b6c        0x8 /usr/lib/gcc/arm-none-eabi/13.2.1/../../../arm-none-eabi/lib/thumb/v7e-m+fp/hard/libc_nano.a(libc_a-mlock.o)
                0x08003b6c                __malloc_lock
                0x08003b70                __malloc_unlock
 .text          0x08003b74      0x114 /usr/lib/gcc/arm-none-eabi/13.2.1/../../../arm-none-eabi/lib/thumb/v7e-m+fp/hard/libc_nano.a(libc_a-makebuf.o)
                0x08003b74                __smakebuf_r
                0x08003c38                __swhatbuf_r
 .text          0x08003c88       0x24 /usr/lib/gcc/arm-none-eabi/13.2.1/../../../arm-none-eabi/lib/thumb/v7e-m+fp/hard/libc_nano.a(libc_a-isattyr.o)
                0x08003c88                _isatty_r
 .text          0x08003cac       0x24 /usr/lib/gcc/arm-none-eabi/13.2.1/../../../arm-none-eabi/lib/thumb/v7e-m+fp/hard/libc_nano.a(libc_a-sbrkr.o)
                0x08003cac                _sbrk_r
 .text          0x08003cd0       0x94 /usr/lib/gcc/arm-none-eabi/13.2.1/../../../arm-none-eabi/lib/thumb/v7e-m+fp/hard/libc_nano.a(libc_a-stdio.o)
                0x08003cd0                __sread
                0x08003cf4                __seofread
                0x08003cf8                __swrite
                0x08003d38                __sseek
                0x08003d5c                __sclose
 .text          0x08003d64       0x10 /usr/lib/gcc/arm-none-eabi/13.2.1/../../../arm-none-eabi/lib/thumb/v7e-m+fp/hard/libc_nano.a(libc_a-msizer.o)
                0x08003d64                _malloc_usable_size_r
 .text          0x08003d74       0x40 /usr/lib/gcc/arm-none-eabi/13.2.1/../../../arm-none-eabi/lib/thumb/v7e-m+fp/hard/libc_nano.a(libc_a-mbtowc_r.o)
                0x08003d74                _mbtowc_r
                0x08003d88                __ascii_mbtowc
 .text          0x08003db4      0x260 /usr/lib/gcc/arm-none-eabi/13.2.1/../../../arm-none-eabi/lib/thumb/v7e-m+fp/hard/libc_nano.a(libc_a-signal.o)
                0x08003db4                _init_signal_r
                0x08003de0                _signal_r
                0x08003e2c                _raise_r
                0x08003e7c                __sigtramp_r
                0x08003edc                raise
                0x08003f30                signal
                0x08003f7c                _init_signal
                0x08003fb0                __sigtramp
 .text          0x08004014       0x24 /usr/lib/gcc/arm-none-eabi/13.2.1/../../../arm-none-eabi/lib/thumb/v7e-m+fp/hard/libc_nano.a(libc_a-closer.o)
                0x08004014                _close_r
 .text          0x08004038       0x2c /usr/lib/gcc/arm-none-eabi/13.2.1/../../../arm-none-eabi/lib/thumb/v7e-m+fp/hard/libc_nano.a(libc_a-readr.o)
                0x08004038                _read_r
 .text          0x08004064       0x2c /usr/lib/gcc/arm-none-eabi/13.2.1/../../../arm-none-eabi/lib/thumb/v7e-m+fp/hard/libc_nano.a(libc_a-fstatr.o)
                0x08004064                _fstat_r
 .text          0x08004090       0x2c /usr/lib/gcc/arm-none-eabi/13.2.1/../../../arm-none-eabi/lib/thumb/v7e-m+fp/hard/libc_nano.a(libc_a-lseekr.o)
                0x08004090                _lseek_r
 .text          0x080040bc       0x2c /usr/lib/gcc/arm-none-eabi/13.2.1/../../../arm-none-eabi/lib/thumb/v7e-m+fp/hard/libc_nano.a(libc_a-writer.o)
                0x080040bc                _write_r
 .text          0x080040e8       0x30 /usr/lib/gcc/arm-none-eabi/13.2.1/../../../arm-none-eabi/lib/thumb/v7e-m+fp/hard/libc_nano.a(libc_a-signalr.o)
                0x080040e8                _kill_r
                0x08004114                _getpid_r
 .text          0x08004118      0x378 /usr/lib/gcc/arm-none-eabi/13.2.1/thumb/v7e-m+fp/hard/libgcc.a(_arm_addsubdf3.o)
                0x08004118                __aeabi_drsub
                0x08004120                __aeabi_dsub
                0x08004120                __subdf3
                0x08004124                __adddf3
                0x08004124                __aeabi_dadd
                0x0800439c                __aeabi_ui2d
                0x0800439c                __floatunsidf
                0x080043bc                __floatsidf
                0x080043bc                __aeabi_i2d
                0x080043e0                __extendsfdf2
                0x080043e0                __aeabi_f2d
                0x08004424                __aeabi_ul2d
                0x08004424                __floatundidf
                0x08004434                __floatdidf
                0x08004434                __aeabi_l2d
 .text          0x08004490      0x424 /usr/lib/gcc/arm-none-eabi/13.2.1/thumb/v7e-m+fp/hard/libgcc.a(_arm_muldivdf3.o)
                0x08004490                __aeabi_dmul
                0x08004490                __muldf3
                0x080046e4                __aeabi_ddiv
                0x080046e4                __divdf3
 .text          0x080048b4      0x110 /usr/lib/gcc/arm-none-eabi/13.2.1/thumb/v7e-m+fp/hard/libgcc.a(_arm_cmpdf2.o)
                0x080048b4                __gtdf2
                0x080048b4                __gedf2
                0x080048bc                __ltdf2
                0x080048bc                __ledf2
                0x080048c4                __cmpdf2
                0x080048c4                __eqdf2
                0x080048c4                __nedf2
                0x08004940                __aeabi_cdrcmple
                0x08004950                __aeabi_cdcmple
                0x08004950                __aeabi_cdcmpeq
                0x08004960                __aeabi_dcmpeq
                0x08004974                __aeabi_dcmplt
                0x08004988                __aeabi_dcmple
                0x0800499c                __aeabi_dcmpge
                0x080049b0                __aeabi_dcmpgt
 .text          0x080049c4       0x2c /usr/lib/gcc/arm-none-eabi/13.2.1/thumb/v7e-m+fp/hard/libgcc.a(_arm_unorddf2.o)
                0x080049c4                __aeabi_dcmpun
                0x080049c4                __unorddf2
 .text          0x080049f0       0x50 /usr/lib/gcc/arm-none-eabi/13.2.1/thumb/v7e-m+fp/hard/libgcc.a(_arm_fixdfsi.o)
                0x080049f0                __fixdfsi
                0x080049f0                __aeabi_d2iz
 .text          0x08004a40       0x30 /usr/lib/gcc/arm-none-eabi/13.2.1/thumb/v7e-m+fp/hard/libgcc.a(_aeabi_uldivmod.o)
                0x08004a40                __aeabi_uldivmod
 .text          0x08004a70      0x2bc /usr/lib/gcc/arm-none-eabi/13.2.1/thumb/v7e-m+fp/hard/libgcc.a(_udivmoddi4.o)
                0x08004a70                __udivmoddi4
 .text          0x08004d2c        0x4 /usr/lib/gcc/arm-none-eabi/13.2.1/thumb/v7e-m+fp/hard/libgcc.a(_dvmd_tls.o)
                0x08004d2c                __aeabi_ldiv0
                0x08004d2c                __aeabi_idiv0
 *(.text*)
 .text._write   0x08004d30       0x18 build/main.o
                0x08004d30                _write
 .text.HAL_TIM_PeriodElapsedCallback
                0x08004d48       0x18 build/main.o
                0x08004d48                HAL_TIM_PeriodElapsedCallback
 .text.Error_Handler
                0x08004d60        0x4 build/main.o
                0x08004d60                Error_Handler
 .text.SystemClock_Config
                0x08004d64       0xa4 build/main.o
                0x08004d64                SystemClock_Config
 .text.main     0x08004e08       0x90 build/main.o
                0x08004e08                main
 .text.NMI_Handler
                0x08004e98        0x2 build/stm32f4xx_it.o
                0x08004e98                NMI_Handler
 .text.HardFault_Handler
                0x08004e9a        0x2 build/stm32f4xx_it.o
                0x08004e9a                HardFault_Handler
 .text.MemManage_Handler
                0x08004e9c        0x2 build/stm32f4xx_it.o
                0x08004e9c                MemManage_Handler
 .text.BusFault_Handler
                0x08004e9e        0x2 build/stm32f4xx_it.o
                0x08004e9e                BusFault_Handler
 .text.UsageFault_Handler
                0x08004ea0        0x2 build/stm32f4xx_it.o
                0x08004ea0                UsageFault_Handler
 .text.DebugMon_Handler
                0x08004ea2        0x2 build/stm32f4xx_it.o
                0x08004ea2                DebugMon_Handler
 .text.DMA1_Stream1_IRQHandler
                0x08004ea4       0x10 build/stm32f4xx_it.o
                0x08004ea4                DMA1_Stream1_IRQHandler
 .text.DMA1_Stream3_IRQHandler
                0x08004eb4       0x10 build/stm32f4xx_it.o
                0x08004eb4                DMA1_Stream3_IRQHandler
 .text.TIM2_IRQHandler
                0x08004ec4       0x10 build/stm32f4xx_it.o
                0x08004ec4                TIM2_IRQHandler
 .text.USART3_IRQHandler
                0x08004ed4       0x18 build/stm32f4xx_it.o
                0x08004ed4                USART3_IRQHandler
 .text.TIM8_TRG_COM_TIM14_IRQHandler
                0x08004eec       0x10 build/stm32f4xx_it.o
                0x08004eec                TIM8_TRG_COM_TIM14_IRQHandler
 .text.TIM6_DAC_IRQHandler
                0x08004efc       0x10 build/stm32f4xx_it.o
                0x08004efc                TIM6_DAC_IRQHandler
 .text.HAL_MspInit
                0x08004f0c       0x44 build/stm32f4xx_hal_msp.o
                0x08004f0c                HAL_MspInit
 .text.HAL_RCC_OscConfig
                0x08004f50      0x3f8 build/stm32f4xx_hal_rcc.o
                0x08004f50                HAL_RCC_OscConfig
 .text.HAL_RCC_GetSysClockFreq
                0x08005348       0xa8 build/stm32f4xx_hal_rcc.o
                0x08005348                HAL_RCC_GetSysClockFreq
 .text.HAL_RCC_ClockConfig
                0x080053f0      0x160 build/stm32f4xx_hal_rcc.o
                0x080053f0                HAL_RCC_ClockConfig
 .text.HAL_RCC_GetHCLKFreq
                0x08005550        0xc build/stm32f4xx_hal_rcc.o
                0x08005550                HAL_RCC_GetHCLKFreq
 .text.HAL_RCC_GetPCLK1Freq
                0x0800555c       0x20 build/stm32f4xx_hal_rcc.o
                0x0800555c                HAL_RCC_GetPCLK1Freq
 .text.HAL_RCC_GetPCLK2Freq
                0x0800557c       0x20 build/stm32f4xx_hal_rcc.o
                0x0800557c                HAL_RCC_GetPCLK2Freq
 .text.HAL_RCC_GetClockConfig
                0x0800559c       0x3c build/stm32f4xx_hal_rcc.o
                0x0800559c                HAL_RCC_GetClockConfig
 .text.HAL_GPIO_Init
                0x080055d8      0x1ec build/stm32f4xx_hal_gpio.o
                0x080055d8                HAL_GPIO_Init
 .text.DMA_SetConfig
                0x080057c4       0x2c build/stm32f4xx_hal_dma.o
 .text.DMA_CalcBaseAndBitshift
                0x080057f0       0x3c build/stm32f4xx_hal_dma.o
 .text.DMA_CheckFifoParam
                0x0800582c       0x8e build/stm32f4xx_hal_dma.o
 *fill*         0x080058ba        0x2 
 .text.HAL_DMA_Init
                0x080058bc       0xcc build/stm32f4xx_hal_dma.o
                0x080058bc                HAL_DMA_Init
 .text.HAL_DMA_Start_IT
                0x08005988       0x6a build/stm32f4xx_hal_dma.o
                0x08005988                HAL_DMA_Start_IT
 .text.HAL_DMA_Abort
                0x080059f2       0x94 build/stm32f4xx_hal_dma.o
                0x080059f2                HAL_DMA_Abort
 .text.HAL_DMA_Abort_IT
                0x08005a86       0x26 build/stm32f4xx_hal_dma.o
                0x08005a86                HAL_DMA_Abort_IT
 .text.HAL_DMA_IRQHandler
                0x08005aac      0x1dc build/stm32f4xx_hal_dma.o
                0x08005aac                HAL_DMA_IRQHandler
 .text.__NVIC_EnableIRQ
                0x08005c88       0x1c build/stm32f4xx_hal_cortex.o
 .text.__NVIC_SetPriority
                0x08005ca4       0x28 build/stm32f4xx_hal_cortex.o
 .text.NVIC_EncodePriority
                0x08005ccc       0x3e build/stm32f4xx_hal_cortex.o
 *fill*         0x08005d0a        0x2 
 .text.HAL_NVIC_SetPriorityGrouping
                0x08005d0c       0x24 build/stm32f4xx_hal_cortex.o
                0x08005d0c                HAL_NVIC_SetPriorityGrouping
 .text.HAL_NVIC_SetPriority
                0x08005d30       0x20 build/stm32f4xx_hal_cortex.o
                0x08005d30                HAL_NVIC_SetPriority
 .text.HAL_NVIC_EnableIRQ
                0x08005d50        0x8 build/stm32f4xx_hal_cortex.o
                0x08005d50                HAL_NVIC_EnableIRQ
 .text.HAL_Init
                0x08005d58       0x34 build/stm32f4xx_hal.o
                0x08005d58                HAL_Init
 .text.HAL_IncTick
                0x08005d8c       0x18 build/stm32f4xx_hal.o
                0x08005d8c                HAL_IncTick
 .text.HAL_GetTick
                0x08005da4        0xc build/stm32f4xx_hal.o
                0x08005da4                HAL_GetTick
 .text.HAL_Delay
                0x08005db0       0x28 build/stm32f4xx_hal.o
                0x08005db0                HAL_Delay
 .text.SystemInit
                0x08005dd8       0x14 build/system_stm32f4xx.o
                0x08005dd8                SystemInit
 .text.TIM_OC1_SetConfig
                0x08005dec       0x70 build/stm32f4xx_hal_tim.o
 .text.TIM_OC3_SetConfig
                0x08005e5c       0x70 build/stm32f4xx_hal_tim.o
 .text.TIM_OC4_SetConfig
                0x08005ecc       0x50 build/stm32f4xx_hal_tim.o
 .text.HAL_TIM_Base_Start_IT
                0x08005f1c       0x88 build/stm32f4xx_hal_tim.o
                0x08005f1c                HAL_TIM_Base_Start_IT
 .text.HAL_TIM_OC_DelayElapsedCallback
                0x08005fa4        0x2 build/stm32f4xx_hal_tim.o
                0x08005fa4                HAL_TIM_OC_DelayElapsedCallback
 .text.HAL_TIM_IC_CaptureCallback
                0x08005fa6        0x2 build/stm32f4xx_hal_tim.o
                0x08005fa6                HAL_TIM_IC_CaptureCallback
 .text.HAL_TIM_PWM_PulseFinishedCallback
                0x08005fa8        0x2 build/stm32f4xx_hal_tim.o
                0x08005fa8                HAL_TIM_PWM_PulseFinishedCallback
 .text.HAL_TIM_TriggerCallback
                0x08005faa        0x2 build/stm32f4xx_hal_tim.o
                0x08005faa                HAL_TIM_TriggerCallback
 .text.HAL_TIM_IRQHandler
                0x08005fac      0x15e build/stm32f4xx_hal_tim.o
                0x08005fac                HAL_TIM_IRQHandler
 *fill*         0x0800610a        0x2 
 .text.TIM_Base_SetConfig
                0x0800610c       0xd0 build/stm32f4xx_hal_tim.o
                0x0800610c                TIM_Base_SetConfig
 .text.HAL_TIM_Base_Init
                0x080061dc       0x58 build/stm32f4xx_hal_tim.o
                0x080061dc                HAL_TIM_Base_Init
 .text.HAL_TIM_PWM_Init
                0x08006234       0x58 build/stm32f4xx_hal_tim.o
                0x08006234                HAL_TIM_PWM_Init
 .text.HAL_TIM_Encoder_Init
                0x0800628c       0xb0 build/stm32f4xx_hal_tim.o
                0x0800628c                HAL_TIM_Encoder_Init
 .text.TIM_OC2_SetConfig
                0x0800633c       0x70 build/stm32f4xx_hal_tim.o
                0x0800633c                TIM_OC2_SetConfig
 .text.HAL_TIM_PWM_ConfigChannel
                0x080063ac       0xdc build/stm32f4xx_hal_tim.o
                0x080063ac                HAL_TIM_PWM_ConfigChannel
 .text.TIM_CCxChannelCmd
                0x08006488       0x1e build/stm32f4xx_hal_tim.o
                0x08006488                TIM_CCxChannelCmd
 *fill*         0x080064a6        0x2 
 .text.HAL_TIM_PWM_Start
                0x080064a8      0x104 build/stm32f4xx_hal_tim.o
                0x080064a8                HAL_TIM_PWM_Start
 .text.HAL_TIM_Encoder_Start
                0x080065ac       0xcc build/stm32f4xx_hal_tim.o
                0x080065ac                HAL_TIM_Encoder_Start
 .text.HAL_TIMEx_MasterConfigSynchronization
                0x08006678       0x8c build/stm32f4xx_hal_tim_ex.o
                0x08006678                HAL_TIMEx_MasterConfigSynchronization
 .text.HAL_TIMEx_ConfigBreakDeadTime
                0x08006704       0x52 build/stm32f4xx_hal_tim_ex.o
                0x08006704                HAL_TIMEx_ConfigBreakDeadTime
 .text.HAL_TIMEx_CommutCallback
                0x08006756        0x2 build/stm32f4xx_hal_tim_ex.o
                0x08006756                HAL_TIMEx_CommutCallback
 .text.HAL_TIMEx_BreakCallback
                0x08006758        0x2 build/stm32f4xx_hal_tim_ex.o
                0x08006758                HAL_TIMEx_BreakCallback
 .text.UART_EndTxTransfer
                0x0800675a       0x20 build/stm32f4xx_hal_uart.o
 .text.UART_EndRxTransfer
                0x0800677a       0x5c build/stm32f4xx_hal_uart.o
 .text.UART_Transmit_IT
                0x080067d6       0x60 build/stm32f4xx_hal_uart.o
 *fill*         0x08006836        0x2 
 .text.UART_SetConfig
                0x08006838      0x110 build/stm32f4xx_hal_uart.o
 .text.UART_WaitOnFlagUntilTimeout
                0x08006948       0x86 build/stm32f4xx_hal_uart.o
 .text.HAL_UART_Init
                0x080069ce       0x60 build/stm32f4xx_hal_uart.o
                0x080069ce                HAL_UART_Init
 .text.HAL_UART_Transmit
                0x08006a2e       0xcc build/stm32f4xx_hal_uart.o
                0x08006a2e                HAL_UART_Transmit
 *fill*         0x08006afa        0x2 
 .text.HAL_UART_Transmit_DMA
                0x08006afc       0x90 build/stm32f4xx_hal_uart.o
                0x08006afc                HAL_UART_Transmit_DMA
 .text.HAL_UART_DMAStop
                0x08006b8c       0x84 build/stm32f4xx_hal_uart.o
                0x08006b8c                HAL_UART_DMAStop
 .text.UART_DMATransmitCplt
                0x08006c10       0x4c build/stm32f4xx_hal_uart.o
 .text.UART_EndTransmit_IT
                0x08006c5c       0x1a build/stm32f4xx_hal_uart.o
 .text.HAL_UART_TxHalfCpltCallback
                0x08006c76        0x2 build/stm32f4xx_hal_uart.o
                0x08006c76                HAL_UART_TxHalfCpltCallback
 .text.UART_DMATxHalfCplt
                0x08006c78        0xa build/stm32f4xx_hal_uart.o
 .text.HAL_UART_RxCpltCallback
                0x08006c82        0x2 build/stm32f4xx_hal_uart.o
                0x08006c82                HAL_UART_RxCpltCallback
 .text.HAL_UART_RxHalfCpltCallback
                0x08006c84        0x2 build/stm32f4xx_hal_uart.o
                0x08006c84                HAL_UART_RxHalfCpltCallback
 .text.HAL_UART_ErrorCallback
                0x08006c86        0x2 build/stm32f4xx_hal_uart.o
                0x08006c86                HAL_UART_ErrorCallback
 .text.UART_DMAError
                0x08006c88       0x58 build/stm32f4xx_hal_uart.o
 .text.UART_DMAAbortOnError
                0x08006ce0        0xe build/stm32f4xx_hal_uart.o
 .text.HAL_UARTEx_RxEventCallback
                0x08006cee        0x2 build/stm32f4xx_hal_uart.o
                0x08006cee                HAL_UARTEx_RxEventCallback
 .text.UART_Receive_IT
                0x08006cf0       0xe6 build/stm32f4xx_hal_uart.o
 *fill*         0x08006dd6        0x2 
 .text.HAL_UART_IRQHandler
                0x08006dd8      0x2a0 build/stm32f4xx_hal_uart.o
                0x08006dd8                HAL_UART_IRQHandler
 .text.UART_DMARxHalfCplt
                0x08007078       0x1e build/stm32f4xx_hal_uart.o
 .text.UART_DMAReceiveCplt
                0x08007096       0x9a build/stm32f4xx_hal_uart.o
 .text.UART_Start_Receive_DMA
                0x08007130       0xb8 build/stm32f4xx_hal_uart.o
                0x08007130                UART_Start_Receive_DMA
 .text.HAL_UART_Receive_DMA
                0x080071e8       0x26 build/stm32f4xx_hal_uart.o
                0x080071e8                HAL_UART_Receive_DMA
 *fill*         0x0800720e        0x2 
 .text.MX_GPIO_Init
                0x08007210       0x74 build/gpio.o
                0x08007210                MX_GPIO_Init
 .text.MX_TIM2_Init
                0x08007284       0x64 build/tim.o
                0x08007284                MX_TIM2_Init
 .text.MX_TIM3_Init
                0x080072e8       0x64 build/tim.o
                0x080072e8                MX_TIM3_Init
 .text.MX_TIM4_Init
                0x0800734c       0x64 build/tim.o
                0x0800734c                MX_TIM4_Init
 .text.MX_TIM5_Init
                0x080073b0       0x64 build/tim.o
                0x080073b0                MX_TIM5_Init
 .text.MX_TIM6_Init
                0x08007414       0x50 build/tim.o
                0x08007414                MX_TIM6_Init
 .text.HAL_TIM_PWM_MspInit
                0x08007464       0x54 build/tim.o
                0x08007464                HAL_TIM_PWM_MspInit
 .text.HAL_TIM_Encoder_MspInit
                0x080074b8      0x18c build/tim.o
                0x080074b8                HAL_TIM_Encoder_MspInit
 .text.HAL_TIM_Base_MspInit
                0x08007644       0x8c build/tim.o
                0x08007644                HAL_TIM_Base_MspInit
 .text.HAL_TIM_MspPostInit
                0x080076d0      0x10c build/tim.o
                0x080076d0                HAL_TIM_MspPostInit
 .text.MX_TIM1_Init
                0x080077dc       0xf0 build/tim.o
                0x080077dc                MX_TIM1_Init
 .text.MX_TIM9_Init
                0x080078cc       0x7c build/tim.o
                0x080078cc                MX_TIM9_Init
 .text.MX_TIM10_Init
                0x08007948       0x74 build/tim.o
                0x08007948                MX_TIM10_Init
 .text.MX_TIM11_Init
                0x080079bc       0x74 build/tim.o
                0x080079bc                MX_TIM11_Init
 .text.MX_USART3_UART_Init
                0x08007a30       0x34 build/usart.o
                0x08007a30                MX_USART3_UART_Init
 .text.HAL_UART_MspInit
                0x08007a64      0x108 build/usart.o
                0x08007a64                HAL_UART_MspInit
 .text.UART_Start_DMA_Receive
                0x08007b6c       0x14 build/uart_driver.o
                0x08007b6c                UART_Start_DMA_Receive
 .text.UART_IDLE_Process
                0x08007b80       0x74 build/uart_driver.o
                0x08007b80                UART_IDLE_Process
 .text.Motor_Init
                0x08007bf4       0x7a build/encodermotor.o
                0x08007bf4                Motor_Init
 .text.Motor_SetPWM
                0x08007c6e      0x138 build/encodermotor.o
                0x08007c6e                Motor_SetPWM
 *fill*         0x08007da6        0x2 
 .text.Motor_Encoder_Init
                0x08007da8       0x24 build/encodermotor.o
                0x08007da8                Motor_Encoder_Init
 .text.StartDefaultTask
                0x08007dcc       0x7c build/freertos.o
                0x08007dcc                StartDefaultTask
 .text.MX_FREERTOS_Init
                0x08007e48       0xb4 build/freertos.o
                0x08007e48                MX_FREERTOS_Init
 .text.HAL_InitTick
                0x08007efc       0xa4 build/stm32f4xx_hal_timebase_tim.o
                0x08007efc                HAL_InitTick
 .text.vListInitialise
                0x08007fa0       0x16 build/list.o
                0x08007fa0                vListInitialise
 .text.vListInitialiseItem
                0x08007fb6        0x6 build/list.o
                0x08007fb6                vListInitialiseItem
 .text.vListInsertEnd
                0x08007fbc       0x16 build/list.o
                0x08007fbc                vListInsertEnd
 .text.vListInsert
                0x08007fd2       0x32 build/list.o
                0x08007fd2                vListInsert
 .text.uxListRemove
                0x08008004       0x26 build/list.o
                0x08008004                uxListRemove
 .text.prvGetDisinheritPriorityAfterTimeout
                0x0800802a       0x10 build/queue.o
 .text.prvIsQueueFull
                0x0800803a       0x1e build/queue.o
 .text.prvIsQueueEmpty
                0x08008058       0x1a build/queue.o
 .text.prvCopyDataToQueue
                0x08008072       0x76 build/queue.o
 .text.prvCopyDataFromQueue
                0x080080e8       0x24 build/queue.o
 .text.prvUnlockQueue
                0x0800810c       0x6e build/queue.o
 .text.xQueueGenericReset
                0x0800817a       0x84 build/queue.o
                0x0800817a                xQueueGenericReset
 .text.prvInitialiseNewQueue
                0x080081fe       0x22 build/queue.o
 .text.xQueueGenericCreateStatic
                0x08008220       0x94 build/queue.o
                0x08008220                xQueueGenericCreateStatic
 .text.xQueueGenericCreate
                0x080082b4       0x48 build/queue.o
                0x080082b4                xQueueGenericCreate
 .text.xQueueCreateCountingSemaphoreStatic
                0x080082fc       0x46 build/queue.o
                0x080082fc                xQueueCreateCountingSemaphoreStatic
 .text.xQueueCreateCountingSemaphore
                0x08008342       0x3c build/queue.o
                0x08008342                xQueueCreateCountingSemaphore
 .text.xQueueGenericSend
                0x0800837e      0x188 build/queue.o
                0x0800837e                xQueueGenericSend
 .text.xQueueGenericSendFromISR
                0x08008506       0xce build/queue.o
                0x08008506                xQueueGenericSendFromISR
 .text.xQueueGiveFromISR
                0x080085d4       0xb2 build/queue.o
                0x080085d4                xQueueGiveFromISR
 .text.xQueueReceive
                0x08008686      0x15e build/queue.o
                0x08008686                xQueueReceive
 .text.xQueueSemaphoreTake
                0x080087e4      0x1a6 build/queue.o
                0x080087e4                xQueueSemaphoreTake
 .text.xQueueReceiveFromISR
                0x0800898a       0xae build/queue.o
                0x0800898a                xQueueReceiveFromISR
 .text.vQueueAddToRegistry
                0x08008a38       0x28 build/queue.o
                0x08008a38                vQueueAddToRegistry
 .text.vQueueUnregisterQueue
                0x08008a60       0x2c build/queue.o
                0x08008a60                vQueueUnregisterQueue
 .text.vQueueDelete
                0x08008a8c       0x2c build/queue.o
                0x08008a8c                vQueueDelete
 .text.vQueueWaitForMessageRestricted
                0x08008ab8       0x52 build/queue.o
                0x08008ab8                vQueueWaitForMessageRestricted
 *fill*         0x08008b0a        0x2 
 .text.prvResetNextTaskUnblockTime
                0x08008b0c       0x2c build/tasks.o
 .text.prvInitialiseNewTask
                0x08008b38       0xa2 build/tasks.o
 *fill*         0x08008bda        0x2 
 .text.prvInitialiseTaskLists
                0x08008bdc       0x68 build/tasks.o
 .text.prvAddNewTaskToReadyList
                0x08008c44       0xac build/tasks.o
 .text.prvDeleteTCB
                0x08008cf0       0x38 build/tasks.o
 .text.prvCheckTasksWaitingTermination
                0x08008d28       0x4c build/tasks.o
 .text.prvIdleTask
                0x08008d74       0x28 build/tasks.o
 .text.prvAddCurrentTaskToDelayedList
                0x08008d9c       0x7c build/tasks.o
 .text.xTaskCreateStatic
                0x08008e18       0x76 build/tasks.o
                0x08008e18                xTaskCreateStatic
 .text.xTaskCreate
                0x08008e8e       0x64 build/tasks.o
                0x08008e8e                xTaskCreate
 *fill*         0x08008ef2        0x2 
 .text.vTaskStartScheduler
                0x08008ef4       0x98 build/tasks.o
                0x08008ef4                vTaskStartScheduler
 .text.vTaskSuspendAll
                0x08008f8c       0x10 build/tasks.o
                0x08008f8c                vTaskSuspendAll
 .text.xTaskGetTickCount
                0x08008f9c        0xc build/tasks.o
                0x08008f9c                xTaskGetTickCount
 .text.xTaskIncrementTick
                0x08008fa8      0x118 build/tasks.o
                0x08008fa8                xTaskIncrementTick
 .text.xTaskResumeAll
                0x080090c0       0xf8 build/tasks.o
                0x080090c0                xTaskResumeAll
 .text.vTaskDelay
                0x080091b8       0x4c build/tasks.o
                0x080091b8                vTaskDelay
 .text.vTaskSwitchContext
                0x08009204       0x98 build/tasks.o
                0x08009204                vTaskSwitchContext
 .text.vTaskPlaceOnEventList
                0x0800929c       0x30 build/tasks.o
                0x0800929c                vTaskPlaceOnEventList
 .text.vTaskPlaceOnEventListRestricted
                0x080092cc       0x38 build/tasks.o
                0x080092cc                vTaskPlaceOnEventListRestricted
 .text.xTaskRemoveFromEventList
                0x08009304       0x8c build/tasks.o
                0x08009304                xTaskRemoveFromEventList
 .text.vTaskInternalSetTimeOutState
                0x08009390       0x18 build/tasks.o
                0x08009390                vTaskInternalSetTimeOutState
 .text.xTaskCheckForTimeOut
                0x080093a8       0x84 build/tasks.o
                0x080093a8                xTaskCheckForTimeOut
 .text.vTaskMissedYield
                0x0800942c        0xc build/tasks.o
                0x0800942c                vTaskMissedYield
 .text.xTaskGetCurrentTaskHandle
                0x08009438        0xc build/tasks.o
                0x08009438                xTaskGetCurrentTaskHandle
 .text.xTaskGetSchedulerState
                0x08009444       0x20 build/tasks.o
                0x08009444                xTaskGetSchedulerState
 .text.xTaskPriorityInherit
                0x08009464       0x98 build/tasks.o
                0x08009464                xTaskPriorityInherit
 .text.xTaskPriorityDisinherit
                0x080094fc       0x90 build/tasks.o
                0x080094fc                xTaskPriorityDisinherit
 .text.vTaskPriorityDisinheritAfterTimeout
                0x0800958c       0xa0 build/tasks.o
                0x0800958c                vTaskPriorityDisinheritAfterTimeout
 .text.pvTaskIncrementMutexHeldCount
                0x0800962c       0x1c build/tasks.o
                0x0800962c                pvTaskIncrementMutexHeldCount
 .text.xTaskNotifyWait
                0x08009648       0x98 build/tasks.o
                0x08009648                xTaskNotifyWait
 .text.xTaskGenericNotify
                0x080096e0       0xf8 build/tasks.o
                0x080096e0                xTaskGenericNotify
 .text.xTaskGenericNotifyFromISR
                0x080097d8      0x128 build/tasks.o
                0x080097d8                xTaskGenericNotifyFromISR
 .text.prvGetNextExpireTime
                0x08009900       0x20 build/timers.o
 .text.prvInsertTimerInActiveList
                0x08009920       0x48 build/timers.o
 .text.prvCheckForValidListAndQueue
                0x08009968       0x70 build/timers.o
 .text.xTimerCreateTimerTask
                0x080099d8       0x64 build/timers.o
                0x080099d8                xTimerCreateTimerTask
 .text.xTimerGenericCommand
                0x08009a3c       0x6c build/timers.o
                0x08009a3c                xTimerGenericCommand
 .text.prvSwitchTimerLists
                0x08009aa8       0x7c build/timers.o
 .text.prvSampleTimeNow
                0x08009b24       0x2c build/timers.o
 .text.prvProcessExpiredTimer
                0x08009b50       0x6c build/timers.o
 .text.prvProcessTimerOrBlockTask
                0x08009bbc       0x74 build/timers.o
 .text.prvProcessReceivedCommands
                0x08009c30      0x10c build/timers.o
 .text.prvTimerTask
                0x08009d3c       0x16 build/timers.o
 .text.SysTick_Handler
                0x08009d52       0x18 build/cmsis_os2.o
                0x08009d52                SysTick_Handler
 *fill*         0x08009d6a        0x2 
 .text.osKernelInitialize
                0x08009d6c       0x24 build/cmsis_os2.o
                0x08009d6c                osKernelInitialize
 .text.osKernelStart
                0x08009d90       0x38 build/cmsis_os2.o
                0x08009d90                osKernelStart
 .text.osThreadNew
                0x08009dc8       0xbc build/cmsis_os2.o
                0x08009dc8                osThreadNew
 .text.osDelay  0x08009e84       0x1c build/cmsis_os2.o
                0x08009e84                osDelay
 .text.osSemaphoreNew
                0x08009ea0       0xb2 build/cmsis_os2.o
                0x08009ea0                osSemaphoreNew
 .text.osMessageQueueNew
                0x08009f52       0x96 build/cmsis_os2.o
                0x08009f52                osMessageQueueNew
 .text.osMessageQueuePut
                0x08009fe8       0x84 build/cmsis_os2.o
                0x08009fe8                osMessageQueuePut
 .text.osMessageQueueGet
                0x0800a06c       0x82 build/cmsis_os2.o
                0x0800a06c                osMessageQueueGet
 *fill*         0x0800a0ee        0x2 
 .text.vApplicationGetIdleTaskMemory
                0x0800a0f0       0x18 build/cmsis_os2.o
                0x0800a0f0                vApplicationGetIdleTaskMemory
 .text.vApplicationGetTimerTaskMemory
                0x0800a108       0x18 build/cmsis_os2.o
                0x0800a108                vApplicationGetTimerTaskMemory
 .text.prvHeapInit
                0x0800a120       0x64 build/heap_4.o
 .text.prvInsertBlockIntoFreeList
                0x0800a184       0x64 build/heap_4.o
 .text.pvPortMalloc
                0x0800a1e8      0x104 build/heap_4.o
                0x0800a1e8                pvPortMalloc
 .text.vPortFree
                0x0800a2ec       0x7c build/heap_4.o
                0x0800a2ec                vPortFree
 .text.prvTaskExitError
                0x0800a368       0x40 build/port.o
 .text.prvPortStartFirstTask
                0x0800a3a8       0x28 build/port.o
 .text.vPortEnableVFP
                0x0800a3d0       0x14 build/port.o
 .text.pxPortInitialiseStack
                0x0800a3e4       0x2c build/port.o
                0x0800a3e4                pxPortInitialiseStack
 .text.SVC_Handler
                0x0800a410       0x24 build/port.o
                0x0800a410                SVC_Handler
 .text.vPortEnterCritical
                0x0800a434       0x44 build/port.o
                0x0800a434                vPortEnterCritical
 .text.vPortExitCritical
                0x0800a478       0x2c build/port.o
                0x0800a478                vPortExitCritical
 *fill*         0x0800a4a4        0xc 
 .text.PendSV_Handler
                0x0800a4b0       0x64 build/port.o
                0x0800a4b0                PendSV_Handler
 .text.xPortSysTickHandler
                0x0800a514       0x2c build/port.o
                0x0800a514                xPortSysTickHandler
 .text.vPortSetupTimerInterrupt
                0x0800a540       0x28 build/port.o
                0x0800a540                vPortSetupTimerInterrupt
 .text.xPortStartScheduler
                0x0800a568      0x118 build/port.o
                0x0800a568                xPortStartScheduler
 .text.vPortValidateInterruptPriority
                0x0800a680       0x5c build/port.o
                0x0800a680                vPortValidateInterruptPriority
 .text.MX_DMA_Init
                0x0800a6dc       0x44 build/dma.o
                0x0800a6dc                MX_DMA_Init
 .text._sbrk    0x0800a720       0x48 build/sysmem.o
                0x0800a720                _sbrk
 .text.StartUartRxTask
                0x0800a768       0x70 build/uart_tasks.o
                0x0800a768                StartUartRxTask
 .text.StartUartTxTask
                0x0800a7d8       0x48 build/uart_tasks.o
                0x0800a7d8                StartUartTxTask
 .text.HAL_UART_TxCpltCallback
                0x0800a820       0x48 build/uart_tasks.o
                0x0800a820                HAL_UART_TxCpltCallback
 .text.StartMPU6050Task
                0x0800a868        0xa build/uart_tasks.o
                0x0800a868                StartMPU6050Task
 *fill*         0x0800a872        0x2 
 .text.ENCODER_Read_Value_Simulate
                0x0800a874       0x10 build/motor_task.o
                0x0800a874                ENCODER_Read_Value_Simulate
 .text.MotorTask_SendReport
                0x0800a884       0x38 build/motor_task.o
 .text.StartMotorTask
                0x0800a8bc       0x4c build/motor_task.o
                0x0800a8bc                StartMotorTask
 .text.Protocol_CalculateCRC16
                0x0800a908       0x38 build/protocal.o
                0x0800a908                Protocol_CalculateCRC16
 .text.Protocol_PackFrame
                0x0800a940       0x3c build/protocal.o
                0x0800a940                Protocol_PackFrame
 .text.Protocol_ParseFrame
                0x0800a97c       0x56 build/protocal.o
                0x0800a97c                Protocol_ParseFrame
 *fill*         0x0800a9d2        0x2 
 .text.Protocol_SendACK
                0x0800a9d4       0x30 build/protocal.o
                0x0800a9d4                Protocol_SendACK
 .text.Protocol_DispatchCommand
                0x0800aa04       0x40 build/protocal.o
                0x0800aa04                Protocol_DispatchCommand
 .text._getpid  0x0800aa44        0x4 build/syscalls.o
                0x0800aa44                _getpid
 .text._kill    0x0800aa48       0x10 build/syscalls.o
                0x0800aa48                _kill
 .text._exit    0x0800aa58        0xc build/syscalls.o
                0x0800aa58                _exit
 .text._read    0x0800aa64       0x20 build/syscalls.o
                0x0800aa64                _read
 .text._close   0x0800aa84        0x6 build/syscalls.o
                0x0800aa84                _close
 .text._fstat   0x0800aa8a        0xa build/syscalls.o
                0x0800aa8a                _fstat
 .text._isatty  0x0800aa94        0x4 build/syscalls.o
                0x0800aa94                _isatty
 .text._lseek   0x0800aa98        0x4 build/syscalls.o
                0x0800aa98                _lseek
 .text.Reset_Handler
                0x0800aa9c       0x50 build/startup_stm32f407xx.o
                0x0800aa9c                Reset_Handler
 .text.Default_Handler
                0x0800aaec        0x2 build/startup_stm32f407xx.o
                0x0800aaec                RTC_Alarm_IRQHandler
                0x0800aaec                HASH_RNG_IRQHandler
                0x0800aaec                EXTI2_IRQHandler
                0x0800aaec                TIM8_CC_IRQHandler
                0x0800aaec                TIM1_CC_IRQHandler
                0x0800aaec                DMA2_Stream5_IRQHandler
                0x0800aaec                DMA1_Stream5_IRQHandler
                0x0800aaec                PVD_IRQHandler
                0x0800aaec                SDIO_IRQHandler
                0x0800aaec                TAMP_STAMP_IRQHandler
                0x0800aaec                CAN2_RX1_IRQHandler
                0x0800aaec                EXTI3_IRQHandler
                0x0800aaec                TIM1_UP_TIM10_IRQHandler
                0x0800aaec                TIM8_UP_TIM13_IRQHandler
                0x0800aaec                I2C3_ER_IRQHandler
                0x0800aaec                EXTI0_IRQHandler
                0x0800aaec                I2C2_EV_IRQHandler
                0x0800aaec                DMA1_Stream2_IRQHandler
                0x0800aaec                CAN1_RX0_IRQHandler
                0x0800aaec                FPU_IRQHandler
                0x0800aaec                OTG_HS_WKUP_IRQHandler
                0x0800aaec                CAN2_SCE_IRQHandler
                0x0800aaec                DMA2_Stream2_IRQHandler
                0x0800aaec                SPI1_IRQHandler
                0x0800aaec                TIM1_BRK_TIM9_IRQHandler
                0x0800aaec                DCMI_IRQHandler
                0x0800aaec                CAN2_RX0_IRQHandler
                0x0800aaec                DMA2_Stream3_IRQHandler
                0x0800aaec                USART6_IRQHandler
                0x0800aaec                CAN1_RX1_IRQHandler
                0x0800aaec                UART5_IRQHandler
                0x0800aaec                DMA2_Stream0_IRQHandler
                0x0800aaec                TIM4_IRQHandler
                0x0800aaec                I2C1_EV_IRQHandler
                0x0800aaec                DMA1_Stream6_IRQHandler
                0x0800aaec                UART4_IRQHandler
                0x0800aaec                TIM3_IRQHandler
                0x0800aaec                RCC_IRQHandler
                0x0800aaec                TIM8_BRK_TIM12_IRQHandler
                0x0800aaec                Default_Handler
                0x0800aaec                EXTI15_10_IRQHandler
                0x0800aaec                ADC_IRQHandler
                0x0800aaec                DMA1_Stream7_IRQHandler
                0x0800aaec                TIM7_IRQHandler
                0x0800aaec                CAN2_TX_IRQHandler
                0x0800aaec                TIM5_IRQHandler
                0x0800aaec                DMA2_Stream7_IRQHandler
                0x0800aaec                I2C3_EV_IRQHandler
                0x0800aaec                EXTI9_5_IRQHandler
                0x0800aaec                RTC_WKUP_IRQHandler
                0x0800aaec                ETH_WKUP_IRQHandler
                0x0800aaec                SPI2_IRQHandler
                0x0800aaec                OTG_HS_EP1_IN_IRQHandler
                0x0800aaec                DMA1_Stream0_IRQHandler
                0x0800aaec                CAN1_TX_IRQHandler
                0x0800aaec                EXTI4_IRQHandler
                0x0800aaec                FSMC_IRQHandler
                0x0800aaec                ETH_IRQHandler
                0x0800aaec                OTG_HS_EP1_OUT_IRQHandler
                0x0800aaec                WWDG_IRQHandler
                0x0800aaec                OTG_FS_WKUP_IRQHandler
                0x0800aaec                TIM1_TRG_COM_TIM11_IRQHandler
                0x0800aaec                OTG_HS_IRQHandler
                0x0800aaec                EXTI1_IRQHandler
                0x0800aaec                USART2_IRQHandler
                0x0800aaec                I2C2_ER_IRQHandler
                0x0800aaec                DMA2_Stream1_IRQHandler
                0x0800aaec                CAN1_SCE_IRQHandler
                0x0800aaec                FLASH_IRQHandler
                0x0800aaec                DMA2_Stream4_IRQHandler
                0x0800aaec                USART1_IRQHandler
                0x0800aaec                OTG_FS_IRQHandler
                0x0800aaec                SPI3_IRQHandler
                0x0800aaec                DMA1_Stream4_IRQHandler
                0x0800aaec                I2C1_ER_IRQHandler
                0x0800aaec                DMA2_Stream6_IRQHandler
 *(.glue_7)
 .glue_7        0x0800aaee        0x0 linker stubs
 *(.glue_7t)
 .glue_7t       0x0800aaee        0x0 linker stubs
 *(.eh_frame)
 *fill*         0x0800aaee        0x2 
 .eh_frame      0x0800aaf0        0x0 /usr/lib/gcc/arm-none-eabi/13.2.1/thumb/v7e-m+fp/hard/crtbegin.o
 *(.init)
 .init          0x0800aaf0        0x4 /usr/lib/gcc/arm-none-eabi/13.2.1/thumb/v7e-m+fp/hard/crti.o
                0x0800aaf0                _init
 .init          0x0800aaf4        0x8 /usr/lib/gcc/arm-none-eabi/13.2.1/thumb/v7e-m+fp/hard/crtn.o
 *(.fini)
 .fini          0x0800aafc        0x4 /usr/lib/gcc/arm-none-eabi/13.2.1/thumb/v7e-m+fp/hard/crti.o
                0x0800aafc                _fini
 .fini          0x0800ab00        0x8 /usr/lib/gcc/arm-none-eabi/13.2.1/thumb/v7e-m+fp/hard/crtn.o
                0x0800ab08                        . = ALIGN (0x4)
                0x0800ab08                        _etext = .

.vfp11_veneer   0x0800ab08        0x0
 .vfp11_veneer  0x0800ab08        0x0 linker stubs

.v4_bx          0x0800ab08        0x0
 .v4_bx         0x0800ab08        0x0 linker stubs

.iplt           0x0800ab08        0x0
 .iplt          0x0800ab08        0x0 /usr/lib/gcc/arm-none-eabi/13.2.1/thumb/v7e-m+fp/hard/crtbegin.o

.rodata         0x0800ab08      0x6d4
                0x0800ab08                        . = ALIGN (0x4)
 *(.rodata)
 .rodata        0x0800ab08      0x128 /usr/lib/gcc/arm-none-eabi/13.2.1/../../../arm-none-eabi/lib/thumb/v7e-m+fp/hard/libc_nano.a(libc_a-mprec.o)
                0x0800ab18                __mprec_tens
                0x0800abe0                __mprec_tinytens
                0x0800ac08                __mprec_bigtens
 .rodata        0x0800ac30      0x101 /usr/lib/gcc/arm-none-eabi/13.2.1/../../../arm-none-eabi/lib/thumb/v7e-m+fp/hard/libc_nano.a(libc_a-ctype_.o)
                0x0800ac30                _ctype_
 *(.rodata*)
 *fill*         0x0800ad31        0x3 
 .rodata.flagBitshiftOffset.0
                0x0800ad34        0x8 build/stm32f4xx_hal_dma.o
 .rodata.APBPrescTable
                0x0800ad3c        0x8 build/system_stm32f4xx.o
                0x0800ad3c                APBPrescTable
 .rodata.AHBPrescTable
                0x0800ad44       0x10 build/system_stm32f4xx.o
                0x0800ad44                AHBPrescTable
 .rodata.str1.4
                0x0800ad54      0x1aa build/freertos.o
                                 0x5c (size before relaxing)
 *fill*         0x0800aefe        0x2 
 .rodata.UartTxDoneSemaphore_attributes
                0x0800af00       0x10 build/freertos.o
                0x0800af00                UartTxDoneSemaphore_attributes
 .rodata.UartTxQueue_attributes
                0x0800af10       0x18 build/freertos.o
                0x0800af10                UartTxQueue_attributes
 .rodata.MotorTask_attributes
                0x0800af28       0x24 build/freertos.o
                0x0800af28                MotorTask_attributes
 .rodata.MPU6050Task_attributes
                0x0800af4c       0x24 build/freertos.o
                0x0800af4c                MPU6050Task_attributes
 .rodata.UartTxTask_attributes
                0x0800af70       0x24 build/freertos.o
                0x0800af70                UartTxTask_attributes
 .rodata.UartRxTask_attributes
                0x0800af94       0x24 build/freertos.o
                0x0800af94                UartRxTask_attributes
 .rodata.defaultTask_attributes
                0x0800afb8       0x24 build/freertos.o
                0x0800afb8                defaultTask_attributes
 .rodata.vTaskStartScheduler.str1.4
                0x0800afdc        0x5 build/tasks.o
 .rodata.prvCheckForValidListAndQueue.str1.4
                0x0800afdc        0x5 build/timers.o
 .rodata.xTimerCreateTimerTask.str1.4
                0x0800afdc        0x8 build/timers.o
 .rodata.crc16_table
                0x0800afdc      0x200 build/protocal.o
 .rodata.str1.4
                0x0800b1dc       0x12 /usr/lib/gcc/arm-none-eabi/13.2.1/../../../arm-none-eabi/lib/thumb/v7e-m+fp/hard/libc_nano.a(libc_a-nano-vfprintf_float.o)
 .rodata.str1.4
                0x0800b1dc       0x69 /usr/lib/gcc/arm-none-eabi/13.2.1/../../../arm-none-eabi/lib/thumb/v7e-m+fp/hard/libc_nano.a(libc_a-dtoa.o)
 .rodata.str1.4
                0x0800b1dc       0x25 /usr/lib/gcc/arm-none-eabi/13.2.1/../../../arm-none-eabi/lib/thumb/v7e-m+fp/hard/libc_nano.a(libc_a-nano-vfprintf_i.o)
 .rodata.str1.4
                0x0800b1dc       0x13 /usr/lib/gcc/arm-none-eabi/13.2.1/../../../arm-none-eabi/lib/thumb/v7e-m+fp/hard/libc_nano.a(libc_a-nano-vfprintf.o)
 .rodata.str1.4
                0x0800b1dc       0x43 /usr/lib/gcc/arm-none-eabi/13.2.1/../../../arm-none-eabi/lib/thumb/v7e-m+fp/hard/libc_nano.a(libc_a-assert.o)
 .rodata.str1.4
                0x0800b1dc       0x59 /usr/lib/gcc/arm-none-eabi/13.2.1/../../../arm-none-eabi/lib/thumb/v7e-m+fp/hard/libc_nano.a(libc_a-mprec.o)
 .rodata.str1.4
                0x0800b1dc       0x12 /usr/lib/gcc/arm-none-eabi/13.2.1/../../../arm-none-eabi/lib/thumb/v7e-m+fp/hard/libc_nano.a(libc_a-locale.o)
                0x0800b248                        . = ALIGN (0x4)

.ARM.extab      0x0800b1dc        0x0
                0x0800b1dc                        . = ALIGN (0x4)
 *(.ARM.extab* .gnu.linkonce.armextab.*)
                0x0800b1dc                        . = ALIGN (0x4)

.ARM            0x0800b1dc        0x8
                0x0800b1dc                        . = ALIGN (0x4)
                0x0800b1dc                        __exidx_start = .
 *(.ARM.exidx*)
 .ARM.exidx     0x0800b1dc        0x8 /usr/lib/gcc/arm-none-eabi/13.2.1/../../../arm-none-eabi/lib/thumb/v7e-m+fp/hard/libc_nano.a(libc_a-memcpy.o)
 .ARM.exidx     0x0800b1e4        0x0 /usr/lib/gcc/arm-none-eabi/13.2.1/../../../arm-none-eabi/lib/thumb/v7e-m+fp/hard/libc_nano.a(libc_a-strlen.o)
                                  0x8 (size before relaxing)
 .ARM.exidx     0x0800b1e4        0x0 /usr/lib/gcc/arm-none-eabi/13.2.1/../../../arm-none-eabi/lib/thumb/v7e-m+fp/hard/libc_nano.a(libc_a-memchr.o)
                                  0x8 (size before relaxing)
 .ARM.exidx     0x0800b1e4        0x0 /usr/lib/gcc/arm-none-eabi/13.2.1/thumb/v7e-m+fp/hard/libgcc.a(_udivmoddi4.o)
                                  0x8 (size before relaxing)
                0x0800b1e4                        __exidx_end = .
                0x0800b1e4                        . = ALIGN (0x4)

.preinit_array  0x0800b1e4        0x0
                0x0800b1e4                        . = ALIGN (0x4)
                0x0800b1e4                        PROVIDE (__preinit_array_start = .)
 *(.preinit_array*)
                0x0800b1e4                        PROVIDE (__preinit_array_end = .)
                0x0800b1e4                        . = ALIGN (0x4)

.init_array     0x0800b1e4        0x4
                0x0800b1e4                        . = ALIGN (0x4)
                0x0800b1e4                        PROVIDE (__init_array_start = .)
 *(SORT_BY_NAME(.init_array.*))
 *(.init_array*)
 .init_array    0x0800b1e4        0x4 /usr/lib/gcc/arm-none-eabi/13.2.1/thumb/v7e-m+fp/hard/crtbegin.o
                0x0800b1e8                        PROVIDE (__init_array_end = .)
                0x0800b1e8                        . = ALIGN (0x4)

.fini_array     0x0800b1e8        0x4
                0x0800b1e8                        . = ALIGN (0x4)
                0x0800b1e8                        PROVIDE (__fini_array_start = .)
 *(SORT_BY_NAME(.fini_array.*))
 *(.fini_array*)
 .fini_array    0x0800b1e8        0x4 /usr/lib/gcc/arm-none-eabi/13.2.1/thumb/v7e-m+fp/hard/crtbegin.o
                0x0800b1ec                        PROVIDE (__fini_array_end = .)
                0x0800b1ec                        . = ALIGN (0x4)
                0x0800b1ec                        _sidata = LOADADDR (.data)

.rel.dyn        0x0800b1ec        0x0
 .rel.iplt      0x0800b1ec        0x0 /usr/lib/gcc/arm-none-eabi/13.2.1/thumb/v7e-m+fp/hard/crtbegin.o

.data           0x20000000      0x2a8 load address 0x0800b1ec
                0x20000000                        . = ALIGN (0x4)
                0x20000000                        _sdata = .
 *(.data)
 .data          0x20000000       0x50 /usr/lib/gcc/arm-none-eabi/13.2.1/../../../arm-none-eabi/lib/thumb/v7e-m+fp/hard/libc_nano.a(libc_a-impure.o)
                0x20000000                _impure_ptr
                0x20000004                _impure_data
 .data          0x20000050        0xc /usr/lib/gcc/arm-none-eabi/13.2.1/../../../arm-none-eabi/lib/thumb/v7e-m+fp/hard/libc_nano.a(libc_a-findfp.o)
                0x20000050                __sglue
 .data          0x2000005c      0x16c /usr/lib/gcc/arm-none-eabi/13.2.1/../../../arm-none-eabi/lib/thumb/v7e-m+fp/hard/libc_nano.a(libc_a-locale.o)
                0x2000005c                __global_locale
 *(.data*)
 .data.uwTickFreq
                0x200001c8        0x1 build/stm32f4xx_hal.o
                0x200001c8                uwTickFreq
 *fill*         0x200001c9        0x3 
 .data.uwTickPrio
                0x200001cc        0x4 build/stm32f4xx_hal.o
                0x200001cc                uwTickPrio
 .data.SystemCoreClock
                0x200001d0        0x4 build/system_stm32f4xx.o
                0x200001d0                SystemCoreClock
 .data.Motor_D  0x200001d4       0x34 build/encodermotor.o
                0x200001d4                Motor_D
 .data.Motor_C  0x20000208       0x34 build/encodermotor.o
                0x20000208                Motor_C
 .data.Motor_B  0x2000023c       0x34 build/encodermotor.o
                0x2000023c                Motor_B
 .data.Motor_A  0x20000270       0x34 build/encodermotor.o
                0x20000270                Motor_A
 .data.uxCriticalNesting
                0x200002a4        0x4 build/port.o
 *(.RamFunc)
 *(.RamFunc*)
                0x200002a8                        . = ALIGN (0x4)
                0x200002a8                        _edata = .
                0x0800b494                        _siccmram = LOADADDR (.ccmram)

.tm_clone_table
                0x200002a8        0x0 load address 0x0800b494
 .tm_clone_table
                0x200002a8        0x0 /usr/lib/gcc/arm-none-eabi/13.2.1/thumb/v7e-m+fp/hard/crtbegin.o
 .tm_clone_table
                0x200002a8        0x0 /usr/lib/gcc/arm-none-eabi/13.2.1/thumb/v7e-m+fp/hard/crtend.o

.igot.plt       0x200002a8        0x0 load address 0x0800b494
 .igot.plt      0x200002a8        0x0 /usr/lib/gcc/arm-none-eabi/13.2.1/thumb/v7e-m+fp/hard/crtbegin.o

.ccmram         0x10000000        0x0 load address 0x0800b494
                0x10000000                        . = ALIGN (0x4)
                0x10000000                        _sccmram = .
 *(.ccmram)
 *(.ccmram*)
                0x10000000                        . = ALIGN (0x4)
                0x10000000                        _eccmram = .
                0x10000000                        . = ALIGN (0x4)

.bss            0x200002a8     0x50bc
                0x200002a8                        _sbss = .
                0x200002a8                        __bss_start__ = _sbss
 *(.bss)
 .bss           0x200002a8       0x1c /usr/lib/gcc/arm-none-eabi/13.2.1/thumb/v7e-m+fp/hard/crtbegin.o
 .bss           0x200002c4      0x13c /usr/lib/gcc/arm-none-eabi/13.2.1/../../../arm-none-eabi/lib/thumb/v7e-m+fp/hard/libc_nano.a(libc_a-findfp.o)
                0x200002c4                __sf
                0x200003fc                __stdio_exit_handler
 .bss           0x20000400        0x8 /usr/lib/gcc/arm-none-eabi/13.2.1/../../../arm-none-eabi/lib/thumb/v7e-m+fp/hard/libc_nano.a(libc_a-mallocr.o)
                0x20000400                __malloc_sbrk_start
                0x20000404                __malloc_free_list
 .bss           0x20000408        0x4 /usr/lib/gcc/arm-none-eabi/13.2.1/../../../arm-none-eabi/lib/thumb/v7e-m+fp/hard/libc_nano.a(libc_a-reent.o)
                0x20000408                errno
 *(.bss*)
 .bss.uwTick    0x2000040c        0x4 build/stm32f4xx_hal.o
                0x2000040c                uwTick
 .bss.htim11    0x20000410       0x48 build/tim.o
                0x20000410                htim11
 .bss.htim10    0x20000458       0x48 build/tim.o
                0x20000458                htim10
 .bss.htim9     0x200004a0       0x48 build/tim.o
                0x200004a0                htim9
 .bss.htim6     0x200004e8       0x48 build/tim.o
                0x200004e8                htim6
 .bss.htim5     0x20000530       0x48 build/tim.o
                0x20000530                htim5
 .bss.htim4     0x20000578       0x48 build/tim.o
                0x20000578                htim4
 .bss.htim3     0x200005c0       0x48 build/tim.o
                0x200005c0                htim3
 .bss.htim2     0x20000608       0x48 build/tim.o
                0x20000608                htim2
 .bss.htim1     0x20000650       0x48 build/tim.o
                0x20000650                htim1
 .bss.hdma_usart3_tx
                0x20000698       0x60 build/usart.o
                0x20000698                hdma_usart3_tx
 .bss.hdma_usart3_rx
                0x200006f8       0x60 build/usart.o
                0x200006f8                hdma_usart3_rx
 .bss.huart3    0x20000758       0x48 build/usart.o
                0x20000758                huart3
 .bss.uart_rx_dma_buffer
                0x200007a0      0x200 build/uart_driver.o
                0x200007a0                uart_rx_dma_buffer
 .bss.UartTxDoneSemaphoreHandle
                0x200009a0        0x4 build/freertos.o
                0x200009a0                UartTxDoneSemaphoreHandle
 .bss.UartTxQueueHandle
                0x200009a4        0x4 build/freertos.o
                0x200009a4                UartTxQueueHandle
 .bss.MotorTaskHandle
                0x200009a8        0x4 build/freertos.o
                0x200009a8                MotorTaskHandle
 .bss.MPU6050TaskHandle
                0x200009ac        0x4 build/freertos.o
                0x200009ac                MPU6050TaskHandle
 .bss.UartTxTaskHandle
                0x200009b0        0x4 build/freertos.o
                0x200009b0                UartTxTaskHandle
 .bss.UartRxTaskHandle
                0x200009b4        0x4 build/freertos.o
                0x200009b4                UartRxTaskHandle
 .bss.defaultTaskHandle
                0x200009b8        0x4 build/freertos.o
                0x200009b8                defaultTaskHandle
 .bss.htim14    0x200009bc       0x48 build/stm32f4xx_hal_timebase_tim.o
                0x200009bc                htim14
 .bss.xQueueRegistry
                0x20000a04       0x40 build/queue.o
                0x20000a04                xQueueRegistry
 .bss.uxSchedulerSuspended
                0x20000a44        0x4 build/tasks.o
 .bss.xIdleTaskHandle
                0x20000a48        0x4 build/tasks.o
 .bss.xNextTaskUnblockTime
                0x20000a4c        0x4 build/tasks.o
 .bss.uxTaskNumber
                0x20000a50        0x4 build/tasks.o
 .bss.xNumOfOverflows
                0x20000a54        0x4 build/tasks.o
 .bss.xYieldPending
                0x20000a58        0x4 build/tasks.o
 .bss.xPendedTicks
                0x20000a5c        0x4 build/tasks.o
 .bss.xSchedulerRunning
                0x20000a60        0x4 build/tasks.o
 .bss.uxTopReadyPriority
                0x20000a64        0x4 build/tasks.o
 .bss.xTickCount
                0x20000a68        0x4 build/tasks.o
 .bss.uxCurrentNumberOfTasks
                0x20000a6c        0x4 build/tasks.o
 .bss.xSuspendedTaskList
                0x20000a70       0x14 build/tasks.o
 .bss.uxDeletedTasksWaitingCleanUp
                0x20000a84        0x4 build/tasks.o
 .bss.xTasksWaitingTermination
                0x20000a88       0x14 build/tasks.o
 .bss.xPendingReadyList
                0x20000a9c       0x14 build/tasks.o
 .bss.pxOverflowDelayedTaskList
                0x20000ab0        0x4 build/tasks.o
 .bss.pxDelayedTaskList
                0x20000ab4        0x4 build/tasks.o
 .bss.xDelayedTaskList2
                0x20000ab8       0x14 build/tasks.o
 .bss.xDelayedTaskList1
                0x20000acc       0x14 build/tasks.o
 .bss.pxReadyTasksLists
                0x20000ae0      0x460 build/tasks.o
 .bss.pxCurrentTCB
                0x20000f40        0x4 build/tasks.o
                0x20000f40                pxCurrentTCB
 .bss.xStaticTimerQueue.0
                0x20000f44       0x50 build/timers.o
 .bss.ucStaticTimerQueueStorage.1
                0x20000f94       0xa0 build/timers.o
 .bss.xLastTime.2
                0x20001034        0x4 build/timers.o
 .bss.xTimerTaskHandle
                0x20001038        0x4 build/timers.o
 .bss.xTimerQueue
                0x2000103c        0x4 build/timers.o
 .bss.pxOverflowTimerList
                0x20001040        0x4 build/timers.o
 .bss.pxCurrentTimerList
                0x20001044        0x4 build/timers.o
 .bss.xActiveTimerList2
                0x20001048       0x14 build/timers.o
 .bss.xActiveTimerList1
                0x2000105c       0x14 build/timers.o
 .bss.Timer_Stack.0
                0x20001070      0x400 build/cmsis_os2.o
 .bss.Timer_TCB.1
                0x20001470       0x5c build/cmsis_os2.o
 .bss.Idle_Stack.2
                0x200014cc      0x200 build/cmsis_os2.o
 .bss.Idle_TCB.3
                0x200016cc       0x5c build/cmsis_os2.o
 .bss.KernelState
                0x20001728        0x4 build/cmsis_os2.o
 .bss.xBlockAllocatedBit
                0x2000172c        0x4 build/heap_4.o
 .bss.xNumberOfSuccessfulFrees
                0x20001730        0x4 build/heap_4.o
 .bss.xNumberOfSuccessfulAllocations
                0x20001734        0x4 build/heap_4.o
 .bss.xMinimumEverFreeBytesRemaining
                0x20001738        0x4 build/heap_4.o
 .bss.xFreeBytesRemaining
                0x2000173c        0x4 build/heap_4.o
 .bss.pxEnd     0x20001740        0x4 build/heap_4.o
 .bss.xStart    0x20001744        0x8 build/heap_4.o
 .bss.ucHeap    0x2000174c     0x3c00 build/heap_4.o
 .bss.ulMaxPRIGROUPValue
                0x2000534c        0x4 build/port.o
 .bss.ucMaxSysCallPriority
                0x20005350        0x1 build/port.o
 *fill*         0x20005351        0x3 
 .bss.__sbrk_heap_end
                0x20005354        0x4 build/sysmem.o
 .bss.UartTxQueue
                0x20005358        0x4 build/uart_tasks.o
                0x20005358                UartTxQueue
 .bss.counter.0
                0x2000535c        0x4 build/motor_task.o
 .bss.system_config
                0x20005360        0x4 build/protocal.o
 *(COMMON)
                0x20005364                        . = ALIGN (0x4)
                0x20005364                        _ebss = .
                0x20005364                        __bss_end__ = _ebss

._user_heap_stack
                0x20005364      0x604
                0x20005368                        . = ALIGN (0x8)
 *fill*         0x20005364        0x4 
                [!provide]                        PROVIDE (end = .)
                0x20005368                        PROVIDE (_end = .)
                0x20005568                        . = (. + _Min_Heap_Size)
 *fill*         0x20005368      0x200 
                0x20005968                        . = (. + _Min_Stack_Size)
 *fill*         0x20005568      0x400 
                0x20005968                        . = ALIGN (0x8)

/DISCARD/
 libc.a(*)
 libm.a(*)
 libgcc.a(*)
OUTPUT(build/robot-usart-motor.elf elf32-littlearm)
LOAD linker stubs
LOAD /usr/lib/gcc/arm-none-eabi/13.2.1/../../../arm-none-eabi/lib/thumb/v7e-m+fp/hard/libc.a
LOAD /usr/lib/gcc/arm-none-eabi/13.2.1/../../../arm-none-eabi/lib/thumb/v7e-m+fp/hard/libm.a
LOAD /usr/lib/gcc/arm-none-eabi/13.2.1/thumb/v7e-m+fp/hard/libgcc.a

.ARM.attributes
                0x00000000       0x30
 .ARM.attributes
                0x00000000       0x22 /usr/lib/gcc/arm-none-eabi/13.2.1/thumb/v7e-m+fp/hard/crti.o
 .ARM.attributes
                0x00000022       0x34 /usr/lib/gcc/arm-none-eabi/13.2.1/thumb/v7e-m+fp/hard/crtbegin.o
 .ARM.attributes
                0x00000056       0x34 build/main.o
 .ARM.attributes
                0x0000008a       0x34 build/stm32f4xx_it.o
 .ARM.attributes
                0x000000be       0x34 build/stm32f4xx_hal_msp.o
 .ARM.attributes
                0x000000f2       0x34 build/stm32f4xx_hal_rcc.o
 .ARM.attributes
                0x00000126       0x34 build/stm32f4xx_hal_gpio.o
 .ARM.attributes
                0x0000015a       0x34 build/stm32f4xx_hal_dma.o
 .ARM.attributes
                0x0000018e       0x34 build/stm32f4xx_hal_cortex.o
 .ARM.attributes
                0x000001c2       0x34 build/stm32f4xx_hal.o
 .ARM.attributes
                0x000001f6       0x34 build/system_stm32f4xx.o
 .ARM.attributes
                0x0000022a       0x34 build/stm32f4xx_hal_tim.o
 .ARM.attributes
                0x0000025e       0x34 build/stm32f4xx_hal_tim_ex.o
 .ARM.attributes
                0x00000292       0x34 build/stm32f4xx_hal_uart.o
 .ARM.attributes
                0x000002c6       0x34 build/gpio.o
 .ARM.attributes
                0x000002fa       0x34 build/tim.o
 .ARM.attributes
                0x0000032e       0x34 build/usart.o
 .ARM.attributes
                0x00000362       0x34 build/uart_driver.o
 .ARM.attributes
                0x00000396       0x34 build/encodermotor.o
 .ARM.attributes
                0x000003ca       0x34 build/freertos.o
 .ARM.attributes
                0x000003fe       0x34 build/stm32f4xx_hal_timebase_tim.o
 .ARM.attributes
                0x00000432       0x34 build/list.o
 .ARM.attributes
                0x00000466       0x34 build/queue.o
 .ARM.attributes
                0x0000049a       0x34 build/tasks.o
 .ARM.attributes
                0x000004ce       0x34 build/timers.o
 .ARM.attributes
                0x00000502       0x34 build/cmsis_os2.o
 .ARM.attributes
                0x00000536       0x34 build/heap_4.o
 .ARM.attributes
                0x0000056a       0x34 build/port.o
 .ARM.attributes
                0x0000059e       0x34 build/dma.o
 .ARM.attributes
                0x000005d2       0x34 build/sysmem.o
 .ARM.attributes
                0x00000606       0x34 build/uart_tasks.o
 .ARM.attributes
                0x0000063a       0x34 build/motor_task.o
 .ARM.attributes
                0x0000066e       0x34 build/protocal.o
 .ARM.attributes
                0x000006a2       0x34 build/syscalls.o
 .ARM.attributes
                0x000006d6       0x21 build/startup_stm32f407xx.o
 .ARM.attributes
                0x000006f7       0x34 /usr/lib/gcc/arm-none-eabi/13.2.1/../../../arm-none-eabi/lib/thumb/v7e-m+fp/hard/libc_nano.a(libc_a-init.o)
 .ARM.attributes
                0x0000072b       0x34 /usr/lib/gcc/arm-none-eabi/13.2.1/../../../arm-none-eabi/lib/thumb/v7e-m+fp/hard/libc_nano.a(libc_a-memset.o)
 .ARM.attributes
                0x0000075f       0x34 /usr/lib/gcc/arm-none-eabi/13.2.1/../../../arm-none-eabi/lib/thumb/v7e-m+fp/hard/libc_nano.a(libc_a-errno.o)
 .ARM.attributes
                0x00000793       0x34 /usr/lib/gcc/arm-none-eabi/13.2.1/../../../arm-none-eabi/lib/thumb/v7e-m+fp/hard/libc_nano.a(libc_a-nano-vfprintf_float.o)
 .ARM.attributes
                0x000007c7       0x34 /usr/lib/gcc/arm-none-eabi/13.2.1/../../../arm-none-eabi/lib/thumb/v7e-m+fp/hard/libc_nano.a(libc_a-dtoa.o)
 .ARM.attributes
                0x000007fb       0x20 /usr/lib/gcc/arm-none-eabi/13.2.1/../../../arm-none-eabi/lib/thumb/v7e-m+fp/hard/libc_nano.a(libc_a-memcpy.o)
 .ARM.attributes
                0x0000081b       0x34 /usr/lib/gcc/arm-none-eabi/13.2.1/../../../arm-none-eabi/lib/thumb/v7e-m+fp/hard/libc_nano.a(libc_a-malloc.o)
 .ARM.attributes
                0x0000084f       0x34 /usr/lib/gcc/arm-none-eabi/13.2.1/../../../arm-none-eabi/lib/thumb/v7e-m+fp/hard/libc_nano.a(libc_a-nano-vfprintf_i.o)
 .ARM.attributes
                0x00000883       0x34 /usr/lib/gcc/arm-none-eabi/13.2.1/../../../arm-none-eabi/lib/thumb/v7e-m+fp/hard/libc_nano.a(libc_a-nano-vfprintf.o)
 .ARM.attributes
                0x000008b7       0x34 /usr/lib/gcc/arm-none-eabi/13.2.1/../../../arm-none-eabi/lib/thumb/v7e-m+fp/hard/libc_nano.a(libc_a-wbuf.o)
 .ARM.attributes
                0x000008eb       0x34 /usr/lib/gcc/arm-none-eabi/13.2.1/../../../arm-none-eabi/lib/thumb/v7e-m+fp/hard/libc_nano.a(libc_a-assert.o)
 .ARM.attributes
                0x0000091f       0x34 /usr/lib/gcc/arm-none-eabi/13.2.1/../../../arm-none-eabi/lib/thumb/v7e-m+fp/hard/libc_nano.a(libc_a-mprec.o)
 .ARM.attributes
                0x00000953       0x34 /usr/lib/gcc/arm-none-eabi/13.2.1/../../../arm-none-eabi/lib/thumb/v7e-m+fp/hard/libc_nano.a(libc_a-impure.o)
 .ARM.attributes
                0x00000987       0x34 /usr/lib/gcc/arm-none-eabi/13.2.1/../../../arm-none-eabi/lib/thumb/v7e-m+fp/hard/libc_nano.a(libc_a-localeconv.o)
 .ARM.attributes
                0x000009bb       0x34 /usr/lib/gcc/arm-none-eabi/13.2.1/../../../arm-none-eabi/lib/thumb/v7e-m+fp/hard/libc_nano.a(libc_a-fvwrite.o)
 .ARM.attributes
                0x000009ef       0x34 /usr/lib/gcc/arm-none-eabi/13.2.1/../../../arm-none-eabi/lib/thumb/v7e-m+fp/hard/libc_nano.a(libc_a-findfp.o)
 .ARM.attributes
                0x00000a23       0x34 /usr/lib/gcc/arm-none-eabi/13.2.1/../../../arm-none-eabi/lib/thumb/v7e-m+fp/hard/libc_nano.a(libc_a-abort.o)
 .ARM.attributes
                0x00000a57       0x1c /usr/lib/gcc/arm-none-eabi/13.2.1/../../../arm-none-eabi/lib/thumb/v7e-m+fp/hard/libc_nano.a(libc_a-strlen.o)
 .ARM.attributes
                0x00000a73       0x34 /usr/lib/gcc/arm-none-eabi/13.2.1/../../../arm-none-eabi/lib/thumb/v7e-m+fp/hard/libc_nano.a(libc_a-fflush.o)
 .ARM.attributes
                0x00000aa7       0x34 /usr/lib/gcc/arm-none-eabi/13.2.1/../../../arm-none-eabi/lib/thumb/v7e-m+fp/hard/libc_nano.a(libc_a-callocr.o)
 .ARM.attributes
                0x00000adb       0x34 /usr/lib/gcc/arm-none-eabi/13.2.1/../../../arm-none-eabi/lib/thumb/v7e-m+fp/hard/libc_nano.a(libc_a-locale.o)
 .ARM.attributes
                0x00000b0f       0x34 /usr/lib/gcc/arm-none-eabi/13.2.1/../../../arm-none-eabi/lib/thumb/v7e-m+fp/hard/libc_nano.a(libc_a-mallocr.o)
 .ARM.attributes
                0x00000b43       0x34 /usr/lib/gcc/arm-none-eabi/13.2.1/../../../arm-none-eabi/lib/thumb/v7e-m+fp/hard/libc_nano.a(libc_a-freer.o)
 .ARM.attributes
                0x00000b77       0x34 /usr/lib/gcc/arm-none-eabi/13.2.1/../../../arm-none-eabi/lib/thumb/v7e-m+fp/hard/libc_nano.a(libc_a-memmove.o)
 .ARM.attributes
                0x00000bab       0x34 /usr/lib/gcc/arm-none-eabi/13.2.1/../../../arm-none-eabi/lib/thumb/v7e-m+fp/hard/libc_nano.a(libc_a-fwalk.o)
 .ARM.attributes
                0x00000bdf       0x34 /usr/lib/gcc/arm-none-eabi/13.2.1/../../../arm-none-eabi/lib/thumb/v7e-m+fp/hard/libc_nano.a(libc_a-wctomb_r.o)
 .ARM.attributes
                0x00000c13       0x1c /usr/lib/gcc/arm-none-eabi/13.2.1/../../../arm-none-eabi/lib/thumb/v7e-m+fp/hard/libc_nano.a(libc_a-memchr.o)
 .ARM.attributes
                0x00000c2f       0x34 /usr/lib/gcc/arm-none-eabi/13.2.1/../../../arm-none-eabi/lib/thumb/v7e-m+fp/hard/libc_nano.a(libc_a-wsetup.o)
 .ARM.attributes
                0x00000c63       0x34 /usr/lib/gcc/arm-none-eabi/13.2.1/../../../arm-none-eabi/lib/thumb/v7e-m+fp/hard/libc_nano.a(libc_a-fprintf.o)
 .ARM.attributes
                0x00000c97       0x34 /usr/lib/gcc/arm-none-eabi/13.2.1/../../../arm-none-eabi/lib/thumb/v7e-m+fp/hard/libc_nano.a(libc_a-reallocr.o)
 .ARM.attributes
                0x00000ccb       0x34 /usr/lib/gcc/arm-none-eabi/13.2.1/../../../arm-none-eabi/lib/thumb/v7e-m+fp/hard/libc_nano.a(libc_a-mlock.o)
 .ARM.attributes
                0x00000cff       0x34 /usr/lib/gcc/arm-none-eabi/13.2.1/../../../arm-none-eabi/lib/thumb/v7e-m+fp/hard/libc_nano.a(libc_a-makebuf.o)
 .ARM.attributes
                0x00000d33       0x34 /usr/lib/gcc/arm-none-eabi/13.2.1/../../../arm-none-eabi/lib/thumb/v7e-m+fp/hard/libc_nano.a(libc_a-ctype_.o)
 .ARM.attributes
                0x00000d67       0x34 /usr/lib/gcc/arm-none-eabi/13.2.1/../../../arm-none-eabi/lib/thumb/v7e-m+fp/hard/libc_nano.a(libc_a-isattyr.o)
 .ARM.attributes
                0x00000d9b       0x34 /usr/lib/gcc/arm-none-eabi/13.2.1/../../../arm-none-eabi/lib/thumb/v7e-m+fp/hard/libc_nano.a(libc_a-sbrkr.o)
 .ARM.attributes
                0x00000dcf       0x34 /usr/lib/gcc/arm-none-eabi/13.2.1/../../../arm-none-eabi/lib/thumb/v7e-m+fp/hard/libc_nano.a(libc_a-stdio.o)
 .ARM.attributes
                0x00000e03       0x34 /usr/lib/gcc/arm-none-eabi/13.2.1/../../../arm-none-eabi/lib/thumb/v7e-m+fp/hard/libc_nano.a(libc_a-msizer.o)
 .ARM.attributes
                0x00000e37       0x34 /usr/lib/gcc/arm-none-eabi/13.2.1/../../../arm-none-eabi/lib/thumb/v7e-m+fp/hard/libc_nano.a(libc_a-mbtowc_r.o)
 .ARM.attributes
                0x00000e6b       0x34 /usr/lib/gcc/arm-none-eabi/13.2.1/../../../arm-none-eabi/lib/thumb/v7e-m+fp/hard/libc_nano.a(libc_a-signal.o)
 .ARM.attributes
                0x00000e9f       0x34 /usr/lib/gcc/arm-none-eabi/13.2.1/../../../arm-none-eabi/lib/thumb/v7e-m+fp/hard/libc_nano.a(libc_a-closer.o)
 .ARM.attributes
                0x00000ed3       0x34 /usr/lib/gcc/arm-none-eabi/13.2.1/../../../arm-none-eabi/lib/thumb/v7e-m+fp/hard/libc_nano.a(libc_a-readr.o)
 .ARM.attributes
                0x00000f07       0x34 /usr/lib/gcc/arm-none-eabi/13.2.1/../../../arm-none-eabi/lib/thumb/v7e-m+fp/hard/libc_nano.a(libc_a-reent.o)
 .ARM.attributes
                0x00000f3b       0x34 /usr/lib/gcc/arm-none-eabi/13.2.1/../../../arm-none-eabi/lib/thumb/v7e-m+fp/hard/libc_nano.a(libc_a-fstatr.o)
 .ARM.attributes
                0x00000f6f       0x34 /usr/lib/gcc/arm-none-eabi/13.2.1/../../../arm-none-eabi/lib/thumb/v7e-m+fp/hard/libc_nano.a(libc_a-lseekr.o)
 .ARM.attributes
                0x00000fa3       0x34 /usr/lib/gcc/arm-none-eabi/13.2.1/../../../arm-none-eabi/lib/thumb/v7e-m+fp/hard/libc_nano.a(libc_a-writer.o)
 .ARM.attributes
                0x00000fd7       0x34 /usr/lib/gcc/arm-none-eabi/13.2.1/../../../arm-none-eabi/lib/thumb/v7e-m+fp/hard/libc_nano.a(libc_a-signalr.o)
 .ARM.attributes
                0x0000100b       0x22 /usr/lib/gcc/arm-none-eabi/13.2.1/thumb/v7e-m+fp/hard/libgcc.a(_arm_addsubdf3.o)
 .ARM.attributes
                0x0000102d       0x22 /usr/lib/gcc/arm-none-eabi/13.2.1/thumb/v7e-m+fp/hard/libgcc.a(_arm_muldivdf3.o)
 .ARM.attributes
                0x0000104f       0x22 /usr/lib/gcc/arm-none-eabi/13.2.1/thumb/v7e-m+fp/hard/libgcc.a(_arm_cmpdf2.o)
 .ARM.attributes
                0x00001071       0x22 /usr/lib/gcc/arm-none-eabi/13.2.1/thumb/v7e-m+fp/hard/libgcc.a(_arm_unorddf2.o)
 .ARM.attributes
                0x00001093       0x22 /usr/lib/gcc/arm-none-eabi/13.2.1/thumb/v7e-m+fp/hard/libgcc.a(_arm_fixdfsi.o)
 .ARM.attributes
                0x000010b5       0x22 /usr/lib/gcc/arm-none-eabi/13.2.1/thumb/v7e-m+fp/hard/libgcc.a(_aeabi_uldivmod.o)
 .ARM.attributes
                0x000010d7       0x34 /usr/lib/gcc/arm-none-eabi/13.2.1/thumb/v7e-m+fp/hard/libgcc.a(_udivmoddi4.o)
 .ARM.attributes
                0x0000110b       0x22 /usr/lib/gcc/arm-none-eabi/13.2.1/thumb/v7e-m+fp/hard/libgcc.a(_dvmd_tls.o)
 .ARM.attributes
                0x0000112d       0x34 /usr/lib/gcc/arm-none-eabi/13.2.1/thumb/v7e-m+fp/hard/crtend.o
 .ARM.attributes
                0x00001161       0x22 /usr/lib/gcc/arm-none-eabi/13.2.1/thumb/v7e-m+fp/hard/crtn.o

.comment        0x00000000       0x26
 .comment       0x00000000       0x26 /usr/lib/gcc/arm-none-eabi/13.2.1/thumb/v7e-m+fp/hard/crtbegin.o
                                 0x27 (size before relaxing)
 .comment       0x00000026       0x27 build/main.o
 .comment       0x00000026       0x27 build/stm32f4xx_it.o
 .comment       0x00000026       0x27 build/stm32f4xx_hal_msp.o
 .comment       0x00000026       0x27 build/stm32f4xx_hal_rcc.o
 .comment       0x00000026       0x27 build/stm32f4xx_hal_gpio.o
 .comment       0x00000026       0x27 build/stm32f4xx_hal_dma.o
 .comment       0x00000026       0x27 build/stm32f4xx_hal_cortex.o
 .comment       0x00000026       0x27 build/stm32f4xx_hal.o
 .comment       0x00000026       0x27 build/system_stm32f4xx.o
 .comment       0x00000026       0x27 build/stm32f4xx_hal_tim.o
 .comment       0x00000026       0x27 build/stm32f4xx_hal_tim_ex.o
 .comment       0x00000026       0x27 build/stm32f4xx_hal_uart.o
 .comment       0x00000026       0x27 build/gpio.o
 .comment       0x00000026       0x27 build/tim.o
 .comment       0x00000026       0x27 build/usart.o
 .comment       0x00000026       0x27 build/uart_driver.o
 .comment       0x00000026       0x27 build/encodermotor.o
 .comment       0x00000026       0x27 build/freertos.o
 .comment       0x00000026       0x27 build/stm32f4xx_hal_timebase_tim.o
 .comment       0x00000026       0x27 build/list.o
 .comment       0x00000026       0x27 build/queue.o
 .comment       0x00000026       0x27 build/tasks.o
 .comment       0x00000026       0x27 build/timers.o
 .comment       0x00000026       0x27 build/cmsis_os2.o
 .comment       0x00000026       0x27 build/heap_4.o
 .comment       0x00000026       0x27 build/port.o
 .comment       0x00000026       0x27 build/dma.o
 .comment       0x00000026       0x27 build/sysmem.o
 .comment       0x00000026       0x27 build/uart_tasks.o
 .comment       0x00000026       0x27 build/motor_task.o
 .comment       0x00000026       0x27 build/protocal.o
 .comment       0x00000026       0x27 build/syscalls.o
 .comment       0x00000026       0x27 /usr/lib/gcc/arm-none-eabi/13.2.1/../../../arm-none-eabi/lib/thumb/v7e-m+fp/hard/libc_nano.a(libc_a-init.o)
 .comment       0x00000026       0x27 /usr/lib/gcc/arm-none-eabi/13.2.1/../../../arm-none-eabi/lib/thumb/v7e-m+fp/hard/libc_nano.a(libc_a-memset.o)
 .comment       0x00000026       0x27 /usr/lib/gcc/arm-none-eabi/13.2.1/../../../arm-none-eabi/lib/thumb/v7e-m+fp/hard/libc_nano.a(libc_a-errno.o)
 .comment       0x00000026       0x27 /usr/lib/gcc/arm-none-eabi/13.2.1/../../../arm-none-eabi/lib/thumb/v7e-m+fp/hard/libc_nano.a(libc_a-nano-vfprintf_float.o)
 .comment       0x00000026       0x27 /usr/lib/gcc/arm-none-eabi/13.2.1/../../../arm-none-eabi/lib/thumb/v7e-m+fp/hard/libc_nano.a(libc_a-dtoa.o)
 .comment       0x00000026       0x27 /usr/lib/gcc/arm-none-eabi/13.2.1/../../../arm-none-eabi/lib/thumb/v7e-m+fp/hard/libc_nano.a(libc_a-malloc.o)
 .comment       0x00000026       0x27 /usr/lib/gcc/arm-none-eabi/13.2.1/../../../arm-none-eabi/lib/thumb/v7e-m+fp/hard/libc_nano.a(libc_a-nano-vfprintf_i.o)
 .comment       0x00000026       0x27 /usr/lib/gcc/arm-none-eabi/13.2.1/../../../arm-none-eabi/lib/thumb/v7e-m+fp/hard/libc_nano.a(libc_a-nano-vfprintf.o)
 .comment       0x00000026       0x27 /usr/lib/gcc/arm-none-eabi/13.2.1/../../../arm-none-eabi/lib/thumb/v7e-m+fp/hard/libc_nano.a(libc_a-wbuf.o)
 .comment       0x00000026       0x27 /usr/lib/gcc/arm-none-eabi/13.2.1/../../../arm-none-eabi/lib/thumb/v7e-m+fp/hard/libc_nano.a(libc_a-assert.o)
 .comment       0x00000026       0x27 /usr/lib/gcc/arm-none-eabi/13.2.1/../../../arm-none-eabi/lib/thumb/v7e-m+fp/hard/libc_nano.a(libc_a-mprec.o)
 .comment       0x00000026       0x27 /usr/lib/gcc/arm-none-eabi/13.2.1/../../../arm-none-eabi/lib/thumb/v7e-m+fp/hard/libc_nano.a(libc_a-impure.o)
 .comment       0x00000026       0x27 /usr/lib/gcc/arm-none-eabi/13.2.1/../../../arm-none-eabi/lib/thumb/v7e-m+fp/hard/libc_nano.a(libc_a-localeconv.o)
 .comment       0x00000026       0x27 /usr/lib/gcc/arm-none-eabi/13.2.1/../../../arm-none-eabi/lib/thumb/v7e-m+fp/hard/libc_nano.a(libc_a-fvwrite.o)
 .comment       0x00000026       0x27 /usr/lib/gcc/arm-none-eabi/13.2.1/../../../arm-none-eabi/lib/thumb/v7e-m+fp/hard/libc_nano.a(libc_a-findfp.o)
 .comment       0x00000026       0x27 /usr/lib/gcc/arm-none-eabi/13.2.1/../../../arm-none-eabi/lib/thumb/v7e-m+fp/hard/libc_nano.a(libc_a-abort.o)
 .comment       0x00000026       0x27 /usr/lib/gcc/arm-none-eabi/13.2.1/../../../arm-none-eabi/lib/thumb/v7e-m+fp/hard/libc_nano.a(libc_a-fflush.o)
 .comment       0x00000026       0x27 /usr/lib/gcc/arm-none-eabi/13.2.1/../../../arm-none-eabi/lib/thumb/v7e-m+fp/hard/libc_nano.a(libc_a-callocr.o)
 .comment       0x00000026       0x27 /usr/lib/gcc/arm-none-eabi/13.2.1/../../../arm-none-eabi/lib/thumb/v7e-m+fp/hard/libc_nano.a(libc_a-locale.o)
 .comment       0x00000026       0x27 /usr/lib/gcc/arm-none-eabi/13.2.1/../../../arm-none-eabi/lib/thumb/v7e-m+fp/hard/libc_nano.a(libc_a-mallocr.o)
 .comment       0x00000026       0x27 /usr/lib/gcc/arm-none-eabi/13.2.1/../../../arm-none-eabi/lib/thumb/v7e-m+fp/hard/libc_nano.a(libc_a-freer.o)
 .comment       0x00000026       0x27 /usr/lib/gcc/arm-none-eabi/13.2.1/../../../arm-none-eabi/lib/thumb/v7e-m+fp/hard/libc_nano.a(libc_a-memmove.o)
 .comment       0x00000026       0x27 /usr/lib/gcc/arm-none-eabi/13.2.1/../../../arm-none-eabi/lib/thumb/v7e-m+fp/hard/libc_nano.a(libc_a-fwalk.o)
 .comment       0x00000026       0x27 /usr/lib/gcc/arm-none-eabi/13.2.1/../../../arm-none-eabi/lib/thumb/v7e-m+fp/hard/libc_nano.a(libc_a-wctomb_r.o)
 .comment       0x00000026       0x27 /usr/lib/gcc/arm-none-eabi/13.2.1/../../../arm-none-eabi/lib/thumb/v7e-m+fp/hard/libc_nano.a(libc_a-wsetup.o)
 .comment       0x00000026       0x27 /usr/lib/gcc/arm-none-eabi/13.2.1/../../../arm-none-eabi/lib/thumb/v7e-m+fp/hard/libc_nano.a(libc_a-fprintf.o)
 .comment       0x00000026       0x27 /usr/lib/gcc/arm-none-eabi/13.2.1/../../../arm-none-eabi/lib/thumb/v7e-m+fp/hard/libc_nano.a(libc_a-reallocr.o)
 .comment       0x00000026       0x27 /usr/lib/gcc/arm-none-eabi/13.2.1/../../../arm-none-eabi/lib/thumb/v7e-m+fp/hard/libc_nano.a(libc_a-mlock.o)
 .comment       0x00000026       0x27 /usr/lib/gcc/arm-none-eabi/13.2.1/../../../arm-none-eabi/lib/thumb/v7e-m+fp/hard/libc_nano.a(libc_a-makebuf.o)
 .comment       0x00000026       0x27 /usr/lib/gcc/arm-none-eabi/13.2.1/../../../arm-none-eabi/lib/thumb/v7e-m+fp/hard/libc_nano.a(libc_a-ctype_.o)
 .comment       0x00000026       0x27 /usr/lib/gcc/arm-none-eabi/13.2.1/../../../arm-none-eabi/lib/thumb/v7e-m+fp/hard/libc_nano.a(libc_a-isattyr.o)
 .comment       0x00000026       0x27 /usr/lib/gcc/arm-none-eabi/13.2.1/../../../arm-none-eabi/lib/thumb/v7e-m+fp/hard/libc_nano.a(libc_a-sbrkr.o)
 .comment       0x00000026       0x27 /usr/lib/gcc/arm-none-eabi/13.2.1/../../../arm-none-eabi/lib/thumb/v7e-m+fp/hard/libc_nano.a(libc_a-stdio.o)
 .comment       0x00000026       0x27 /usr/lib/gcc/arm-none-eabi/13.2.1/../../../arm-none-eabi/lib/thumb/v7e-m+fp/hard/libc_nano.a(libc_a-msizer.o)
 .comment       0x00000026       0x27 /usr/lib/gcc/arm-none-eabi/13.2.1/../../../arm-none-eabi/lib/thumb/v7e-m+fp/hard/libc_nano.a(libc_a-mbtowc_r.o)
 .comment       0x00000026       0x27 /usr/lib/gcc/arm-none-eabi/13.2.1/../../../arm-none-eabi/lib/thumb/v7e-m+fp/hard/libc_nano.a(libc_a-signal.o)
 .comment       0x00000026       0x27 /usr/lib/gcc/arm-none-eabi/13.2.1/../../../arm-none-eabi/lib/thumb/v7e-m+fp/hard/libc_nano.a(libc_a-closer.o)
 .comment       0x00000026       0x27 /usr/lib/gcc/arm-none-eabi/13.2.1/../../../arm-none-eabi/lib/thumb/v7e-m+fp/hard/libc_nano.a(libc_a-readr.o)
 .comment       0x00000026       0x27 /usr/lib/gcc/arm-none-eabi/13.2.1/../../../arm-none-eabi/lib/thumb/v7e-m+fp/hard/libc_nano.a(libc_a-reent.o)
 .comment       0x00000026       0x27 /usr/lib/gcc/arm-none-eabi/13.2.1/../../../arm-none-eabi/lib/thumb/v7e-m+fp/hard/libc_nano.a(libc_a-fstatr.o)
 .comment       0x00000026       0x27 /usr/lib/gcc/arm-none-eabi/13.2.1/../../../arm-none-eabi/lib/thumb/v7e-m+fp/hard/libc_nano.a(libc_a-lseekr.o)
 .comment       0x00000026       0x27 /usr/lib/gcc/arm-none-eabi/13.2.1/../../../arm-none-eabi/lib/thumb/v7e-m+fp/hard/libc_nano.a(libc_a-writer.o)
 .comment       0x00000026       0x27 /usr/lib/gcc/arm-none-eabi/13.2.1/../../../arm-none-eabi/lib/thumb/v7e-m+fp/hard/libc_nano.a(libc_a-signalr.o)
 .comment       0x00000026       0x27 /usr/lib/gcc/arm-none-eabi/13.2.1/thumb/v7e-m+fp/hard/libgcc.a(_udivmoddi4.o)
 .comment       0x00000026       0x27 /usr/lib/gcc/arm-none-eabi/13.2.1/thumb/v7e-m+fp/hard/crtend.o

.debug_info     0x00000000    0x41046
 .debug_info    0x00000000     0x1381 build/main.o
 .debug_info    0x00001381      0xbce build/stm32f4xx_it.o
 .debug_info    0x00001f4f      0x54e build/stm32f4xx_hal_msp.o
 .debug_info    0x0000249d      0xbf0 build/stm32f4xx_hal_rcc.o
 .debug_info    0x0000308d      0x824 build/stm32f4xx_hal_gpio.o
 .debug_info    0x000038b1      0xbb6 build/stm32f4xx_hal_dma.o
 .debug_info    0x00004467     0x11bc build/stm32f4xx_hal_cortex.o
 .debug_info    0x00005623      0xaee build/stm32f4xx_hal.o
 .debug_info    0x00006111      0x59b build/system_stm32f4xx.o
 .debug_info    0x000066ac     0x4188 build/stm32f4xx_hal_tim.o
 .debug_info    0x0000a834     0x1d8d build/stm32f4xx_hal_tim_ex.o
 .debug_info    0x0000c5c1     0x4385 build/stm32f4xx_hal_uart.o