Archive member included to satisfy reference by file (symbol)

/usr/lib/gcc/arm-none-eabi/13.2.1/../../../arm-none-eabi/lib/thumb/v7e-m+fp/hard/libc_nano.a(libc_a-init.o)
                              /usr/lib/gcc/arm-none-eabi/13.2.1/../../../arm-none-eabi/lib/thumb/v7e-m+fp/hard/crt0.o (__libc_init_array)
/usr/lib/gcc/arm-none-eabi/13.2.1/../../../arm-none-eabi/lib/thumb/v7e-m+fp/hard/libc_nano.a(libc_a-puts.o)
                              build/freertos.o (puts)
/usr/lib/gcc/arm-none-eabi/13.2.1/../../../arm-none-eabi/lib/thumb/v7e-m+fp/hard/libc_nano.a(libc_a-findfp.o)
                              /usr/lib/gcc/arm-none-eabi/13.2.1/../../../arm-none-eabi/lib/thumb/v7e-m+fp/hard/libc_nano.a(libc_a-puts.o) (__sinit)
/usr/lib/gcc/arm-none-eabi/13.2.1/../../../arm-none-eabi/lib/thumb/v7e-m+fp/hard/libc_nano.a(libc_a-memset.o)
                              /usr/lib/gcc/arm-none-eabi/13.2.1/../../../arm-none-eabi/lib/thumb/v7e-m+fp/hard/crt0.o (memset)
/usr/lib/gcc/arm-none-eabi/13.2.1/../../../arm-none-eabi/lib/thumb/v7e-m+fp/hard/libc_nano.a(libc_a-fflush.o)
                              /usr/lib/gcc/arm-none-eabi/13.2.1/../../../arm-none-eabi/lib/thumb/v7e-m+fp/hard/libc_nano.a(libc_a-findfp.o) (_fflush_r)
/usr/lib/gcc/arm-none-eabi/13.2.1/../../../arm-none-eabi/lib/thumb/v7e-m+fp/hard/libc_nano.a(libc_a-nano-vfprintf_float.o)
                              (_printf_float)
/usr/lib/gcc/arm-none-eabi/13.2.1/../../../arm-none-eabi/lib/thumb/v7e-m+fp/hard/libc_nano.a(libc_a-mallocr.o)
                              /usr/lib/gcc/arm-none-eabi/13.2.1/../../../arm-none-eabi/lib/thumb/v7e-m+fp/hard/libc_nano.a(libc_a-findfp.o) (_malloc_r)
/usr/lib/gcc/arm-none-eabi/13.2.1/../../../arm-none-eabi/lib/thumb/v7e-m+fp/hard/libc_nano.a(libc_a-dtoa.o)
                              /usr/lib/gcc/arm-none-eabi/13.2.1/../../../arm-none-eabi/lib/thumb/v7e-m+fp/hard/libc_nano.a(libc_a-nano-vfprintf_float.o) (_dtoa_r)
/usr/lib/gcc/arm-none-eabi/13.2.1/../../../arm-none-eabi/lib/thumb/v7e-m+fp/hard/libc_nano.a(libc_a-freer.o)
                              /usr/lib/gcc/arm-none-eabi/13.2.1/../../../arm-none-eabi/lib/thumb/v7e-m+fp/hard/libc_nano.a(libc_a-fflush.o) (_free_r)
/usr/lib/gcc/arm-none-eabi/13.2.1/../../../arm-none-eabi/lib/thumb/v7e-m+fp/hard/libc_nano.a(libc_a-fwalk.o)
                              /usr/lib/gcc/arm-none-eabi/13.2.1/../../../arm-none-eabi/lib/thumb/v7e-m+fp/hard/libc_nano.a(libc_a-findfp.o) (_fwalk_sglue)
/usr/lib/gcc/arm-none-eabi/13.2.1/../../../arm-none-eabi/lib/thumb/v7e-m+fp/hard/libc_nano.a(libc_a-wsetup.o)
                              /usr/lib/gcc/arm-none-eabi/13.2.1/../../../arm-none-eabi/lib/thumb/v7e-m+fp/hard/libc_nano.a(libc_a-puts.o) (__swsetup_r)
/usr/lib/gcc/arm-none-eabi/13.2.1/../../../arm-none-eabi/lib/thumb/v7e-m+fp/hard/libc_nano.a(libc_a-memcpy.o)
                              build/queue.o (memcpy)
/usr/lib/gcc/arm-none-eabi/13.2.1/../../../arm-none-eabi/lib/thumb/v7e-m+fp/hard/libc_nano.a(libc_a-malloc.o)
                              /usr/lib/gcc/arm-none-eabi/13.2.1/../../../arm-none-eabi/lib/thumb/v7e-m+fp/hard/libc_nano.a(libc_a-dtoa.o) (malloc)
/usr/lib/gcc/arm-none-eabi/13.2.1/../../../arm-none-eabi/lib/thumb/v7e-m+fp/hard/libc_nano.a(libc_a-nano-vfprintf_i.o)
                              /usr/lib/gcc/arm-none-eabi/13.2.1/../../../arm-none-eabi/lib/thumb/v7e-m+fp/hard/libc_nano.a(libc_a-nano-vfprintf_float.o) (_printf_common)
/usr/lib/gcc/arm-none-eabi/13.2.1/../../../arm-none-eabi/lib/thumb/v7e-m+fp/hard/libc_nano.a(libc_a-mlock.o)
                              /usr/lib/gcc/arm-none-eabi/13.2.1/../../../arm-none-eabi/lib/thumb/v7e-m+fp/hard/libc_nano.a(libc_a-mallocr.o) (__malloc_lock)
/usr/lib/gcc/arm-none-eabi/13.2.1/../../../arm-none-eabi/lib/thumb/v7e-m+fp/hard/libc_nano.a(libc_a-makebuf.o)
                              /usr/lib/gcc/arm-none-eabi/13.2.1/../../../arm-none-eabi/lib/thumb/v7e-m+fp/hard/libc_nano.a(libc_a-wsetup.o) (__smakebuf_r)
/usr/lib/gcc/arm-none-eabi/13.2.1/../../../arm-none-eabi/lib/thumb/v7e-m+fp/hard/libc_nano.a(libc_a-exit.o)
                              /usr/lib/gcc/arm-none-eabi/13.2.1/../../../arm-none-eabi/lib/thumb/v7e-m+fp/hard/crt0.o (exit)
/usr/lib/gcc/arm-none-eabi/13.2.1/../../../arm-none-eabi/lib/thumb/v7e-m+fp/hard/libc_nano.a(libc_a-atexit.o)
                              /usr/lib/gcc/arm-none-eabi/13.2.1/../../../arm-none-eabi/lib/thumb/v7e-m+fp/hard/crt0.o (atexit)
/usr/lib/gcc/arm-none-eabi/13.2.1/../../../arm-none-eabi/lib/thumb/v7e-m+fp/hard/libc_nano.a(libc_a-printf.o)
                              build/freertos.o (printf)
/usr/lib/gcc/arm-none-eabi/13.2.1/../../../arm-none-eabi/lib/thumb/v7e-m+fp/hard/libc_nano.a(libc_a-isattyr.o)
                              /usr/lib/gcc/arm-none-eabi/13.2.1/../../../arm-none-eabi/lib/thumb/v7e-m+fp/hard/libc_nano.a(libc_a-makebuf.o) (_isatty_r)
/usr/lib/gcc/arm-none-eabi/13.2.1/../../../arm-none-eabi/lib/thumb/v7e-m+fp/hard/libc_nano.a(libc_a-nano-vfprintf.o)
[...]
Memory Configuration

Name             Origin             Length             Attributes
RAM              0x20000000         0x00020000         xrw
CCMRAM           0x10000000         0x00010000         xrw
FLASH            0x08000000         0x00080000         xr
*default*        0x00000000         0xffffffff

Linker script and memory map

LOAD /usr/lib/gcc/arm-none-eabi/13.2.1/thumb/v7e-m+fp/hard/crti.o
LOAD /usr/lib/gcc/arm-none-eabi/13.2.1/thumb/v7e-m+fp/hard/crtbegin.o
LOAD /usr/lib/gcc/arm-none-eabi/13.2.1/../../../arm-none-eabi/lib/thumb/v7e-m+fp/hard/crt0.o
LOAD build/main.o
LOAD build/gpio.o
LOAD build/freertos.o
LOAD build/i2c.o
LOAD build/usart.o
LOAD build/stm32f4xx_it.o
LOAD build/stm32f4xx_hal_msp.o
LOAD build/stm32f4xx_hal_timebase_tim.o
LOAD build/stm32f4xx_hal_tim.o
LOAD build/stm32f4xx_hal_tim_ex.o
LOAD build/stm32f4xx_hal_rcc.o
LOAD build/stm32f4xx_hal_rcc_ex.o
LOAD build/stm32f4xx_hal_flash.o
LOAD build/stm32f4xx_hal_flash_ex.o
LOAD build/stm32f4xx_hal_flash_ramfunc.o
LOAD build/stm32f4xx_hal_gpio.o
LOAD build/stm32f4xx_hal_dma_ex.o
LOAD build/stm32f4xx_hal_dma.o
LOAD build/stm32f4xx_hal_pwr.o
LOAD build/stm32f4xx_hal_pwr_ex.o
LOAD build/stm32f4xx_hal_cortex.o
LOAD build/stm32f4xx_hal.o
LOAD build/stm32f4xx_hal_exti.o
LOAD build/stm32f4xx_hal_i2c.o
LOAD build/stm32f4xx_hal_i2c_ex.o
LOAD build/stm32f4xx_hal_uart.o
LOAD build/system_stm32f4xx.o
LOAD build/croutine.o
LOAD build/event_groups.o
LOAD build/list.o
LOAD build/queue.o
LOAD build/stream_buffer.o
LOAD build/tasks.o
LOAD build/timers.o
LOAD build/cmsis_os2.o
LOAD build/heap_4.o
LOAD build/port.o
LOAD build/mpu6050.o
LOAD build/startup_stm32f407xx.o
LOAD /usr/lib/gcc/arm-none-eabi/13.2.1/../../../arm-none-eabi/lib/thumb/v7e-m+fp/hard/libc_nano.a
LOAD /usr/lib/gcc/arm-none-eabi/13.2.1/../../../arm-none-eabi/lib/thumb/v7e-m+fp/hard/libm.a
LOAD /usr/lib/gcc/arm-none-eabi/13.2.1/../../../arm-none-eabi/lib/thumb/v7e-m+fp/hard/libnosys.a
START GROUP
LOAD /usr/lib/gcc/arm-none-eabi/13.2.1/thumb/v7e-m+fp/hard/libgcc.a
LOAD /usr/lib/gcc/arm-none-eabi/13.2.1/../../../arm-none-eabi/lib/thumb/v7e-m+fp/hard/libc_nano.a
END GROUP
START GROUP
LOAD /usr/lib/gcc/arm-none-eabi/13.2.1/thumb/v7e-m+fp/hard/libgcc.a
LOAD /usr/lib/gcc/arm-none-eabi/13.2.1/../../../arm-none-eabi/lib/thumb/v7e-m+fp/hard/libc_nano.a
END GROUP
LOAD /usr/lib/gcc/arm-none-eabi/13.2.1/thumb/v7e-m+fp/hard/crtend.o
LOAD /usr/lib/gcc/arm-none-eabi/13.2.1/thumb/v7e-m+fp/hard/crtn.o
                0x20020000                        _estack = (ORIGIN (RAM) + LENGTH (RAM))
                0x00000200                        _Min_Heap_Size = 0x200
                0x00000400                        _Min_Stack_Size = 0x400

.isr_vector     0x08000000      0x188
                0x08000000                        . = ALIGN (0x4)
 *(.isr_vector)
 .isr_vector    0x08000000      0x188 build/startup_stm32f407xx.o
                0x08000000                g_pfnVectors
                0x08000188                        . = ALIGN (0x4)

.text           0x080001c0     0x8f20
                0x080001c0                        . = ALIGN (0x4)
 *(.text)
 .text          0x080001c0       0x88 /usr/lib/gcc/arm-none-eabi/13.2.1/thumb/v7e-m+fp/hard/crtbegin.o
 .text          0x08000248       0x50 /usr/lib/gcc/arm-none-eabi/13.2.1/../../../arm-none-eabi/lib/thumb/v7e-m+fp/hard/libc_nano.a(libc_a-init.o)
                0x08000248                __libc_init_array
 .text          0x08000298       0xa0 /usr/lib/gcc/arm-none-eabi/13.2.1/../../../arm-none-eabi/lib/thumb/v7e-m+fp/hard/libc_nano.a(libc_a-puts.o)
                0x08000298                _puts_r
                0x08000328                puts
 .text          0x08000338      0x224 /usr/lib/gcc/arm-none-eabi/13.2.1/../../../arm-none-eabi/lib/thumb/v7e-m+fp/hard/libc_nano.a(libc_a-findfp.o)
                0x08000468                __sfp
                0x0800050c                __sinit
                0x0800052c                __sfp_lock_acquire
                0x08000530                __sfp_lock_release
                0x08000534                __fp_lock_all
                0x08000548                __fp_unlock_all
 .text          0x0800055c       0xa4 /usr/lib/gcc/arm-none-eabi/13.2.1/../../../arm-none-eabi/lib/thumb/v7e-m+fp/hard/libc_nano.a(libc_a-memset.o)
                0x0800055c                memset
 .text          0x08000600      0x1a8 /usr/lib/gcc/arm-none-eabi/13.2.1/../../../arm-none-eabi/lib/thumb/v7e-m+fp/hard/libc_nano.a(libc_a-fflush.o)
                0x08000600                __sflush_r
                0x08000724                _fflush_r
                0x0800075c                fflush
 .text          0x080007a8      0x6b0 /usr/lib/gcc/arm-none-eabi/13.2.1/../../../arm-none-eabi/lib/thumb/v7e-m+fp/hard/libc_nano.a(libc_a-nano-vfprintf_float.o)
                0x080007a8                __cvt
                0x080008b8                __exponent
                0x0800093c                _printf_float
 .text          0x08000e58      0x148 /usr/lib/gcc/arm-none-eabi/13.2.1/../../../arm-none-eabi/lib/thumb/v7e-m+fp/hard/libc_nano.a(libc_a-mallocr.o)
                0x08000ea0                _malloc_r
 .text          0x08000fa0      0xfdc /usr/lib/gcc/arm-none-eabi/13.2.1/../../../arm-none-eabi/lib/thumb/v7e-m+fp/hard/libc_nano.a(libc_a-dtoa.o)
                0x080010cc                _dtoa_r
 .text          0x08001f7c       0xbc /usr/lib/gcc/arm-none-eabi/13.2.1/../../../arm-none-eabi/lib/thumb/v7e-m+fp/hard/libc_nano.a(libc_a-freer.o)
                0x08001f7c                _free_r
 .text          0x08002038       0x44 /usr/lib/gcc/arm-none-eabi/13.2.1/../../../arm-none-eabi/lib/thumb/v7e-m+fp/hard/libc_nano.a(libc_a-fwalk.o)
                0x08002038                _fwalk_sglue
 .text          0x0800207c       0xc4 /usr/lib/gcc/arm-none-eabi/13.2.1/../../../arm-none-eabi/lib/thumb/v7e-m+fp/hard/libc_nano.a(libc_a-wsetup.o)
                0x0800207c                __swsetup_r
 .text          0x08002140      0x134 /usr/lib/gcc/arm-none-eabi/13.2.1/../../../arm-none-eabi/lib/thumb/v7e-m+fp/hard/libc_nano.a(libc_a-memcpy.o)
                0x08002140                memcpy
 .text          0x08002274       0x20 /usr/lib/gcc/arm-none-eabi/13.2.1/../../../arm-none-eabi/lib/thumb/v7e-m+fp/hard/libc_nano.a(libc_a-malloc.o)
                0x08002274                malloc
                0x08002284                free
 .text          0x08002294      0x3a8 /usr/lib/gcc/arm-none-eabi/13.2.1/../../../arm-none-eabi/lib/thumb/v7e-m+fp/hard/libc_nano.a(libc_a-nano-vfprintf_i.o)
                0x08002294                _printf_common
                0x080023b8                _printf_i
 .text          0x0800263c        0x8 /usr/lib/gcc/arm-none-eabi/13.2.1/../../../arm-none-eabi/lib/thumb/v7e-m+fp/hard/libc_nano.a(libc_a-mlock.o)
                0x0800263c                __malloc_lock
                0x08002640                __malloc_unlock
 .text          0x08002644      0x114 /usr/lib/gcc/arm-none-eabi/13.2.1/../../../arm-none-eabi/lib/thumb/v7e-m+fp/hard/libc_nano.a(libc_a-makebuf.o)
                0x08002644                __smakebuf_r
                0x08002708                __swhatbuf_r
 .text          0x08002758       0x48 /usr/lib/gcc/arm-none-eabi/13.2.1/../../../arm-none-eabi/lib/thumb/v7e-m+fp/hard/libc_nano.a(libc_a-printf.o)
                0x08002758                _printf_r
                0x08002758                _iprintf_r
                0x08002778                printf
                0x08002778                iprintf
 .text          0x080027a0       0x24 /usr/lib/gcc/arm-none-eabi/13.2.1/../../../arm-none-eabi/lib/thumb/v7e-m+fp/hard/libc_nano.a(libc_a-isattyr.o)
                0x080027a0                _isatty_r
 .text          0x080027c4      0x314 /usr/lib/gcc/arm-none-eabi/13.2.1/../../../arm-none-eabi/lib/thumb/v7e-m+fp/hard/libc_nano.a(libc_a-nano-vfprintf.o)
                0x08002800                __sfputs_r
                0x08002830                __sprint_r
                0x08002850                _vfiprintf_r
                0x08002850                _vfprintf_r
                0x08002abc                vfiprintf
                0x08002abc                vfprintf
 .text          0x08002ad8       0xa0 /usr/lib/gcc/arm-none-eabi/13.2.1/../../../arm-none-eabi/lib/thumb/v7e-m+fp/hard/libc_nano.a(libc_a-wbuf.o)
                0x08002ad8                __swbuf_r
                0x08002b60                __swbuf
 .text          0x08002b78       0x4c /usr/lib/gcc/arm-none-eabi/13.2.1/../../../arm-none-eabi/lib/thumb/v7e-m+fp/hard/libc_nano.a(libc_a-assert.o)
                0x08002b78                __assert_func
                0x08002bb8                __assert
 .text          0x08002bc4      0xb10 /usr/lib/gcc/arm-none-eabi/13.2.1/../../../arm-none-eabi/lib/thumb/v7e-m+fp/hard/libc_nano.a(libc_a-mprec.o)
                0x08002bc4                _Balloc
                0x08002c44                _Bfree
                0x08002c8c                __multadd
                0x08002d28                __s2b
                0x08002ddc                __hi0bits
                0x08002e20                __lo0bits
                0x08002e80                __i2b
                0x08002eac                __multiply
                0x08003018                __pow5mult
                0x080030f8                __lshift
                0x080031e0                __mcmp
                0x08003224                __mdiff
                0x0800339c                __ulp
                0x08003400                __b2d
                0x080034bc                __d2b
                0x0800357c                __ratio
                0x080035dc                _mprec_log10
                0x0800361c                __copybits
                0x08003678                __any_on
 .text          0x080036d4       0x24 /usr/lib/gcc/arm-none-eabi/13.2.1/../../../arm-none-eabi/lib/thumb/v7e-m+fp/hard/libc_nano.a(libc_a-sbrkr.o)
                0x080036d4                _sbrk_r
 .text          0x080036f8       0x94 /usr/lib/gcc/arm-none-eabi/13.2.1/../../../arm-none-eabi/lib/thumb/v7e-m+fp/hard/libc_nano.a(libc_a-stdio.o)
                0x080036f8                __sread
                0x0800371c                __seofread
                0x08003720                __swrite
                0x08003760                __sseek
                0x08003784                __sclose
 .text          0x0800378c       0x14 /usr/lib/gcc/arm-none-eabi/13.2.1/../../../arm-none-eabi/lib/thumb/v7e-m+fp/hard/libc_nano.a(libc_a-localeconv.o)
                0x0800378c                __localeconv_l
                0x08003790                _localeconv_r
                0x08003798                localeconv
 .text          0x080037a0      0x300 /usr/lib/gcc/arm-none-eabi/13.2.1/../../../arm-none-eabi/lib/thumb/v7e-m+fp/hard/libc_nano.a(libc_a-fvwrite.o)
                0x080037a0                __sfvwrite_r
 .text          0x08003aa0       0x10 /usr/lib/gcc/arm-none-eabi/13.2.1/../../../arm-none-eabi/lib/thumb/v7e-m+fp/hard/libc_nano.a(libc_a-abort.o)
                0x08003aa0                abort
 .text          0x08003ab0       0x24 /usr/lib/gcc/arm-none-eabi/13.2.1/../../../arm-none-eabi/lib/thumb/v7e-m+fp/hard/libc_nano.a(libc_a-closer.o)
                0x08003ab0                _close_r
 *fill*         0x08003ad4       0x2c 
 .text          0x08003b00       0xd8 /usr/lib/gcc/arm-none-eabi/13.2.1/../../../arm-none-eabi/lib/thumb/v7e-m+fp/hard/libc_nano.a(libc_a-strlen.o)
                0x08003b00                strlen
 .text          0x08003bd8       0x28 /usr/lib/gcc/arm-none-eabi/13.2.1/../../../arm-none-eabi/lib/thumb/v7e-m+fp/hard/libc_nano.a(libc_a-callocr.o)
                0x08003bd8                _calloc_r
 .text          0x08003c00      0x100 /usr/lib/gcc/arm-none-eabi/13.2.1/../../../arm-none-eabi/lib/thumb/v7e-m+fp/hard/libc_nano.a(libc_a-memmove.o)
                0x08003c00                memmove
 .text          0x08003d00       0x30 /usr/lib/gcc/arm-none-eabi/13.2.1/../../../arm-none-eabi/lib/thumb/v7e-m+fp/hard/libc_nano.a(libc_a-wctomb_r.o)
                0x08003d00                _wctomb_r
                0x08003d14                __ascii_wctomb
 .text          0x08003d30       0xa0 /usr/lib/gcc/arm-none-eabi/13.2.1/../../../arm-none-eabi/lib/thumb/v7e-m+fp/hard/libc_nano.a(libc_a-memchr.o)
                0x08003d30                memchr
 .text          0x08003dd0       0x2c /usr/lib/gcc/arm-none-eabi/13.2.1/../../../arm-none-eabi/lib/thumb/v7e-m+fp/hard/libc_nano.a(libc_a-readr.o)
                0x08003dd0                _read_r
 .text          0x08003dfc       0x44 /usr/lib/gcc/arm-none-eabi/13.2.1/../../../arm-none-eabi/lib/thumb/v7e-m+fp/hard/libc_nano.a(libc_a-fprintf.o)
                0x08003dfc                _fprintf_r
                0x08003dfc                _fiprintf_r
                0x08003e18                fprintf
                0x08003e18                fiprintf
 .text          0x08003e40       0x64 /usr/lib/gcc/arm-none-eabi/13.2.1/../../../arm-none-eabi/lib/thumb/v7e-m+fp/hard/libc_nano.a(libc_a-reallocr.o)
                0x08003e40                _realloc_r
 .text          0x08003ea4       0x2c /usr/lib/gcc/arm-none-eabi/13.2.1/../../../arm-none-eabi/lib/thumb/v7e-m+fp/hard/libc_nano.a(libc_a-fstatr.o)
                0x08003ea4                _fstat_r
 .text          0x08003ed0       0x2c /usr/lib/gcc/arm-none-eabi/13.2.1/../../../arm-none-eabi/lib/thumb/v7e-m+fp/hard/libc_nano.a(libc_a-lseekr.o)
                0x08003ed0                _lseek_r
 .text          0x08003efc       0x2c /usr/lib/gcc/arm-none-eabi/13.2.1/../../../arm-none-eabi/lib/thumb/v7e-m+fp/hard/libc_nano.a(libc_a-writer.o)
                0x08003efc                _write_r
 .text          0x08003f28       0x10 /usr/lib/gcc/arm-none-eabi/13.2.1/../../../arm-none-eabi/lib/thumb/v7e-m+fp/hard/libc_nano.a(libc_a-msizer.o)
                0x08003f28                _malloc_usable_size_r
 .text          0x08003f38       0x40 /usr/lib/gcc/arm-none-eabi/13.2.1/../../../arm-none-eabi/lib/thumb/v7e-m+fp/hard/libc_nano.a(libc_a-mbtowc_r.o)
                0x08003f38                _mbtowc_r
                0x08003f4c                __ascii_mbtowc
 .text          0x08003f78      0x260 /usr/lib/gcc/arm-none-eabi/13.2.1/../../../arm-none-eabi/lib/thumb/v7e-m+fp/hard/libc_nano.a(libc_a-signal.o)
                0x08003f78                _init_signal_r
                0x08003fa4                _signal_r
                0x08003ff0                _raise_r
                0x08004040                __sigtramp_r
                0x080040a0                raise
                0x080040f4                signal
                0x08004140                _init_signal
                0x08004174                __sigtramp
 .text          0x080041d8       0x30 /usr/lib/gcc/arm-none-eabi/13.2.1/../../../arm-none-eabi/lib/thumb/v7e-m+fp/hard/libc_nano.a(libc_a-signalr.o)
                0x080041d8                _kill_r
                0x08004204                _getpid_r
 .text          0x08004208       0x10 /usr/lib/gcc/arm-none-eabi/13.2.1/../../../arm-none-eabi/lib/thumb/v7e-m+fp/hard/libnosys.a(close.o)
                0x08004208                _close
 .text          0x08004218       0x10 /usr/lib/gcc/arm-none-eabi/13.2.1/../../../arm-none-eabi/lib/thumb/v7e-m+fp/hard/libnosys.a(fstat.o)
                0x08004218                _fstat
 .text          0x08004228       0x10 /usr/lib/gcc/arm-none-eabi/13.2.1/../../../arm-none-eabi/lib/thumb/v7e-m+fp/hard/libnosys.a(getpid.o)
                0x08004228                _getpid
 .text          0x08004238       0x10 /usr/lib/gcc/arm-none-eabi/13.2.1/../../../arm-none-eabi/lib/thumb/v7e-m+fp/hard/libnosys.a(isatty.o)
                0x08004238                _isatty
 .text          0x08004248       0x10 /usr/lib/gcc/arm-none-eabi/13.2.1/../../../arm-none-eabi/lib/thumb/v7e-m+fp/hard/libnosys.a(kill.o)
                0x08004248                _kill
 .text          0x08004258       0x10 /usr/lib/gcc/arm-none-eabi/13.2.1/../../../arm-none-eabi/lib/thumb/v7e-m+fp/hard/libnosys.a(lseek.o)
                0x08004258                _lseek
 .text          0x08004268       0x10 /usr/lib/gcc/arm-none-eabi/13.2.1/../../../arm-none-eabi/lib/thumb/v7e-m+fp/hard/libnosys.a(read.o)
                0x08004268                _read
 .text          0x08004278       0x1c /usr/lib/gcc/arm-none-eabi/13.2.1/../../../arm-none-eabi/lib/thumb/v7e-m+fp/hard/libnosys.a(sbrk.o)
                0x08004278                _sbrk
 .text          0x08004294        0x4 /usr/lib/gcc/arm-none-eabi/13.2.1/../../../arm-none-eabi/lib/thumb/v7e-m+fp/hard/libnosys.a(_exit.o)
                0x08004294                _exit
 .text          0x08004298      0x378 /usr/lib/gcc/arm-none-eabi/13.2.1/thumb/v7e-m+fp/hard/libgcc.a(_arm_addsubdf3.o)
                0x08004298                __aeabi_drsub
                0x080042a0                __aeabi_dsub
                0x080042a0                __subdf3
                0x080042a4                __adddf3
                0x080042a4                __aeabi_dadd
                0x0800451c                __aeabi_ui2d
                0x0800451c                __floatunsidf
                0x0800453c                __floatsidf
                0x0800453c                __aeabi_i2d
                0x08004560                __extendsfdf2
                0x08004560                __aeabi_f2d
                0x080045a4                __aeabi_ul2d
                0x080045a4                __floatundidf
                0x080045b4                __floatdidf
                0x080045b4                __aeabi_l2d
 .text          0x08004610      0x424 /usr/lib/gcc/arm-none-eabi/13.2.1/thumb/v7e-m+fp/hard/libgcc.a(_arm_muldivdf3.o)
                0x08004610                __aeabi_dmul
                0x08004610                __muldf3
                0x08004864                __aeabi_ddiv
                0x08004864                __divdf3
 .text          0x08004a34      0x110 /usr/lib/gcc/arm-none-eabi/13.2.1/thumb/v7e-m+fp/hard/libgcc.a(_arm_cmpdf2.o)
                0x08004a34                __gtdf2
                0x08004a34                __gedf2
                0x08004a3c                __ltdf2
                0x08004a3c                __ledf2
                0x08004a44                __cmpdf2
                0x08004a44                __eqdf2
                0x08004a44                __nedf2
                0x08004ac0                __aeabi_cdrcmple
                0x08004ad0                __aeabi_cdcmple
                0x08004ad0                __aeabi_cdcmpeq
                0x08004ae0                __aeabi_dcmpeq
                0x08004af4                __aeabi_dcmplt
                0x08004b08                __aeabi_dcmple
                0x08004b1c                __aeabi_dcmpge
                0x08004b30                __aeabi_dcmpgt
 .text          0x08004b44       0x2c /usr/lib/gcc/arm-none-eabi/13.2.1/thumb/v7e-m+fp/hard/libgcc.a(_arm_unorddf2.o)
                0x08004b44                __aeabi_dcmpun
                0x08004b44                __unorddf2
 .text          0x08004b70       0x50 /usr/lib/gcc/arm-none-eabi/13.2.1/thumb/v7e-m+fp/hard/libgcc.a(_arm_fixdfsi.o)
                0x08004b70                __fixdfsi
                0x08004b70                __aeabi_d2iz
 .text          0x08004bc0       0x30 /usr/lib/gcc/arm-none-eabi/13.2.1/thumb/v7e-m+fp/hard/libgcc.a(_aeabi_uldivmod.o)
                0x08004bc0                __aeabi_uldivmod
 .text          0x08004bf0      0x2bc /usr/lib/gcc/arm-none-eabi/13.2.1/thumb/v7e-m+fp/hard/libgcc.a(_udivmoddi4.o)
                0x08004bf0                __udivmoddi4
 .text          0x08004eac        0x4 /usr/lib/gcc/arm-none-eabi/13.2.1/thumb/v7e-m+fp/hard/libgcc.a(_dvmd_tls.o)
                0x08004eac                __aeabi_ldiv0
                0x08004eac                __aeabi_idiv0
 *(.text*)
 .text.HAL_TIM_PeriodElapsedCallback
                0x08004eb0       0x18 build/main.o
                0x08004eb0                HAL_TIM_PeriodElapsedCallback
 .text.Error_Handler
                0x08004ec8        0x4 build/main.o
                0x08004ec8                Error_Handler
 .text.SystemClock_Config
                0x08004ecc       0xa0 build/main.o
                0x08004ecc                SystemClock_Config
 .text.main     0x08004f6c       0x24 build/main.o
                0x08004f6c                main
 .text.MX_GPIO_Init
                0x08004f90       0x38 build/gpio.o
                0x08004f90                MX_GPIO_Init
 .text.StartProcessingTask
                0x08004fc8        0xa build/freertos.o
                0x08004fc8                StartProcessingTask
 *fill*         0x08004fd2        0x2 
 .text.StartSensorTask
                0x08004fd4       0x6c build/freertos.o
                0x08004fd4                StartSensorTask
 .text.StartUartTask
                0x08005040       0xbc build/freertos.o
                0x08005040                StartUartTask
 .text._write   0x080050fc       0x18 build/freertos.o
                0x080050fc                _write
 .text.MX_FREERTOS_Init
                0x08005114       0x68 build/freertos.o
                0x08005114                MX_FREERTOS_Init
 .text.MX_I2C2_Init
                0x0800517c       0x3c build/i2c.o
                0x0800517c                MX_I2C2_Init
 .text.HAL_I2C_MspInit
                0x080051b8       0x70 build/i2c.o
                0x080051b8                HAL_I2C_MspInit
 .text.MX_USART1_UART_Init
                0x08005228       0x34 build/usart.o
                0x08005228                MX_USART1_UART_Init
 .text.HAL_UART_MspInit
                0x0800525c       0x74 build/usart.o
                0x0800525c                HAL_UART_MspInit
 .text.NMI_Handler
                0x080052d0        0x2 build/stm32f4xx_it.o
                0x080052d0                NMI_Handler
 .text.HardFault_Handler
                0x080052d2        0x2 build/stm32f4xx_it.o
                0x080052d2                HardFault_Handler
 .text.MemManage_Handler
                0x080052d4        0x2 build/stm32f4xx_it.o
                0x080052d4                MemManage_Handler
 .text.BusFault_Handler
                0x080052d6        0x2 build/stm32f4xx_it.o
                0x080052d6                BusFault_Handler
 .text.UsageFault_Handler
                0x080052d8        0x2 build/stm32f4xx_it.o
                0x080052d8                UsageFault_Handler
 .text.DebugMon_Handler
                0x080052da        0x2 build/stm32f4xx_it.o
                0x080052da                DebugMon_Handler
 .text.TIM8_UP_TIM13_IRQHandler
                0x080052dc       0x10 build/stm32f4xx_it.o
                0x080052dc                TIM8_UP_TIM13_IRQHandler
 .text.HAL_MspInit
                0x080052ec       0x44 build/stm32f4xx_hal_msp.o
                0x080052ec                HAL_MspInit
 .text.HAL_InitTick
                0x08005330       0x94 build/stm32f4xx_hal_timebase_tim.o
                0x08005330                HAL_InitTick
 .text.HAL_TIM_Base_MspInit
                0x080053c4        0x2 build/stm32f4xx_hal_tim.o
                0x080053c4                HAL_TIM_Base_MspInit
 *fill*         0x080053c6        0x2 
 .text.HAL_TIM_Base_Start_IT
                0x080053c8       0x88 build/stm32f4xx_hal_tim.o
                0x080053c8                HAL_TIM_Base_Start_IT
 .text.HAL_TIM_OC_DelayElapsedCallback
                0x08005450        0x2 build/stm32f4xx_hal_tim.o
                0x08005450                HAL_TIM_OC_DelayElapsedCallback
 .text.HAL_TIM_IC_CaptureCallback
                0x08005452        0x2 build/stm32f4xx_hal_tim.o
                0x08005452                HAL_TIM_IC_CaptureCallback
 .text.HAL_TIM_PWM_PulseFinishedCallback
                0x08005454        0x2 build/stm32f4xx_hal_tim.o
                0x08005454                HAL_TIM_PWM_PulseFinishedCallback
 .text.HAL_TIM_TriggerCallback
                0x08005456        0x2 build/stm32f4xx_hal_tim.o
                0x08005456                HAL_TIM_TriggerCallback
 .text.HAL_TIM_IRQHandler
                0x08005458      0x15e build/stm32f4xx_hal_tim.o
                0x08005458                HAL_TIM_IRQHandler
 *fill*         0x080055b6        0x2 
 .text.TIM_Base_SetConfig
                0x080055b8       0xd0 build/stm32f4xx_hal_tim.o
                0x080055b8                TIM_Base_SetConfig
 .text.HAL_TIM_Base_Init
                0x08005688       0x58 build/stm32f4xx_hal_tim.o
                0x08005688                HAL_TIM_Base_Init
 .text.HAL_TIMEx_CommutCallback
                0x080056e0        0x2 build/stm32f4xx_hal_tim_ex.o
                0x080056e0                HAL_TIMEx_CommutCallback
 .text.HAL_TIMEx_BreakCallback
                0x080056e2        0x2 build/stm32f4xx_hal_tim_ex.o
                0x080056e2                HAL_TIMEx_BreakCallback
 .text.HAL_RCC_OscConfig
                0x080056e4      0x3f8 build/stm32f4xx_hal_rcc.o
                0x080056e4                HAL_RCC_OscConfig
 .text.HAL_RCC_GetSysClockFreq
                0x08005adc       0xa8 build/stm32f4xx_hal_rcc.o
                0x08005adc                HAL_RCC_GetSysClockFreq
 .text.HAL_RCC_ClockConfig
                0x08005b84      0x160 build/stm32f4xx_hal_rcc.o
                0x08005b84                HAL_RCC_ClockConfig
 .text.HAL_RCC_GetHCLKFreq
                0x08005ce4        0xc build/stm32f4xx_hal_rcc.o
                0x08005ce4                HAL_RCC_GetHCLKFreq
 .text.HAL_RCC_GetPCLK1Freq
                0x08005cf0       0x20 build/stm32f4xx_hal_rcc.o
                0x08005cf0                HAL_RCC_GetPCLK1Freq
 .text.HAL_RCC_GetPCLK2Freq
                0x08005d10       0x20 build/stm32f4xx_hal_rcc.o
                0x08005d10                HAL_RCC_GetPCLK2Freq
 .text.HAL_RCC_GetClockConfig
                0x08005d30       0x3c build/stm32f4xx_hal_rcc.o
                0x08005d30                HAL_RCC_GetClockConfig
 .text.HAL_GPIO_Init
                0x08005d6c      0x1ec build/stm32f4xx_hal_gpio.o
                0x08005d6c                HAL_GPIO_Init
 .text.__NVIC_EnableIRQ
                0x08005f58       0x1c build/stm32f4xx_hal_cortex.o
 .text.__NVIC_SetPriority
                0x08005f74       0x28 build/stm32f4xx_hal_cortex.o
 .text.NVIC_EncodePriority
                0x08005f9c       0x3e build/stm32f4xx_hal_cortex.o
 *fill*         0x08005fda        0x2 
 .text.HAL_NVIC_SetPriorityGrouping
                0x08005fdc       0x24 build/stm32f4xx_hal_cortex.o
                0x08005fdc                HAL_NVIC_SetPriorityGrouping
 .text.HAL_NVIC_SetPriority
                0x08006000       0x20 build/stm32f4xx_hal_cortex.o
                0x08006000                HAL_NVIC_SetPriority
 .text.HAL_NVIC_EnableIRQ
                0x08006020        0x8 build/stm32f4xx_hal_cortex.o
                0x08006020                HAL_NVIC_EnableIRQ
 .text.HAL_Init
                0x08006028       0x34 build/stm32f4xx_hal.o
                0x08006028                HAL_Init
 .text.HAL_IncTick
                0x0800605c       0x18 build/stm32f4xx_hal.o
                0x0800605c                HAL_IncTick
 .text.HAL_GetTick
                0x08006074        0xc build/stm32f4xx_hal.o
                0x08006074                HAL_GetTick
 .text.I2C_IsAcknowledgeFailed
                0x08006080       0x32 build/stm32f4xx_hal_i2c.o
 .text.I2C_WaitOnFlagUntilTimeout
                0x080060b2       0xaa build/stm32f4xx_hal_i2c.o
 .text.I2C_WaitOnMasterAddressFlagUntilTimeout
                0x0800615c       0xd6 build/stm32f4xx_hal_i2c.o
 .text.I2C_WaitOnTXEFlagUntilTimeout
                0x08006232       0x5e build/stm32f4xx_hal_i2c.o
 .text.I2C_RequestMemoryWrite
                0x08006290       0xd8 build/stm32f4xx_hal_i2c.o
 .text.I2C_RequestMemoryRead
                0x08006368      0x154 build/stm32f4xx_hal_i2c.o
 .text.I2C_WaitOnBTFFlagUntilTimeout
                0x080064bc       0x5e build/stm32f4xx_hal_i2c.o
 .text.I2C_WaitOnRXNEFlagUntilTimeout
                0x0800651a       0x78 build/stm32f4xx_hal_i2c.o
 *fill*         0x08006592        0x2 
 .text.HAL_I2C_Init
                0x08006594      0x1bc build/stm32f4xx_hal_i2c.o
                0x08006594                HAL_I2C_Init
 .text.HAL_I2C_Mem_Write
                0x08006750      0x164 build/stm32f4xx_hal_i2c.o
                0x08006750                HAL_I2C_Mem_Write
 .text.HAL_I2C_Mem_Read
                0x080068b4      0x2f8 build/stm32f4xx_hal_i2c.o
                0x080068b4                HAL_I2C_Mem_Read
 .text.HAL_I2C_IsDeviceReady
                0x08006bac      0x194 build/stm32f4xx_hal_i2c.o
                0x08006bac                HAL_I2C_IsDeviceReady
 .text.UART_EndRxTransfer
                0x08006d40       0x5c build/stm32f4xx_hal_uart.o
 .text.UART_SetConfig
                0x08006d9c      0x110 build/stm32f4xx_hal_uart.o
 .text.UART_WaitOnFlagUntilTimeout
                0x08006eac       0x86 build/stm32f4xx_hal_uart.o
 .text.HAL_UART_Init
                0x08006f32       0x60 build/stm32f4xx_hal_uart.o
                0x08006f32                HAL_UART_Init
 .text.HAL_UART_Transmit
                0x08006f92       0xcc build/stm32f4xx_hal_uart.o
                0x08006f92                HAL_UART_Transmit
 *fill*         0x0800705e        0x2 
 .text.SystemInit
                0x08007060       0x14 build/system_stm32f4xx.o
                0x08007060                SystemInit
 .text.vListInitialise
                0x08007074       0x16 build/list.o
                0x08007074                vListInitialise
 .text.vListInitialiseItem
                0x0800708a        0x6 build/list.o
                0x0800708a                vListInitialiseItem
 .text.vListInsertEnd
                0x08007090       0x16 build/list.o
                0x08007090                vListInsertEnd
 .text.vListInsert
                0x080070a6       0x32 build/list.o
                0x080070a6                vListInsert
 .text.uxListRemove
                0x080070d8       0x26 build/list.o
                0x080070d8                uxListRemove
 .text.prvIsQueueFull
                0x080070fe       0x1e build/queue.o
 .text.prvIsQueueEmpty
                0x0800711c       0x1a build/queue.o
 .text.prvCopyDataToQueue
                0x08007136       0x76 build/queue.o
 .text.prvCopyDataFromQueue
                0x080071ac       0x24 build/queue.o
 .text.prvUnlockQueue
                0x080071d0       0x6e build/queue.o
 .text.xQueueGenericReset
                0x0800723e       0x84 build/queue.o
                0x0800723e                xQueueGenericReset
 .text.prvInitialiseNewQueue
                0x080072c2       0x22 build/queue.o
 .text.xQueueGenericCreateStatic
                0x080072e4       0x94 build/queue.o
                0x080072e4                xQueueGenericCreateStatic
 .text.xQueueGenericCreate
                0x08007378       0x48 build/queue.o
                0x08007378                xQueueGenericCreate
 .text.xQueueGenericSend
                0x080073c0      0x188 build/queue.o
                0x080073c0                xQueueGenericSend
 .text.xQueueGenericSendFromISR
                0x08007548       0xce build/queue.o
                0x08007548                xQueueGenericSendFromISR
 .text.xQueueReceive
                0x08007616      0x15e build/queue.o
                0x08007616                xQueueReceive
 .text.vQueueAddToRegistry
                0x08007774       0x28 build/queue.o
                0x08007774                vQueueAddToRegistry
 .text.vQueueWaitForMessageRestricted
                0x0800779c       0x52 build/queue.o
                0x0800779c                vQueueWaitForMessageRestricted
 *fill*         0x080077ee        0x2 
 .text.prvResetNextTaskUnblockTime
                0x080077f0       0x2c build/tasks.o
 .text.prvInitialiseNewTask
                0x0800781c       0xa2 build/tasks.o
 *fill*         0x080078be        0x2 
 .text.prvInitialiseTaskLists
                0x080078c0       0x68 build/tasks.o
 .text.prvAddNewTaskToReadyList
                0x08007928       0xac build/tasks.o
 .text.prvDeleteTCB
                0x080079d4       0x38 build/tasks.o
 .text.prvCheckTasksWaitingTermination
                0x08007a0c       0x4c build/tasks.o
 .text.prvIdleTask
                0x08007a58       0x28 build/tasks.o
 .text.prvAddCurrentTaskToDelayedList
                0x08007a80       0x7c build/tasks.o
 .text.xTaskCreateStatic
                0x08007afc       0x76 build/tasks.o
                0x08007afc                xTaskCreateStatic
 .text.xTaskCreate
                0x08007b72       0x64 build/tasks.o
                0x08007b72                xTaskCreate
 *fill*         0x08007bd6        0x2 
 .text.vTaskStartScheduler
                0x08007bd8       0x98 build/tasks.o
                0x08007bd8                vTaskStartScheduler
 .text.vTaskSuspendAll
                0x08007c70       0x10 build/tasks.o
                0x08007c70                vTaskSuspendAll
 .text.xTaskGetTickCount
                0x08007c80        0xc build/tasks.o
                0x08007c80                xTaskGetTickCount
 .text.xTaskIncrementTick
                0x08007c8c      0x118 build/tasks.o
                0x08007c8c                xTaskIncrementTick
 .text.xTaskResumeAll
                0x08007da4       0xf8 build/tasks.o
                0x08007da4                xTaskResumeAll
 .text.vTaskDelay
                0x08007e9c       0x4c build/tasks.o
                0x08007e9c                vTaskDelay
 .text.vTaskSwitchContext
                0x08007ee8       0x98 build/tasks.o
                0x08007ee8                vTaskSwitchContext
 .text.vTaskPlaceOnEventList
                0x08007f80       0x30 build/tasks.o
                0x08007f80                vTaskPlaceOnEventList
 .text.vTaskPlaceOnEventListRestricted
                0x08007fb0       0x38 build/tasks.o
                0x08007fb0                vTaskPlaceOnEventListRestricted
 .text.xTaskRemoveFromEventList
                0x08007fe8       0x8c build/tasks.o
                0x08007fe8                xTaskRemoveFromEventList
 .text.vTaskInternalSetTimeOutState
                0x08008074       0x18 build/tasks.o
                0x08008074                vTaskInternalSetTimeOutState
 .text.xTaskCheckForTimeOut
                0x0800808c       0x84 build/tasks.o
                0x0800808c                xTaskCheckForTimeOut
 .text.vTaskMissedYield
                0x08008110        0xc build/tasks.o
                0x08008110                vTaskMissedYield
 .text.xTaskGetSchedulerState
                0x0800811c       0x20 build/tasks.o
                0x0800811c                xTaskGetSchedulerState
 .text.xTaskPriorityDisinherit
                0x0800813c       0x90 build/tasks.o
                0x0800813c                xTaskPriorityDisinherit
 .text.prvGetNextExpireTime
                0x080081cc       0x20 build/timers.o
 .text.prvInsertTimerInActiveList
                0x080081ec       0x48 build/timers.o
 .text.prvCheckForValidListAndQueue
                0x08008234       0x70 build/timers.o
 .text.xTimerCreateTimerTask
                0x080082a4       0x64 build/timers.o
                0x080082a4                xTimerCreateTimerTask
 .text.xTimerGenericCommand
                0x08008308       0x6c build/timers.o
                0x08008308                xTimerGenericCommand
 .text.prvSwitchTimerLists
                0x08008374       0x7c build/timers.o
 .text.prvSampleTimeNow
                0x080083f0       0x2c build/timers.o
 .text.prvProcessExpiredTimer
                0x0800841c       0x6c build/timers.o
 .text.prvProcessTimerOrBlockTask
                0x08008488       0x74 build/timers.o
 .text.prvProcessReceivedCommands
                0x080084fc      0x10c build/timers.o
 .text.prvTimerTask
                0x08008608       0x16 build/timers.o
 .text.SysTick_Handler
                0x0800861e       0x18 build/cmsis_os2.o
                0x0800861e                SysTick_Handler
 *fill*         0x08008636        0x2 
 .text.osKernelInitialize
                0x08008638       0x24 build/cmsis_os2.o
                0x08008638                osKernelInitialize
 .text.osKernelStart
                0x0800865c       0x38 build/cmsis_os2.o
                0x0800865c                osKernelStart
 .text.osThreadNew
                0x08008694       0xbc build/cmsis_os2.o
                0x08008694                osThreadNew
 .text.osDelay  0x08008750       0x1c build/cmsis_os2.o
                0x08008750                osDelay
 .text.osMessageQueueNew
                0x0800876c       0x96 build/cmsis_os2.o
                0x0800876c                osMessageQueueNew
 *fill*         0x08008802        0x2 
 .text.vApplicationGetIdleTaskMemory
                0x08008804       0x18 build/cmsis_os2.o
                0x08008804                vApplicationGetIdleTaskMemory
 .text.vApplicationGetTimerTaskMemory
                0x0800881c       0x18 build/cmsis_os2.o
                0x0800881c                vApplicationGetTimerTaskMemory
 .text.prvHeapInit
                0x08008834       0x64 build/heap_4.o
 .text.prvInsertBlockIntoFreeList
                0x08008898       0x64 build/heap_4.o
 .text.pvPortMalloc
                0x080088fc      0x104 build/heap_4.o
                0x080088fc                pvPortMalloc
 .text.vPortFree
                0x08008a00       0x7c build/heap_4.o
                0x08008a00                vPortFree
 .text.prvTaskExitError
                0x08008a7c       0x40 build/port.o
 .text.prvPortStartFirstTask
                0x08008abc       0x28 build/port.o
 .text.vPortEnableVFP
                0x08008ae4       0x14 build/port.o
 .text.pxPortInitialiseStack
                0x08008af8       0x2c build/port.o
                0x08008af8                pxPortInitialiseStack
 *fill*         0x08008b24        0xc 
 .text.SVC_Handler
                0x08008b30       0x24 build/port.o
                0x08008b30                SVC_Handler
 .text.vPortEnterCritical
                0x08008b54       0x44 build/port.o
                0x08008b54                vPortEnterCritical
 .text.vPortExitCritical
                0x08008b98       0x2c build/port.o
                0x08008b98                vPortExitCritical
 *fill*         0x08008bc4        0xc 
 .text.PendSV_Handler
                0x08008bd0       0x64 build/port.o
                0x08008bd0                PendSV_Handler
 .text.xPortSysTickHandler
                0x08008c34       0x2c build/port.o
                0x08008c34                xPortSysTickHandler
 .text.vPortSetupTimerInterrupt
                0x08008c60       0x28 build/port.o
                0x08008c60                vPortSetupTimerInterrupt
 .text.xPortStartScheduler
                0x08008c88      0x118 build/port.o
                0x08008c88                xPortStartScheduler
 .text.vPortValidateInterruptPriority
                0x08008da0       0x5c build/port.o
                0x08008da0                vPortValidateInterruptPriority
 .text.Sensor_I2C2_Read
                0x08008dfc       0x24 build/mpu6050.o
                0x08008dfc                Sensor_I2C2_Read
 .text.Sensor_I2C2_Write
                0x08008e20       0x24 build/mpu6050.o
                0x08008e20                Sensor_I2C2_Write
 .text.Sensor_I2C2_Serch
                0x08008e44       0x34 build/mpu6050.o
                0x08008e44                Sensor_I2C2_Serch
 .text.MPU6050_Init
                0x08008e78       0x84 build/mpu6050.o
                0x08008e78                MPU6050_Init
 .text.MPU6050_Read_Accel
                0x08008efc       0x90 build/mpu6050.o
                0x08008efc                MPU6050_Read_Accel
 .text.MPU6050_Read_Gyro
                0x08008f8c       0x90 build/mpu6050.o
                0x08008f8c                MPU6050_Read_Gyro
 .text.MPU6050_Read_Temp
                0x0800901c       0x58 build/mpu6050.o
                0x0800901c                MPU6050_Read_Temp
 .text.Reset_Handler
                0x08009074       0x50 build/startup_stm32f407xx.o
                0x08009074                Reset_Handler
 .text.Default_Handler
                0x080090c4        0x2 build/startup_stm32f407xx.o
                0x080090c4                RTC_Alarm_IRQHandler
                0x080090c4                HASH_RNG_IRQHandler
                0x080090c4                EXTI2_IRQHandler
                0x080090c4                TIM8_CC_IRQHandler
                0x080090c4                TIM1_CC_IRQHandler
                0x080090c4                DMA2_Stream5_IRQHandler
                0x080090c4                DMA1_Stream5_IRQHandler
                0x080090c4                PVD_IRQHandler
                0x080090c4                SDIO_IRQHandler
                0x080090c4                TAMP_STAMP_IRQHandler
                0x080090c4                CAN2_RX1_IRQHandler
                0x080090c4                EXTI3_IRQHandler
                0x080090c4                TIM8_TRG_COM_TIM14_IRQHandler
                0x080090c4                TIM1_UP_TIM10_IRQHandler
                0x080090c4                I2C3_ER_IRQHandler
                0x080090c4                EXTI0_IRQHandler
                0x080090c4                I2C2_EV_IRQHandler
                0x080090c4                DMA1_Stream2_IRQHandler
                0x080090c4                CAN1_RX0_IRQHandler
                0x080090c4                FPU_IRQHandler
                0x080090c4                OTG_HS_WKUP_IRQHandler
                0x080090c4                CAN2_SCE_IRQHandler
                0x080090c4                DMA2_Stream2_IRQHandler
                0x080090c4                SPI1_IRQHandler
                0x080090c4                TIM6_DAC_IRQHandler
                0x080090c4                TIM1_BRK_TIM9_IRQHandler
                0x080090c4                DCMI_IRQHandler
                0x080090c4                CAN2_RX0_IRQHandler
                0x080090c4                DMA2_Stream3_IRQHandler
                0x080090c4                USART6_IRQHandler
                0x080090c4                USART3_IRQHandler
                0x080090c4                CAN1_RX1_IRQHandler
                0x080090c4                UART5_IRQHandler
                0x080090c4                DMA2_Stream0_IRQHandler
                0x080090c4                TIM4_IRQHandler
                0x080090c4                I2C1_EV_IRQHandler
                0x080090c4                DMA1_Stream6_IRQHandler
                0x080090c4                DMA1_Stream1_IRQHandler
                0x080090c4                UART4_IRQHandler
                0x080090c4                TIM3_IRQHandler
                0x080090c4                RCC_IRQHandler
                0x080090c4                TIM8_BRK_TIM12_IRQHandler
                0x080090c4                Default_Handler
                0x080090c4                EXTI15_10_IRQHandler
                0x080090c4                ADC_IRQHandler
                0x080090c4                DMA1_Stream7_IRQHandler
                0x080090c4                TIM7_IRQHandler
                0x080090c4                CAN2_TX_IRQHandler
                0x080090c4                TIM5_IRQHandler
                0x080090c4                DMA2_Stream7_IRQHandler
                0x080090c4                I2C3_EV_IRQHandler
                0x080090c4                EXTI9_5_IRQHandler
                0x080090c4                RTC_WKUP_IRQHandler
                0x080090c4                ETH_WKUP_IRQHandler
                0x080090c4                SPI2_IRQHandler
                0x080090c4                OTG_HS_EP1_IN_IRQHandler
                0x080090c4                DMA1_Stream0_IRQHandler
                0x080090c4                CAN1_TX_IRQHandler
                0x080090c4                EXTI4_IRQHandler
                0x080090c4                FSMC_IRQHandler
                0x080090c4                ETH_IRQHandler
                0x080090c4                OTG_HS_EP1_OUT_IRQHandler
                0x080090c4                WWDG_IRQHandler
                0x080090c4                TIM2_IRQHandler
                0x080090c4                OTG_FS_WKUP_IRQHandler
                0x080090c4                TIM1_TRG_COM_TIM11_IRQHandler
                0x080090c4                OTG_HS_IRQHandler
                0x080090c4                EXTI1_IRQHandler
                0x080090c4                USART2_IRQHandler
                0x080090c4                I2C2_ER_IRQHandler
                0x080090c4                DMA2_Stream1_IRQHandler
                0x080090c4                CAN1_SCE_IRQHandler
                0x080090c4                FLASH_IRQHandler
                0x080090c4                DMA2_Stream4_IRQHandler
                0x080090c4                USART1_IRQHandler
                0x080090c4                OTG_FS_IRQHandler
                0x080090c4                SPI3_IRQHandler
                0x080090c4                DMA1_Stream4_IRQHandler
                0x080090c4                I2C1_ER_IRQHandler
                0x080090c4                DMA2_Stream6_IRQHandler
                0x080090c4                DMA1_Stream3_IRQHandler
 *(.glue_7)
 .glue_7        0x080090c6        0x0 linker stubs
 *(.glue_7t)
 .glue_7t       0x080090c6        0x0 linker stubs
 *(.eh_frame)
 *fill*         0x080090c6        0x2 
 .eh_frame      0x080090c8        0x0 /usr/lib/gcc/arm-none-eabi/13.2.1/thumb/v7e-m+fp/hard/crtbegin.o
 *(.init)
 .init          0x080090c8        0x4 /usr/lib/gcc/arm-none-eabi/13.2.1/thumb/v7e-m+fp/hard/crti.o
                0x080090c8                _init
 .init          0x080090cc        0x8 /usr/lib/gcc/arm-none-eabi/13.2.1/thumb/v7e-m+fp/hard/crtn.o
 *(.fini)
 .fini          0x080090d4        0x4 /usr/lib/gcc/arm-none-eabi/13.2.1/thumb/v7e-m+fp/hard/crti.o
                0x080090d4                _fini
 .fini          0x080090d8        0x8 /usr/lib/gcc/arm-none-eabi/13.2.1/thumb/v7e-m+fp/hard/crtn.o
                0x080090e0                        . = ALIGN (0x4)
                0x080090e0                        _etext = .

.vfp11_veneer   0x080090e0        0x0
 .vfp11_veneer  0x080090e0        0x0 linker stubs

.v4_bx          0x080090e0        0x0
 .v4_bx         0x080090e0        0x0 linker stubs

.iplt           0x080090e0        0x0
 .iplt          0x080090e0        0x0 /usr/lib/gcc/arm-none-eabi/13.2.1/thumb/v7e-m+fp/hard/crtbegin.o

.rodata         0x080090e0      0x4dc
                0x080090e0                        . = ALIGN (0x4)
 *(.rodata)
 .rodata        0x080090e0      0x128 /usr/lib/gcc/arm-none-eabi/13.2.1/../../../arm-none-eabi/lib/thumb/v7e-m+fp/hard/libc_nano.a(libc_a-mprec.o)
                0x080090f0                __mprec_tens
                0x080091b8                __mprec_tinytens
                0x080091e0                __mprec_bigtens
 .rodata        0x08009208      0x101 /usr/lib/gcc/arm-none-eabi/13.2.1/../../../arm-none-eabi/lib/thumb/v7e-m+fp/hard/libc_nano.a(libc_a-ctype_.o)
                0x08009208                _ctype_
 *(.rodata*)
 *fill*         0x08009309        0x3 
 .rodata.StartUartTask.str1.4
                0x0800930c      0x212 build/freertos.o
                                 0x90 (size before relaxing)
 .rodata.str1.4
                0x0800951e       0x33 build/freertos.o
 *fill*         0x0800951e        0x2 
 .rodata.dataQueue01_attributes
                0x08009520       0x18 build/freertos.o
                0x08009520                dataQueue01_attributes
 .rodata.UartTask_attributes
                0x08009538       0x24 build/freertos.o
                0x08009538                UartTask_attributes
 .rodata.SensorTask_attributes
                0x0800955c       0x24 build/freertos.o
                0x0800955c                SensorTask_attributes
 .rodata.ProcessingTask_attributes
                0x08009580       0x24 build/freertos.o
                0x08009580                ProcessingTask_attributes
 .rodata.APBPrescTable
                0x080095a4        0x8 build/system_stm32f4xx.o
                0x080095a4                APBPrescTable
 .rodata.AHBPrescTable
                0x080095ac       0x10 build/system_stm32f4xx.o
                0x080095ac                AHBPrescTable
 .rodata.vTaskStartScheduler.str1.4
                0x080095bc        0x5 build/tasks.o
 .rodata.prvCheckForValidListAndQueue.str1.4
                0x080095bc        0x5 build/timers.o
 .rodata.xTimerCreateTimerTask.str1.4
                0x080095bc        0x8 build/timers.o
 .rodata.str1.4
                0x080095bc       0x12 /usr/lib/gcc/arm-none-eabi/13.2.1/../../../arm-none-eabi/lib/thumb/v7e-m+fp/hard/libc_nano.a(libc_a-nano-vfprintf_float.o)
 .rodata.str1.4
                0x080095bc       0x69 /usr/lib/gcc/arm-none-eabi/13.2.1/../../../arm-none-eabi/lib/thumb/v7e-m+fp/hard/libc_nano.a(libc_a-dtoa.o)
 .rodata.str1.4
                0x080095bc       0x25 /usr/lib/gcc/arm-none-eabi/13.2.1/../../../arm-none-eabi/lib/thumb/v7e-m+fp/hard/libc_nano.a(libc_a-nano-vfprintf_i.o)
 .rodata.str1.4
                0x080095bc       0x13 /usr/lib/gcc/arm-none-eabi/13.2.1/../../../arm-none-eabi/lib/thumb/v7e-m+fp/hard/libc_nano.a(libc_a-nano-vfprintf.o)
 .rodata.str1.4
                0x080095bc       0x43 /usr/lib/gcc/arm-none-eabi/13.2.1/../../../arm-none-eabi/lib/thumb/v7e-m+fp/hard/libc_nano.a(libc_a-assert.o)
 .rodata.str1.4
                0x080095bc       0x59 /usr/lib/gcc/arm-none-eabi/13.2.1/../../../arm-none-eabi/lib/thumb/v7e-m+fp/hard/libc_nano.a(libc_a-mprec.o)
 .rodata.str1.4
                0x080095bc       0x12 /usr/lib/gcc/arm-none-eabi/13.2.1/../../../arm-none-eabi/lib/thumb/v7e-m+fp/hard/libc_nano.a(libc_a-locale.o)
                0x08009628                        . = ALIGN (0x4)

.ARM.extab      0x080095bc        0x0
                0x080095bc                        . = ALIGN (0x4)
 *(.ARM.extab* .gnu.linkonce.armextab.*)
                0x080095bc                        . = ALIGN (0x4)

.ARM            0x080095bc        0x8
                0x080095bc                        . = ALIGN (0x4)
                0x080095bc                        __exidx_start = .
 *(.ARM.exidx*)
 .ARM.exidx     0x080095bc        0x8 /usr/lib/gcc/arm-none-eabi/13.2.1/../../../arm-none-eabi/lib/thumb/v7e-m+fp/hard/libc_nano.a(libc_a-memcpy.o)
 .ARM.exidx     0x080095c4        0x0 /usr/lib/gcc/arm-none-eabi/13.2.1/../../../arm-none-eabi/lib/thumb/v7e-m+fp/hard/libc_nano.a(libc_a-strlen.o)
                                  0x8 (size before relaxing)
 .ARM.exidx     0x080095c4        0x0 /usr/lib/gcc/arm-none-eabi/13.2.1/../../../arm-none-eabi/lib/thumb/v7e-m+fp/hard/libc_nano.a(libc_a-memchr.o)
                                  0x8 (size before relaxing)
 .ARM.exidx     0x080095c4        0x0 /usr/lib/gcc/arm-none-eabi/13.2.1/thumb/v7e-m+fp/hard/libgcc.a(_udivmoddi4.o)
                                  0x8 (size before relaxing)
                0x080095c4                        __exidx_end = .
                0x080095c4                        . = ALIGN (0x4)

.preinit_array  0x080095c4        0x0
                0x080095c4                        . = ALIGN (0x4)
                0x080095c4                        PROVIDE (__preinit_array_start = .)
 *(.preinit_array*)
                0x080095c4                        PROVIDE (__preinit_array_end = .)
                0x080095c4                        . = ALIGN (0x4)

.init_array     0x080095c4        0x4
                0x080095c4                        . = ALIGN (0x4)
                0x080095c4                        PROVIDE (__init_array_start = .)
 *(SORT_BY_NAME(.init_array.*))
 *(.init_array*)
 .init_array    0x080095c4        0x4 /usr/lib/gcc/arm-none-eabi/13.2.1/thumb/v7e-m+fp/hard/crtbegin.o
                0x080095c8                        PROVIDE (__init_array_end = .)
                0x080095c8                        . = ALIGN (0x4)

.fini_array     0x080095c8        0x4
                0x080095c8                        . = ALIGN (0x4)
                0x080095c8                        PROVIDE (__fini_array_start = .)
 *(SORT_BY_NAME(.fini_array.*))
 *(.fini_array*)
 .fini_array    0x080095c8        0x4 /usr/lib/gcc/arm-none-eabi/13.2.1/thumb/v7e-m+fp/hard/crtbegin.o
                0x080095cc                        PROVIDE (__fini_array_end = .)
                0x080095cc                        . = ALIGN (0x4)
                0x080095cc                        _sidata = LOADADDR (.data)

.rel.dyn        0x080095cc        0x0
 .rel.iplt      0x080095cc        0x0 /usr/lib/gcc/arm-none-eabi/13.2.1/thumb/v7e-m+fp/hard/crtbegin.o

.data           0x20000000      0x1dc load address 0x080095cc
                0x20000000                        . = ALIGN (0x4)
                0x20000000                        _sdata = .
 *(.data)
 .data          0x20000000        0xc /usr/lib/gcc/arm-none-eabi/13.2.1/../../../arm-none-eabi/lib/thumb/v7e-m+fp/hard/libc_nano.a(libc_a-findfp.o)
                0x20000000                __sglue
 .data          0x2000000c       0x50 /usr/lib/gcc/arm-none-eabi/13.2.1/../../../arm-none-eabi/lib/thumb/v7e-m+fp/hard/libc_nano.a(libc_a-impure.o)
                0x2000000c                _impure_ptr
                0x20000010                _impure_data
 .data          0x2000005c      0x16c /usr/lib/gcc/arm-none-eabi/13.2.1/../../../arm-none-eabi/lib/thumb/v7e-m+fp/hard/libc_nano.a(libc_a-locale.o)
                0x2000005c                __global_locale
 *(.data*)
 .data.uwTickFreq
                0x200001c8        0x1 build/stm32f4xx_hal.o
                0x200001c8                uwTickFreq
 *fill*         0x200001c9        0x3 
 .data.uwTickPrio
                0x200001cc        0x4 build/stm32f4xx_hal.o
                0x200001cc                uwTickPrio
 .data.SystemCoreClock
                0x200001d0        0x4 build/system_stm32f4xx.o
                0x200001d0                SystemCoreClock
 .data.uxCriticalNesting
                0x200001d4        0x4 build/port.o
 .data.Mpu6050Addr
                0x200001d8        0x2 build/mpu6050.o
 *(.RamFunc)
 *(.RamFunc*)
                0x200001dc                        . = ALIGN (0x4)
 *fill*         0x200001da        0x2 
                0x200001dc                        _edata = .
                0x080097a8                        _siccmram = LOADADDR (.ccmram)

.tm_clone_table
                0x200001dc        0x0 load address 0x080097a8
 .tm_clone_table
                0x200001dc        0x0 /usr/lib/gcc/arm-none-eabi/13.2.1/thumb/v7e-m+fp/hard/crtbegin.o
 .tm_clone_table
                0x200001dc        0x0 /usr/lib/gcc/arm-none-eabi/13.2.1/thumb/v7e-m+fp/hard/crtend.o

.igot.plt       0x200001dc        0x0 load address 0x080097a8
 .igot.plt      0x200001dc        0x0 /usr/lib/gcc/arm-none-eabi/13.2.1/thumb/v7e-m+fp/hard/crtbegin.o

.ccmram         0x10000000        0x0 load address 0x080097a8
                0x10000000                        . = ALIGN (0x4)
                0x10000000                        _sccmram = .
 *(.ccmram)
 *(.ccmram*)
                0x10000000                        . = ALIGN (0x4)
                0x10000000                        _eccmram = .
                0x10000000                        . = ALIGN (0x4)

.bss            0x200001dc     0x4bcc
                0x200001dc                        _sbss = .
                0x200001dc                        __bss_start__ = _sbss
 *(.bss)
 .bss           0x200001dc       0x1c /usr/lib/gcc/arm-none-eabi/13.2.1/thumb/v7e-m+fp/hard/crtbegin.o
 .bss           0x200001f8      0x13c /usr/lib/gcc/arm-none-eabi/13.2.1/../../../arm-none-eabi/lib/thumb/v7e-m+fp/hard/libc_nano.a(libc_a-findfp.o)
                0x200001f8                __sf
                0x20000330                __stdio_exit_handler
 .bss           0x20000334        0x8 /usr/lib/gcc/arm-none-eabi/13.2.1/../../../arm-none-eabi/lib/thumb/v7e-m+fp/hard/libc_nano.a(libc_a-mallocr.o)
                0x20000334                __malloc_sbrk_start
                0x20000338                __malloc_free_list
 .bss           0x2000033c        0x4 /usr/lib/gcc/arm-none-eabi/13.2.1/../../../arm-none-eabi/lib/thumb/v7e-m+fp/hard/libc_nano.a(libc_a-reent.o)
                0x2000033c                errno
 .bss           0x20000340        0x4 /usr/lib/gcc/arm-none-eabi/13.2.1/../../../arm-none-eabi/lib/thumb/v7e-m+fp/hard/libnosys.a(sbrk.o)
 *(.bss*)
 .bss.dataQueue01Handle
                0x20000344        0x4 build/freertos.o
                0x20000344                dataQueue01Handle
 .bss.UartTaskHandle
                0x20000348        0x4 build/freertos.o
                0x20000348                UartTaskHandle
 .bss.SensorTaskHandle
                0x2000034c        0x4 build/freertos.o
                0x2000034c                SensorTaskHandle
 .bss.ProcessingTaskHandle
                0x20000350        0x4 build/freertos.o
                0x20000350                ProcessingTaskHandle
 .bss.hi2c2     0x20000354       0x54 build/i2c.o
                0x20000354                hi2c2
 .bss.huart1    0x200003a8       0x48 build/usart.o
                0x200003a8                huart1
 .bss.htim8     0x200003f0       0x48 build/stm32f4xx_hal_timebase_tim.o
                0x200003f0                htim8
 .bss.uwTick    0x20000438        0x4 build/stm32f4xx_hal.o
                0x20000438                uwTick
 .bss.xQueueRegistry
                0x2000043c       0x40 build/queue.o
                0x2000043c                xQueueRegistry
 .bss.uxSchedulerSuspended
                0x2000047c        0x4 build/tasks.o
 .bss.xIdleTaskHandle
                0x20000480        0x4 build/tasks.o
 .bss.xNextTaskUnblockTime
                0x20000484        0x4 build/tasks.o
 .bss.uxTaskNumber
                0x20000488        0x4 build/tasks.o
 .bss.xNumOfOverflows
                0x2000048c        0x4 build/tasks.o
 .bss.xYieldPending
                0x20000490        0x4 build/tasks.o
 .bss.xPendedTicks
                0x20000494        0x4 build/tasks.o
 .bss.xSchedulerRunning
                0x20000498        0x4 build/tasks.o
 .bss.uxTopReadyPriority
                0x2000049c        0x4 build/tasks.o
 .bss.xTickCount
                0x200004a0        0x4 build/tasks.o
 .bss.uxCurrentNumberOfTasks
                0x200004a4        0x4 build/tasks.o
 .bss.xSuspendedTaskList
                0x200004a8       0x14 build/tasks.o
 .bss.uxDeletedTasksWaitingCleanUp
                0x200004bc        0x4 build/tasks.o
 .bss.xTasksWaitingTermination
                0x200004c0       0x14 build/tasks.o
 .bss.xPendingReadyList
                0x200004d4       0x14 build/tasks.o
 .bss.pxOverflowDelayedTaskList
                0x200004e8        0x4 build/tasks.o
 .bss.pxDelayedTaskList
                0x200004ec        0x4 build/tasks.o
 .bss.xDelayedTaskList2
                0x200004f0       0x14 build/tasks.o
 .bss.xDelayedTaskList1
                0x20000504       0x14 build/tasks.o
 .bss.pxReadyTasksLists
                0x20000518      0x460 build/tasks.o
 .bss.pxCurrentTCB
                0x20000978        0x4 build/tasks.o
                0x20000978                pxCurrentTCB
 .bss.xStaticTimerQueue.0
                0x2000097c       0x50 build/timers.o
 .bss.ucStaticTimerQueueStorage.1
                0x200009cc       0xa0 build/timers.o
 .bss.xLastTime.2
                0x20000a6c        0x4 build/timers.o
 .bss.xTimerTaskHandle
                0x20000a70        0x4 build/timers.o
 .bss.xTimerQueue
                0x20000a74        0x4 build/timers.o
 .bss.pxOverflowTimerList
                0x20000a78        0x4 build/timers.o
 .bss.pxCurrentTimerList
                0x20000a7c        0x4 build/timers.o
 .bss.xActiveTimerList2
                0x20000a80       0x14 build/timers.o
 .bss.xActiveTimerList1
                0x20000a94       0x14 build/timers.o
 .bss.Timer_Stack.0
                0x20000aa8      0x400 build/cmsis_os2.o
 .bss.Timer_TCB.1
                0x20000ea8       0x5c build/cmsis_os2.o
 .bss.Idle_Stack.2
                0x20000f04      0x200 build/cmsis_os2.o
 .bss.Idle_TCB.3
                0x20001104       0x5c build/cmsis_os2.o
 .bss.KernelState
                0x20001160        0x4 build/cmsis_os2.o
 .bss.xBlockAllocatedBit
                0x20001164        0x4 build/heap_4.o
 .bss.xNumberOfSuccessfulFrees
                0x20001168        0x4 build/heap_4.o
 .bss.xNumberOfSuccessfulAllocations
                0x2000116c        0x4 build/heap_4.o
 .bss.xMinimumEverFreeBytesRemaining
                0x20001170        0x4 build/heap_4.o
 .bss.xFreeBytesRemaining
                0x20001174        0x4 build/heap_4.o
 .bss.pxEnd     0x20001178        0x4 build/heap_4.o
 .bss.xStart    0x2000117c        0x8 build/heap_4.o
 .bss.ucHeap    0x20001184     0x3c00 build/heap_4.o
 .bss.ulMaxPRIGROUPValue
                0x20004d84        0x4 build/port.o
 .bss.ucMaxSysCallPriority
                0x20004d88        0x1 build/port.o
 *fill*         0x20004d89        0x3 
 .bss.Mpu6050_Data
                0x20004d8c       0x1c build/mpu6050.o
                0x20004d8c                Mpu6050_Data
 *(COMMON)
                0x20004da8                        . = ALIGN (0x4)
                0x20004da8                        _ebss = .
                0x20004da8                        __bss_end__ = _ebss

._user_heap_stack
                0x20004da8      0x600
                0x20004da8                        . = ALIGN (0x8)
                0x20004da8                        PROVIDE (end = .)
                [!provide]                        PROVIDE (_end = .)
                0x20004fa8                        . = (. + _Min_Heap_Size)
 *fill*         0x20004da8      0x200 
                0x200053a8                        . = (. + _Min_Stack_Size)
 *fill*         0x20004fa8      0x400 
                0x200053a8                        . = ALIGN (0x8)

/DISCARD/
 libc.a(*)
 libm.a(*)
 libgcc.a(*)
OUTPUT(build/robot-mpu6050.elf elf32-littlearm)
LOAD linker stubs
LOAD /usr/lib/gcc/arm-none-eabi/13.2.1/../../../arm-none-eabi/lib/thumb/v7e-m+fp/hard/libc.a
LOAD /usr/lib/gcc/arm-none-eabi/13.2.1/../../../arm-none-eabi/lib/thumb/v7e-m+fp/hard/libm.a
LOAD /usr/lib/gcc/arm-none-eabi/13.2.1/thumb/v7e-m+fp/hard/libgcc.a

.ARM.attributes
                0x00000000       0x30
 .ARM.attributes
                0x00000000       0x22 /usr/lib/gcc/arm-none-eabi/13.2.1/thumb/v7e-m+fp/hard/crti.o
 .ARM.attributes
                0x00000022       0x34 /usr/lib/gcc/arm-none-eabi/13.2.1/thumb/v7e-m+fp/hard/crtbegin.o
 .ARM.attributes
                0x00000056       0x34 build/main.o
 .ARM.attributes
                0x0000008a       0x34 build/gpio.o
 .ARM.attributes
                0x000000be       0x34 build/freertos.o
 .ARM.attributes
                0x000000f2       0x34 build/i2c.o
 .ARM.attributes
                0x00000126       0x34 build/usart.o
 .ARM.attributes
                0x0000015a       0x34 build/stm32f4xx_it.o
 .ARM.attributes
                0x0000018e       0x34 build/stm32f4xx_hal_msp.o
 .ARM.attributes
                0x000001c2       0x34 build/stm32f4xx_hal_timebase_tim.o
 .ARM.attributes
                0x000001f6       0x34 build/stm32f4xx_hal_tim.o
 .ARM.attributes
                0x0000022a       0x34 build/stm32f4xx_hal_tim_ex.o
 .ARM.attributes
                0x0000025e       0x34 build/stm32f4xx_hal_rcc.o
 .ARM.attributes
                0x00000292       0x34 build/stm32f4xx_hal_gpio.o
 .ARM.attributes
                0x000002c6       0x34 build/stm32f4xx_hal_cortex.o
 .ARM.attributes
                0x000002fa       0x34 build/stm32f4xx_hal.o
 .ARM.attributes
                0x0000032e       0x34 build/stm32f4xx_hal_i2c.o
 .ARM.attributes
                0x00000362       0x34 build/stm32f4xx_hal_uart.o
 .ARM.attributes
                0x00000396       0x34 build/system_stm32f4xx.o
 .ARM.attributes
                0x000003ca       0x34 build/list.o
 .ARM.attributes
                0x000003fe       0x34 build/queue.o
 .ARM.attributes
                0x00000432       0x34 build/tasks.o
 .ARM.attributes
                0x00000466       0x34 build/timers.o
 .ARM.attributes
                0x0000049a       0x34 build/cmsis_os2.o
 .ARM.attributes
                0x000004ce       0x34 build/heap_4.o
 .ARM.attributes
                0x00000502       0x34 build/port.o
 .ARM.attributes
                0x00000536       0x34 build/mpu6050.o
 .ARM.attributes
                0x0000056a       0x21 build/startup_stm32f407xx.o
 .ARM.attributes
                0x0000058b       0x34 /usr/lib/gcc/arm-none-eabi/13.2.1/../../../arm-none-eabi/lib/thumb/v7e-m+fp/hard/libc_nano.a(libc_a-init.o)
 .ARM.attributes
                0x000005bf       0x34 /usr/lib/gcc/arm-none-eabi/13.2.1/../../../arm-none-eabi/lib/thumb/v7e-m+fp/hard/libc_nano.a(libc_a-puts.o)
 .ARM.attributes
                0x000005f3       0x34 /usr/lib/gcc/arm-none-eabi/13.2.1/../../../arm-none-eabi/lib/thumb/v7e-m+fp/hard/libc_nano.a(libc_a-findfp.o)
 .ARM.attributes
                0x00000627       0x34 /usr/lib/gcc/arm-none-eabi/13.2.1/../../../arm-none-eabi/lib/thumb/v7e-m+fp/hard/libc_nano.a(libc_a-memset.o)
 .ARM.attributes
                0x0000065b       0x34 /usr/lib/gcc/arm-none-eabi/13.2.1/../../../arm-none-eabi/lib/thumb/v7e-m+fp/hard/libc_nano.a(libc_a-fflush.o)
 .ARM.attributes
                0x0000068f       0x34 /usr/lib/gcc/arm-none-eabi/13.2.1/../../../arm-none-eabi/lib/thumb/v7e-m+fp/hard/libc_nano.a(libc_a-nano-vfprintf_float.o)
 .ARM.attributes
                0x000006c3       0x34 /usr/lib/gcc/arm-none-eabi/13.2.1/../../../arm-none-eabi/lib/thumb/v7e-m+fp/hard/libc_nano.a(libc_a-mallocr.o)
 .ARM.attributes
                0x000006f7       0x34 /usr/lib/gcc/arm-none-eabi/13.2.1/../../../arm-none-eabi/lib/thumb/v7e-m+fp/hard/libc_nano.a(libc_a-dtoa.o)
 .ARM.attributes
                0x0000072b       0x34 /usr/lib/gcc/arm-none-eabi/13.2.1/../../../arm-none-eabi/lib/thumb/v7e-m+fp/hard/libc_nano.a(libc_a-freer.o)
 .ARM.attributes
                0x0000075f       0x34 /usr/lib/gcc/arm-none-eabi/13.2.1/../../../arm-none-eabi/lib/thumb/v7e-m+fp/hard/libc_nano.a(libc_a-fwalk.o)
 .ARM.attributes
                0x00000793       0x34 /usr/lib/gcc/arm-none-eabi/13.2.1/../../../arm-none-eabi/lib/thumb/v7e-m+fp/hard/libc_nano.a(libc_a-wsetup.o)
 .ARM.attributes
                0x000007c7       0x20 /usr/lib/gcc/arm-none-eabi/13.2.1/../../../arm-none-eabi/lib/thumb/v7e-m+fp/hard/libc_nano.a(libc_a-memcpy.o)
 .ARM.attributes
                0x000007e7       0x34 /usr/lib/gcc/arm-none-eabi/13.2.1/../../../arm-none-eabi/lib/thumb/v7e-m+fp/hard/libc_nano.a(libc_a-malloc.o)
 .ARM.attributes
                0x0000081b       0x34 /usr/lib/gcc/arm-none-eabi/13.2.1/../../../arm-none-eabi/lib/thumb/v7e-m+fp/hard/libc_nano.a(libc_a-nano-vfprintf_i.o)
 .ARM.attributes
                0x0000084f       0x34 /usr/lib/gcc/arm-none-eabi/13.2.1/../../../arm-none-eabi/lib/thumb/v7e-m+fp/hard/libc_nano.a(libc_a-mlock.o)
 .ARM.attributes
                0x00000883       0x34 /usr/lib/gcc/arm-none-eabi/13.2.1/../../../arm-none-eabi/lib/thumb/v7e-m+fp/hard/libc_nano.a(libc_a-makebuf.o)
 .ARM.attributes
                0x000008b7       0x34 /usr/lib/gcc/arm-none-eabi/13.2.1/../../../arm-none-eabi/lib/thumb/v7e-m+fp/hard/libc_nano.a(libc_a-printf.o)
 .ARM.attributes
                0x000008eb       0x34 /usr/lib/gcc/arm-none-eabi/13.2.1/../../../arm-none-eabi/lib/thumb/v7e-m+fp/hard/libc_nano.a(libc_a-isattyr.o)
 .ARM.attributes
                0x0000091f       0x34 /usr/lib/gcc/arm-none-eabi/13.2.1/../../../arm-none-eabi/lib/thumb/v7e-m+fp/hard/libc_nano.a(libc_a-nano-vfprintf.o)
 .ARM.attributes
                0x00000953       0x34 /usr/lib/gcc/arm-none-eabi/13.2.1/../../../arm-none-eabi/lib/thumb/v7e-m+fp/hard/libc_nano.a(libc_a-wbuf.o)
 .ARM.attributes
                0x00000987       0x34 /usr/lib/gcc/arm-none-eabi/13.2.1/../../../arm-none-eabi/lib/thumb/v7e-m+fp/hard/libc_nano.a(libc_a-assert.o)
 .ARM.attributes
                0x000009bb       0x34 /usr/lib/gcc/arm-none-eabi/13.2.1/../../../arm-none-eabi/lib/thumb/v7e-m+fp/hard/libc_nano.a(libc_a-mprec.o)
 .ARM.attributes
                0x000009ef       0x34 /usr/lib/gcc/arm-none-eabi/13.2.1/../../../arm-none-eabi/lib/thumb/v7e-m+fp/hard/libc_nano.a(libc_a-sbrkr.o)
 .ARM.attributes
                0x00000a23       0x34 /usr/lib/gcc/arm-none-eabi/13.2.1/../../../arm-none-eabi/lib/thumb/v7e-m+fp/hard/libc_nano.a(libc_a-stdio.o)
 .ARM.attributes
                0x00000a57       0x34 /usr/lib/gcc/arm-none-eabi/13.2.1/../../../arm-none-eabi/lib/thumb/v7e-m+fp/hard/libc_nano.a(libc_a-impure.o)
 .ARM.attributes
                0x00000a8b       0x34 /usr/lib/gcc/arm-none-eabi/13.2.1/../../../arm-none-eabi/lib/thumb/v7e-m+fp/hard/libc_nano.a(libc_a-localeconv.o)
 .ARM.attributes
                0x00000abf       0x34 /usr/lib/gcc/arm-none-eabi/13.2.1/../../../arm-none-eabi/lib/thumb/v7e-m+fp/hard/libc_nano.a(libc_a-fvwrite.o)
 .ARM.attributes
                0x00000af3       0x34 /usr/lib/gcc/arm-none-eabi/13.2.1/../../../arm-none-eabi/lib/thumb/v7e-m+fp/hard/libc_nano.a(libc_a-abort.o)
 .ARM.attributes
                0x00000b27       0x34 /usr/lib/gcc/arm-none-eabi/13.2.1/../../../arm-none-eabi/lib/thumb/v7e-m+fp/hard/libc_nano.a(libc_a-closer.o)
 .ARM.attributes
                0x00000b5b       0x1c /usr/lib/gcc/arm-none-eabi/13.2.1/../../../arm-none-eabi/lib/thumb/v7e-m+fp/hard/libc_nano.a(libc_a-strlen.o)
 .ARM.attributes
                0x00000b77       0x34 /usr/lib/gcc/arm-none-eabi/13.2.1/../../../arm-none-eabi/lib/thumb/v7e-m+fp/hard/libc_nano.a(libc_a-callocr.o)
 .ARM.attributes
                0x00000bab       0x34 /usr/lib/gcc/arm-none-eabi/13.2.1/../../../arm-none-eabi/lib/thumb/v7e-m+fp/hard/libc_nano.a(libc_a-locale.o)
 .ARM.attributes
                0x00000bdf       0x34 /usr/lib/gcc/arm-none-eabi/13.2.1/../../../arm-none-eabi/lib/thumb/v7e-m+fp/hard/libc_nano.a(libc_a-memmove.o)
 .ARM.attributes
                0x00000c13       0x34 /usr/lib/gcc/arm-none-eabi/13.2.1/../../../arm-none-eabi/lib/thumb/v7e-m+fp/hard/libc_nano.a(libc_a-wctomb_r.o)
 .ARM.attributes
                0x00000c47       0x1c /usr/lib/gcc/arm-none-eabi/13.2.1/../../../arm-none-eabi/lib/thumb/v7e-m+fp/hard/libc_nano.a(libc_a-memchr.o)
 .ARM.attributes
                0x00000c63       0x34 /usr/lib/gcc/arm-none-eabi/13.2.1/../../../arm-none-eabi/lib/thumb/v7e-m+fp/hard/libc_nano.a(libc_a-readr.o)
 .ARM.attributes
                0x00000c97       0x34 /usr/lib/gcc/arm-none-eabi/13.2.1/../../../arm-none-eabi/lib/thumb/v7e-m+fp/hard/libc_nano.a(libc_a-fprintf.o)
 .ARM.attributes
                0x00000ccb       0x34 /usr/lib/gcc/arm-none-eabi/13.2.1/../../../arm-none-eabi/lib/thumb/v7e-m+fp/hard/libc_nano.a(libc_a-reent.o)
 .ARM.attributes
                0x00000cff       0x34 /usr/lib/gcc/arm-none-eabi/13.2.1/../../../arm-none-eabi/lib/thumb/v7e-m+fp/hard/libc_nano.a(libc_a-reallocr.o)
 .ARM.attributes
                0x00000d33       0x34 /usr/lib/gcc/arm-none-eabi/13.2.1/../../../arm-none-eabi/lib/thumb/v7e-m+fp/hard/libc_nano.a(libc_a-fstatr.o)
 .ARM.attributes
                0x00000d67       0x34 /usr/lib/gcc/arm-none-eabi/13.2.1/../../../arm-none-eabi/lib/thumb/v7e-m+fp/hard/libc_nano.a(libc_a-lseekr.o)
 .ARM.attributes
                0x00000d9b       0x34 /usr/lib/gcc/arm-none-eabi/13.2.1/../../../arm-none-eabi/lib/thumb/v7e-m+fp/hard/libc_nano.a(libc_a-ctype_.o)
 .ARM.attributes
                0x00000dcf       0x34 /usr/lib/gcc/arm-none-eabi/13.2.1/../../../arm-none-eabi/lib/thumb/v7e-m+fp/hard/libc_nano.a(libc_a-writer.o)
 .ARM.attributes
                0x00000e03       0x34 /usr/lib/gcc/arm-none-eabi/13.2.1/../../../arm-none-eabi/lib/thumb/v7e-m+fp/hard/libc_nano.a(libc_a-msizer.o)
 .ARM.attributes
                0x00000e37       0x34 /usr/lib/gcc/arm-none-eabi/13.2.1/../../../arm-none-eabi/lib/thumb/v7e-m+fp/hard/libc_nano.a(libc_a-mbtowc_r.o)
 .ARM.attributes
                0x00000e6b       0x34 /usr/lib/gcc/arm-none-eabi/13.2.1/../../../arm-none-eabi/lib/thumb/v7e-m+fp/hard/libc_nano.a(libc_a-signal.o)
 .ARM.attributes
                0x00000e9f       0x34 /usr/lib/gcc/arm-none-eabi/13.2.1/../../../arm-none-eabi/lib/thumb/v7e-m+fp/hard/libc_nano.a(libc_a-signalr.o)
 .ARM.attributes
                0x00000ed3       0x34 /usr/lib/gcc/arm-none-eabi/13.2.1/../../../arm-none-eabi/lib/thumb/v7e-m+fp/hard/libnosys.a(close.o)
 .ARM.attributes
                0x00000f07       0x34 /usr/lib/gcc/arm-none-eabi/13.2.1/../../../arm-none-eabi/lib/thumb/v7e-m+fp/hard/libnosys.a(fstat.o)
 .ARM.attributes
                0x00000f3b       0x34 /usr/lib/gcc/arm-none-eabi/13.2.1/../../../arm-none-eabi/lib/thumb/v7e-m+fp/hard/libnosys.a(getpid.o)
 .ARM.attributes
                0x00000f6f       0x34 /usr/lib/gcc/arm-none-eabi/13.2.1/../../../arm-none-eabi/lib/thumb/v7e-m+fp/hard/libnosys.a(isatty.o)
 .ARM.attributes
                0x00000fa3       0x34 /usr/lib/gcc/arm-none-eabi/13.2.1/../../../arm-none-eabi/lib/thumb/v7e-m+fp/hard/libnosys.a(kill.o)
 .ARM.attributes
                0x00000fd7       0x34 /usr/lib/gcc/arm-none-eabi/13.2.1/../../../arm-none-eabi/lib/thumb/v7e-m+fp/hard/libnosys.a(lseek.o)
 .ARM.attributes
                0x0000100b       0x34 /usr/lib/gcc/arm-none-eabi/13.2.1/../../../arm-none-eabi/lib/thumb/v7e-m+fp/hard/libnosys.a(read.o)
 .ARM.attributes
                0x0000103f       0x34 /usr/lib/gcc/arm-none-eabi/13.2.1/../../../arm-none-eabi/lib/thumb/v7e-m+fp/hard/libnosys.a(sbrk.o)
 .ARM.attributes
                0x00001073       0x34 /usr/lib/gcc/arm-none-eabi/13.2.1/../../../arm-none-eabi/lib/thumb/v7e-m+fp/hard/libnosys.a(_exit.o)
 .ARM.attributes
                0x000010a7       0x22 /usr/lib/gcc/arm-none-eabi/13.2.1/thumb/v7e-m+fp/hard/libgcc.a(_arm_addsubdf3.o)
 .ARM.attributes
                0x000010c9       0x22 /usr/lib/gcc/arm-none-eabi/13.2.1/thumb/v7e-m+fp/hard/libgcc.a(_arm_muldivdf3.o)
 .ARM.attributes
                0x000010eb       0x22 /usr/lib/gcc/arm-none-eabi/13.2.1/thumb/v7e-m+fp/hard/libgcc.a(_arm_cmpdf2.o)
 .ARM.attributes
                0x0000110d       0x22 /usr/lib/gcc/arm-none-eabi/13.2.1/thumb/v7e-m+fp/hard/libgcc.a(_arm_unorddf2.o)
 .ARM.attributes
                0x0000112f       0x22 /usr/lib/gcc/arm-none-eabi/13.2.1/thumb/v7e-m+fp/hard/libgcc.a(_arm_fixdfsi.o)
 .ARM.attributes
                0x00001151       0x22 /usr/lib/gcc/arm-none-eabi/13.2.1/thumb/v7e-m+fp/hard/libgcc.a(_aeabi_uldivmod.o)
 .ARM.attributes
                0x00001173       0x34 /usr/lib/gcc/arm-none-eabi/13.2.1/thumb/v7e-m+fp/hard/libgcc.a(_udivmoddi4.o)
 .ARM.attributes
                0x000011a7       0x22 /usr/lib/gcc/arm-none-eabi/13.2.1/thumb/v7e-m+fp/hard/libgcc.a(_dvmd_tls.o)
 .ARM.attributes
                0x000011c9       0x34 /usr/lib/gcc/arm-none-eabi/13.2.1/thumb/v7e-m+fp/hard/crtend.o
 .ARM.attributes
                0x000011fd       0x22 /usr/lib/gcc/arm-none-eabi/13.2.1/thumb/v7e-m+fp/hard/crtn.o

.comment        0x00000000       0x26
 .comment       0x00000000       0x26 /usr/lib/gcc/arm-none-eabi/13.2.1/thumb/v7e-m+fp/hard/crtbegin.o
                                 0x27 (size before relaxing)
 .comment       0x00000026       0x27 build/main.o
 .comment       0x00000026       0x27 build/gpio.o
 .comment       0x00000026       0x27 build/freertos.o
 .comment       0x00000026       0x27 build/i2c.o
 .comment       0x00000026       0x27 build/usart.o
 .comment       0x00000026       0x27 build/stm32f4xx_it.o
 .comment       0x00000026       0x27 build/stm32f4xx_hal_msp.o
 .comment       0x00000026       0x27 build/stm32f4xx_hal_timebase_tim.o
 .comment       0x00000026       0x27 build/stm32f4xx_hal_tim.o
 .comment       0x00000026       0x27 build/stm32f4xx_hal_tim_ex.o
 .comment       0x00000026       0x27 build/stm32f4xx_hal_rcc.o
 .comment       0x00000026       0x27 build/stm32f4xx_hal_gpio.o
 .comment       0x00000026       0x27 build/stm32f4xx_hal_cortex.o
 .comment       0x00000026       0x27 build/stm32f4xx_hal.o
 .comment       0x00000026       0x27 build/stm32f4xx_hal_i2c.o
 .comment       0x00000026       0x27 build/stm32f4xx_hal_uart.o
 .comment       0x00000026       0x27 build/system_stm32f4xx.o
 .comment       0x00000026       0x27 build/list.o
 .comment       0x00000026       0x27 build/queue.o
 .comment       0x00000026       0x27 build/tasks.o
 .comment       0x00000026       0x27 build/timers.o
 .comment       0x00000026       0x27 build/cmsis_os2.o
 .comment       0x00000026       0x27 build/heap_4.o
 .comment       0x00000026       0x27 build/port.o
 .comment       0x00000026       0x27 build/mpu6050.o
 .comment       0x00000026       0x27 /usr/lib/gcc/arm-none-eabi/13.2.1/../../../arm-none-eabi/lib/thumb/v7e-m+fp/hard/libc_nano.a(libc_a-init.o)
 .comment       0x00000026       0x27 /usr/lib/gcc/arm-none-eabi/13.2.1/../../../arm-none-eabi/lib/thumb/v7e-m+fp/hard/libc_nano.a(libc_a-puts.o)
 .comment       0x00000026       0x27 /usr/lib/gcc/arm-none-eabi/13.2.1/../../../arm-none-eabi/lib/thumb/v7e-m+fp/hard/libc_nano.a(libc_a-findfp.o)
 .comment       0x00000026       0x27 /usr/lib/gcc/arm-none-eabi/13.2.1/../../../arm-none-eabi/lib/thumb/v7e-m+fp/hard/libc_nano.a(libc_a-memset.o)
 .comment       0x00000026       0x27 /usr/lib/gcc/arm-none-eabi/13.2.1/../../../arm-none-eabi/lib/thumb/v7e-m+fp/hard/libc_nano.a(libc_a-fflush.o)
 .comment       0x00000026       0x27 /usr/lib/gcc/arm-none-eabi/13.2.1/../../../arm-none-eabi/lib/thumb/v7e-m+fp/hard/libc_nano.a(libc_a-nano-vfprintf_float.o)
 .comment       0x00000026       0x27 /usr/lib/gcc/arm-none-eabi/13.2.1/../../../arm-none-eabi/lib/thumb/v7e-m+fp/hard/libc_nano.a(libc_a-mallocr.o)
 .comment       0x00000026       0x27 /usr/lib/gcc/arm-none-eabi/13.2.1/../../../arm-none-eabi/lib/thumb/v7e-m+fp/hard/libc_nano.a(libc_a-dtoa.o)
 .comment       0x00000026       0x27 /usr/lib/gcc/arm-none-eabi/13.2.1/../../../arm-none-eabi/lib/thumb/v7e-m+fp/hard/libc_nano.a(libc_a-freer.o)
 .comment       0x00000026       0x27 /usr/lib/gcc/arm-none-eabi/13.2.1/../../../arm-none-eabi/lib/thumb/v7e-m+fp/hard/libc_nano.a(libc_a-fwalk.o)
 .comment       0x00000026       0x27 /usr/lib/gcc/arm-none-eabi/13.2.1/../../../arm-none-eabi/lib/thumb/v7e-m+fp/hard/libc_nano.a(libc_a-wsetup.o)
 .comment       0x00000026       0x27 /usr/lib/gcc/arm-none-eabi/13.2.1/../../../arm-none-eabi/lib/thumb/v7e-m+fp/hard/libc_nano.a(libc_a-malloc.o)
 .comment       0x00000026       0x27 /usr/lib/gcc/arm-none-eabi/13.2.1/../../../arm-none-eabi/lib/thumb/v7e-m+fp/hard/libc_nano.a(libc_a-nano-vfprintf_i.o)
 .comment       0x00000026       0x27 /usr/lib/gcc/arm-none-eabi/13.2.1/../../../arm-none-eabi/lib/thumb/v7e-m+fp/hard/libc_nano.a(libc_a-mlock.o)
 .comment       0x00000026       0x27 /usr/lib/gcc/arm-none-eabi/13.2.1/../../../arm-none-eabi/lib/thumb/v7e-m+fp/hard/libc_nano.a(libc_a-makebuf.o)
 .comment       0x00000026       0x27 /usr/lib/gcc/arm-none-eabi/13.2.1/../../../arm-none-eabi/lib/thumb/v7e-m+fp/hard/libc_nano.a(libc_a-printf.o)
 .comment       0x00000026       0x27 /usr/lib/gcc/arm-none-eabi/13.2.1/../../../arm-none-eabi/lib/thumb/v7e-m+fp/hard/libc_nano.a(libc_a-isattyr.o)
 .comment       0x00000026       0x27 /usr/lib/gcc/arm-none-eabi/13.2.1/../../../arm-none-eabi/lib/thumb/v7e-m+fp/hard/libc_nano.a(libc_a-nano-vfprintf.o)
 .comment       0x00000026       0x27 /usr/lib/gcc/arm-none-eabi/13.2.1/../../../arm-none-eabi/lib/thumb/v7e-m+fp/hard/libc_nano.a(libc_a-wbuf.o)
 .comment       0x00000026       0x27 /usr/lib/gcc/arm-none-eabi/13.2.1/../../../arm-none-eabi/lib/thumb/v7e-m+fp/hard/libc_nano.a(libc_a-assert.o)
 .comment       0x00000026       0x27 /usr/lib/gcc/arm-none-eabi/13.2.1/../../../arm-none-eabi/lib/thumb/v7e-m+fp/hard/libc_nano.a(libc_a-mprec.o)
 .comment       0x00000026       0x27 /usr/lib/gcc/arm-none-eabi/13.2.1/../../../arm-none-eabi/lib/thumb/v7e-m+fp/hard/libc_nano.a(libc_a-sbrkr.o)
 .comment       0x00000026       0x27 /usr/lib/gcc/arm-none-eabi/13.2.1/../../../arm-none-eabi/lib/thumb/v7e-m+fp/hard/libc_nano.a(libc_a-stdio.o)
 .comment       0x00000026       0x27 /usr/lib/gcc/arm-none-eabi/13.2.1/../../../arm-none-eabi/lib/thumb/v7e-m+fp/hard/libc_nano.a(libc_a-impure.o)
 .comment       0x00000026       0x27 /usr/lib/gcc/arm-none-eabi/13.2.1/../../../arm-none-eabi/lib/thumb/v7e-m+fp/hard/libc_nano.a(libc_a-localeconv.o)
 .comment       0x00000026       0x27 /usr/lib/gcc/arm-none-eabi/13.2.1/../../../arm-none-eabi/lib/thumb/v7e-m+fp/hard/libc_nano.a(libc_a-fvwrite.o)
 .comment       0x00000026       0x27 /usr/lib/gcc/arm-none-eabi/13.2.1/../../../arm-none-eabi/lib/thumb/v7e-m+fp/hard/libc_nano.a(libc_a-abort.o)
 .comment       0x00000026       0x27 /usr/lib/gcc/arm-none-eabi/13.2.1/../../../arm-none-eabi/lib/thumb/v7e-m+fp/hard/libc_nano.a(libc_a-closer.o)
 .comment       0x00000026       0x27 /usr/lib/gcc/arm-none-eabi/13.2.1/../../../arm-none-eabi/lib/thumb/v7e-m+fp/hard/libc_nano.a(libc_a-callocr.o)
 .comment       0x00000026       0x27 /usr/lib/gcc/arm-none-eabi/13.2.1/../../../arm-none-eabi/lib/thumb/v7e-m+fp/hard/libc_nano.a(libc_a-locale.o)
 .comment       0x00000026       0x27 /usr/lib/gcc/arm-none-eabi/13.2.1/../../../arm-none-eabi/lib/thumb/v7e-m+fp/hard/libc_nano.a(libc_a-memmove.o)
 .comment       0x00000026       0x27 /usr/lib/gcc/arm-none-eabi/13.2.1/../../../arm-none-eabi/lib/thumb/v7e-m+fp/hard/libc_nano.a(libc_a-wctomb_r.o)
 .comment       0x00000026       0x27 /usr/lib/gcc/arm-none-eabi/13.2.1/../../../arm-none-eabi/lib/thumb/v7e-m+fp/hard/libc_nano.a(libc_a-readr.o)
 .comment       0x00000026       0x27 /usr/lib/gcc/arm-none-eabi/13.2.1/../../../arm-none-eabi/lib/thumb/v7e-m+fp/hard/libc_nano.a(libc_a-fprintf.o)
 .comment       0x00000026       0x27 /usr/lib/gcc/arm-none-eabi/13.2.1/../../../arm-none-eabi/lib/thumb/v7e-m+fp/hard/libc_nano.a(libc_a-reent.o)
 .comment       0x00000026       0x27 /usr/lib/gcc/arm-none-eabi/13.2.1/../../../arm-none-eabi/lib/thumb/v7e-m+fp/hard/libc_nano.a(libc_a-reallocr.o)
 .comment       0x00000026       0x27 /usr/lib/gcc/arm-none-eabi/13.2.1/../../../arm-none-eabi/lib/thumb/v7e-m+fp/hard/libc_nano.a(libc_a-fstatr.o)
 .comment       0x00000026       0x27 /usr/lib/gcc/arm-none-eabi/13.2.1/../../../arm-none-eabi/lib/thumb/v7e-m+fp/hard/libc_nano.a(libc_a-lseekr.o)
 .comment       0x00000026       0x27 /usr/lib/gcc/arm-none-eabi/13.2.1/../../../arm-none-eabi/lib/thumb/v7e-m+fp/hard/libc_nano.a(libc_a-ctype_.o)
 .comment       0x00000026       0x27 /usr/lib/gcc/arm-none-eabi/13.2.1/../../../arm-none-eabi/lib/thumb/v7e-m+fp/hard/libc_nano.a(libc_a-writer.o)
 .comment       0x00000026       0x27 /usr/lib/gcc/arm-none-eabi/13.2.1/../../../arm-none-eabi/lib/thumb/v7e-m+fp/hard/libc_nano.a(libc_a-msizer.o)
 .comment       0x00000026       0x27 /usr/lib/gcc/arm-none-eabi/13.2.1/../../../arm-none-eabi/lib/thumb/v7e-m+fp/hard/libc_nano.a(libc_a-mbtowc_r.o)
 .comment       0x00000026       0x27 /usr/lib/gcc/arm-none-eabi/13.2.1/../../../arm-none-eabi/lib/thumb/v7e-m+fp/hard/libc_nano.a(libc_a-signal.o)
 .comment       0x00000026       0x27 /usr/lib/gcc/arm-none-eabi/13.2.1/../../../arm-none-eabi/lib/thumb/v7e-m+fp/hard/libc_nano.a(libc_a-signalr.o)
 .comment       0x00000026       0x27 /usr/lib/gcc/arm-none-eabi/13.2.1/../../../arm-none-eabi/lib/thumb/v7e-m+fp/hard/libnosys.a(close.o)
 .comment       0x00000026       0x27 /usr/lib/gcc/arm-none-eabi/13.2.1/../../../arm-none-eabi/lib/thumb/v7e-m+fp/hard/libnosys.a(fstat.o)
 .comment       0x00000026       0x27 /usr/lib/gcc/arm-none-eabi/13.2.1/../../../arm-none-eabi/lib/thumb/v7e-m+fp/hard/libnosys.a(getpid.o)
 .comment       0x00000026       0x27 /usr/lib/gcc/arm-none-eabi/13.2.1/../../../arm-none-eabi/lib/thumb/v7e-m+fp/hard/libnosys.a(isatty.o)
 .comment       0x00000026       0x27 /usr/lib/gcc/arm-none-eabi/13.2.1/../../../arm-none-eabi/lib/thumb/v7e-m+fp/hard/libnosys.a(kill.o)
 .comment       0x00000026       0x27 /usr/lib/gcc/arm-none-eabi/13.2.1/../../../arm-none-eabi/lib/thumb/v7e-m+fp/hard/libnosys.a(lseek.o)
 .comment       0x00000026       0x27 /usr/lib/gcc/arm-none-eabi/13.2.1/../../../arm-none-eabi/lib/thumb/v7e-m+fp/hard/libnosys.a(read.o)
 .comment       0x00000026       0x27 /usr/lib/gcc/arm-none-eabi/13.2.1/../../../arm-none-eabi/lib/thumb/v7e-m+fp/hard/libnosys.a(sbrk.o)
 .comment       0x00000026       0x27 /usr/lib/gcc/arm-none-eabi/13.2.1/../../../arm-none-eabi/lib/thumb/v7e-m+fp/hard/libnosys.a(_exit.o)
 .comment       0x00000026       0x27 /usr/lib/gcc/arm-none-eabi/13.2.1/thumb/v7e-m+fp/hard/libgcc.a(_udivmoddi4.o)
 .comment       0x00000026       0x27 /usr/lib/gcc/arm-none-eabi/13.2.1/thumb/v7e-m+fp/hard/crtend.o

.debug_info     0x00000000    0x404e5
 .debug_info    0x00000000      0xd70 build/main.o
 .debug_info    0x00000d70      0x2df build/gpio.o
 .debug_info    0x0000104f      0xff2 build/freertos.o
 .debug_info    0x00002041      0xb60 build/i2c.o
 .debug_info    0x00002ba1      0xaf0 build/usart.o
 .debug_info    0x00003691      0x7a5 build/stm32f4xx_it.o
 .debug_info    0x00003e36      0x54e build/stm32f4xx_hal_msp.o
 .debug_info    0x00004384      0xdbb build/stm32f4xx_hal_timebase_tim.o
 .debug_info    0x0000513f     0x4188 build/stm32f4xx_hal_tim.o
 .debug_info    0x000092c7     0x1d8d build/stm32f4xx_hal_tim_ex.o
 .debug_info    0x0000b054      0xbf0 build/stm32f4xx_hal_rcc.o
 .debug_info    0x0000bc44      0x824 build/stm32f4xx_hal_gpio.o
 .debug_info    0x0000c468     0x11bc build/stm32f4xx_hal_cortex.o
 .debug_info    0x0000d624      0xaee build/stm32f4xx_hal.o
 .debug_info    0x0000e112     0x3bec build/stm32f4xx_hal_i2c.o
 .debug_info    0x00011cfe     0x4385 build/stm32f4xx_hal_uart.o
 .debug_info    0x00016083      0x59b build/system_stm32f4xx.o
 .debug_info    0x0001661e      0x303 build/list.o
 .debug_info    0x00016921     0x2a24 build/queue.o
 .debug_info    0x00019345     0x338a build/tasks.o
 .debug_info    0x0001c6cf     0x1d13 build/timers.o
 .debug_info    0x0001e3e2     0x537b build/cmsis_os2.o
 .debug_info    0x0002375d      0x5f4 build/heap_4.o
 .debug_info    0x00023d51      0x5aa build/port.o
 .debug_info    0x000242fb      0xbc1 build/mpu6050.o
 .debug_info    0x00024ebc       0x30 build/startup_stm32f407xx.o
 .debug_info    0x00024eec      0x10b /usr/lib/gcc/arm-none-eabi/13.2.1/../../../arm-none-eabi/lib/thumb/v7e-m+fp/hard/libc_nano.a(libc_a-init.o)
 .debug_info    0x00024ff7      0x8f8 /usr/lib/gcc/arm-none-eabi/13.2.1/../../../arm-none-eabi/lib/thumb/v7e-m+fp/hard/libc_nano.a(libc_a-puts.o)
 .debug_info    0x000258ef      0xe8c /usr/lib/gcc/arm-none-eabi/13.2.1/../../../arm-none-eabi/lib/thumb/v7e-m+fp/hard/libc_nano.a(libc_a-findfp.o)
 .debug_info    0x0002677b      0x135 /usr/lib/gcc/arm-none-eabi/13.2.1/../../../arm-none-eabi/lib/thumb/v7e-m+fp/hard/libc_nano.a(libc_a-memset.o)
 .debug_info    0x000268b0      0xa33 /usr/lib/gcc/arm-none-eabi/13.2.1/../../../arm-none-eabi/lib/thumb/v7e-m+fp/hard/libc_nano.a(libc_a-fflush.o)
 .debug_info    0x000272e3     0x13f9 /usr/lib/gcc/arm-none-eabi/13.2.1/../../../arm-none-eabi/lib/thumb/v7e-m+fp/hard/libc_nano.a(libc_a-nano-vfprintf_float.o)
 .debug_info    0x000286dc      0x9b6 /usr/lib/gcc/arm-none-eabi/13.2.1/../../../arm-none-eabi/lib/thumb/v7e-m+fp/hard/libc_nano.a(libc_a-mallocr.o)
 .debug_info    0x00029092     0x1952 /usr/lib/gcc/arm-none-eabi/13.2.1/../../../arm-none-eabi/lib/thumb/v7e-m+fp/hard/libc_nano.a(libc_a-dtoa.o)
 .debug_info    0x0002a9e4      0x87f /usr/lib/gcc/arm-none-eabi/13.2.1/../../../arm-none-eabi/lib/thumb/v7e-m+fp/hard/libc_nano.a(libc_a-freer.o)
 .debug_info    0x0002b263      0x7c8 /usr/lib/gcc/arm-none-eabi/13.2.1/../../../arm-none-eabi/lib/thumb/v7e-m+fp/hard/libc_nano.a(libc_a-fwalk.o)
 .debug_info    0x0002ba2b      0x7b1 /usr/lib/gcc/arm-none-eabi/13.2.1/../../../arm-none-eabi/lib/thumb/v7e-m+fp/hard/libc_nano.a(libc_a-wsetup.o)
 .debug_info    0x0002c1dc       0x33 /usr/lib/gcc/arm-none-eabi/13.2.1/../../../arm-none-eabi/lib/thumb/v7e-m+fp/hard/libc_nano.a(libc_a-memcpy.o)
 .debug_info    0x0002c20f      0x796 /usr/lib/gcc/arm-none-eabi/13.2.1/../../../arm-none-eabi/lib/thumb/v7e-m+fp/hard/libc_nano.a(libc_a-malloc.o)
 .debug_info    0x0002c9a5      0xdd7 /usr/lib/gcc/arm-none-eabi/13.2.1/../../../arm-none-eabi/lib/thumb/v7e-m+fp/hard/libc_nano.a(libc_a-nano-vfprintf_i.o)
 .debug_info    0x0002d77c      0x71c /usr/lib/gcc/arm-none-eabi/13.2.1/../../../arm-none-eabi/lib/thumb/v7e-m+fp/hard/libc_nano.a(libc_a-mlock.o)
 .debug_info    0x0002de98      0xbe6 /usr/lib/gcc/arm-none-eabi/13.2.1/../../../arm-none-eabi/lib/thumb/v7e-m+fp/hard/libc_nano.a(libc_a-makebuf.o)
 .debug_info    0x0002ea7e      0x837 /usr/lib/gcc/arm-none-eabi/13.2.1/../../../arm-none-eabi/lib/thumb/v7e-m+fp/hard/libc_nano.a(libc_a-printf.o)
 .debug_info    0x0002f2b5      0x752 /usr/lib/gcc/arm-none-eabi/13.2.1/../../../arm-none-eabi/lib/thumb/v7e-m+fp/hard/libc_nano.a(libc_a-isattyr.o)
 .debug_info    0x0002fa07     0x108a /usr/lib/gcc/arm-none-eabi/13.2.1/../../../arm-none-eabi/lib/thumb/v7e-m+fp/hard/libc_nano.a(libc_a-nano-vfprintf.o)
 .debug_info    0x00030a91      0x863 /usr/lib/gcc/arm-none-eabi/13.2.1/../../../arm-none-eabi/lib/thumb/v7e-m+fp/hard/libc_nano.a(libc_a-wbuf.o)
 .debug_info    0x000312f4      0x825 /usr/lib/gcc/arm-none-eabi/13.2.1/../../../arm-none-eabi/lib/thumb/v7e-m+fp/hard/libc_nano.a(libc_a-assert.o)
 .debug_info    0x00031b19     0x1f25 /usr/lib/gcc/arm-none-eabi/13.2.1/../../../arm-none-eabi/lib/thumb/v7e-m+fp/hard/libc_nano.a(libc_a-mprec.o)
 .debug_info    0x00033a3e      0x778 /usr/lib/gcc/arm-none-eabi/13.2.1/../../../arm-none-eabi/lib/thumb/v7e-m+fp/hard/libc_nano.a(libc_a-sbrkr.o)
 .debug_info    0x000341b6      0xa80 /usr/lib/gcc/arm-none-eabi/13.2.1/../../../arm-none-eabi/lib/thumb/v7e-m+fp/hard/libc_nano.a(libc_a-stdio.o)
 .debug_info    0x00034c36      0x70b /usr/lib/gcc/arm-none-eabi/13.2.1/../../../arm-none-eabi/lib/thumb/v7e-m+fp/hard/libc_nano.a(libc_a-impure.o)
 .debug_info    0x00035341      0xa0e /usr/lib/gcc/arm-none-eabi/13.2.1/../../../arm-none-eabi/lib/thumb/v7e-m+fp/hard/libc_nano.a(libc_a-localeconv.o)
 .debug_info    0x00035d4f      0xaf1 /usr/lib/gcc/arm-none-eabi/13.2.1/../../../arm-none-eabi/lib/thumb/v7e-m+fp/hard/libc_nano.a(libc_a-fvwrite.o)
 .debug_info    0x00036840       0xd8 /usr/lib/gcc/arm-none-eabi/13.2.1/../../../arm-none-eabi/lib/thumb/v7e-m+fp/hard/libc_nano.a(libc_a-abort.o)
 .debug_info    0x00036918      0x752 /usr/lib/gcc/arm-none-eabi/13.2.1/../../../arm-none-eabi/lib/thumb/v7e-m+fp/hard/libc_nano.a(libc_a-closer.o)
 .debug_info    0x0003706a       0x33 /usr/lib/gcc/arm-none-eabi/13.2.1/../../../arm-none-eabi/lib/thumb/v7e-m+fp/hard/libc_nano.a(libc_a-strlen.o)
 .debug_info    0x0003709d      0x7c9 /usr/lib/gcc/arm-none-eabi/13.2.1/../../../arm-none-eabi/lib/thumb/v7e-m+fp/hard/libc_nano.a(libc_a-callocr.o)
 .debug_info    0x00037866      0xbb9 /usr/lib/gcc/arm-none-eabi/13.2.1/../../../arm-none-eabi/lib/thumb/v7e-m+fp/hard/libc_nano.a(libc_a-locale.o)
 .debug_info    0x0003841f      0x148 /usr/lib/gcc/arm-none-eabi/13.2.1/../../../arm-none-eabi/lib/thumb/v7e-m+fp/hard/libc_nano.a(libc_a-memmove.o)
 .debug_info    0x00038567      0xa6c /usr/lib/gcc/arm-none-eabi/13.2.1/../../../arm-none-eabi/lib/thumb/v7e-m+fp/hard/libc_nano.a(libc_a-wctomb_r.o)
 .debug_info    0x00038fd3       0x25 /usr/lib/gcc/arm-none-eabi/13.2.1/../../../arm-none-eabi/lib/thumb/v7e-m+fp/hard/libc_nano.a(libc_a-memchr.o)
 .debug_info    0x00038ff8      0x7b5 /usr/lib/gcc/arm-none-eabi/13.2.1/../../../arm-none-eabi/lib/thumb/v7e-m+fp/hard/libc_nano.a(libc_a-readr.o)
 .debug_info    0x000397ad      0x85d /usr/lib/gcc/arm-none-eabi/13.2.1/../../../arm-none-eabi/lib/thumb/v7e-m+fp/hard/libc_nano.a(libc_a-fprintf.o)
 .debug_info    0x0003a00a      0x89f /usr/lib/gcc/arm-none-eabi/13.2.1/../../../arm-none-eabi/lib/thumb/v7e-m+fp/hard/libc_nano.a(libc_a-reent.o)
 .debug_info    0x0003a8a9      0x8cd /usr/lib/gcc/arm-none-eabi/13.2.1/../../../arm-none-eabi/lib/thumb/v7e-m+fp/hard/libc_nano.a(libc_a-reallocr.o)
 .debug_info    0x0003b176      0x977 /usr/lib/gcc/arm-none-eabi/13.2.1/../../../arm-none-eabi/lib/thumb/v7e-m+fp/hard/libc_nano.a(libc_a-fstatr.o)
 .debug_info    0x0003baed      0x79e /usr/lib/gcc/arm-none-eabi/13.2.1/../../../arm-none-eabi/lib/thumb/v7e-m+fp/hard/libc_nano.a(libc_a-lseekr.o)
 .debug_info    0x0003c28b       0xb9 /usr/lib/gcc/arm-none-eabi/13.2.1/../../../arm-none-eabi/lib/thumb/v7e-m+fp/hard/libc_nano.a(libc_a-ctype_.o)
 .debug_info    0x0003c344      0x7bb /usr/lib/gcc/arm-none-eabi/13.2.1/../../../arm-none-eabi/lib/thumb/v7e-m+fp/hard/libc_nano.a(libc_a-writer.o)
 .debug_info    0x0003caff      0x78a /usr/lib/gcc/arm-none-eabi/13.2.1/../../../arm-none-eabi/lib/thumb/v7e-m+fp/hard/libc_nano.a(libc_a-msizer.o)
 .debug_info    0x0003d289      0xab0 /usr/lib/gcc/arm-none-eabi/13.2.1/../../../arm-none-eabi/lib/thumb/v7e-m+fp/hard/libc_nano.a(libc_a-mbtowc_r.o)
 .debug_info    0x0003dd39      0xc39 /usr/lib/gcc/arm-none-eabi/13.2.1/../../../arm-none-eabi/lib/thumb/v7e-m+fp/hard/libc_nano.a(libc_a-signal.o)
 .debug_info    0x0003e972      0x7df /usr/lib/gcc/arm-none-eabi/13.2.1/../../../arm-none-eabi/lib/thumb/v7e-m+fp/hard/libc_nano.a(libc_a-signalr.o)
 .debug_info    0x0003f151       0xde /usr/lib/gcc/arm-none-eabi/13.2.1/../../../arm-none-eabi/lib/thumb/v7e-m+fp/hard/libnosys.a(close.o)
 .debug_info    0x0003f22f      0x2f7 /usr/lib/gcc/arm-none-eabi/13.2.1/../../../arm-none-eabi/lib/thumb/v7e-m+fp/hard/libnosys.a(fstat.o)
 .debug_info    0x0003f526       0xc9 /usr/lib/gcc/arm-none-eabi/13.2.1/../../../arm-none-eabi/lib/thumb/v7e-m+fp/hard/libnosys.a(getpid.o)
 .debug_info    0x0003f5ef       0xde /usr/lib/gcc/arm-none-eabi/13.2.1/../../../arm-none-eabi/lib/thumb/v7e-m+fp/hard/libnosys.a(isatty.o)
 .debug_info    0x0003f6cd       0xec /usr/lib/gcc/arm-none-eabi/13.2.1/../../../arm-none-eabi/lib/thumb/v7e-m+fp/hard/libnosys.a(kill.o)
 .debug_info    0x0003f7b9      0x100 /usr/lib/gcc/arm-none-eabi/13.2.1/../../../arm-none-eabi/lib/thumb/v7e-m+fp/hard/libnosys.a(lseek.o)
 .debug_info    0x0003f8b9      0x106 /usr/lib/gcc/arm-none-eabi/13.2.1/../../../arm-none-eabi/lib/thumb/v7e-m+fp/hard/libnosys.a(read.o)
 .debug_info    0x0003f9bf       0xac /usr/lib/gcc/arm-none-eabi/13.2.1/../../../arm-none-eabi/lib/thumb/v7e-m+fp/hard/libnosys.a(sbrk.o)
 .debug_info    0x0003fa6b       0xa4 /usr/lib/gcc/arm-none-eabi/13.2.1/../../../arm-none-eabi/lib/thumb/v7e-m+fp/hard/libnosys.a(_exit.o)
 .debug_info    0x0003fb0f       0xd3 /usr/lib/gcc/arm-none-eabi/13.2.1/thumb/v7e-m+fp/hard/libgcc.a(_arm_addsubdf3.o)