ARM GAS  /tmp/cch2Gsus.s 			page 1


   1              		.cpu cortex-m4
   2              		.arch armv7e-m
   3              		.fpu fpv4-sp-d16
   4              		.eabi_attribute 27, 1
   5              		.eabi_attribute 28, 1
   6              		.eabi_attribute 20, 1
   7              		.eabi_attribute 21, 1
   8              		.eabi_attribute 23, 3
   9              		.eabi_attribute 24, 1
  10              		.eabi_attribute 25, 1
  11              		.eabi_attribute 26, 1
  12              		.eabi_attribute 30, 1
  13              		.eabi_attribute 34, 1
  14              		.eabi_attribute 18, 4
  15              		.file	"encodermotor.c"
  16              		.text
  17              	.Ltext0:
  18              		.cfi_sections	.debug_frame
  19              		.file 1 "BSP/EncoderMotor/encodermotor.c"
  20              		.section	.text.Motor_Init,"ax",%progbits
  21              		.align	1
  22              		.global	Motor_Init
  23              		.syntax unified
  24              		.thumb
  25              		.thumb_func
  27              	Motor_Init:
  28              	.LVL0:
  29              	.LFB134:
   1:BSP/EncoderMotor/encodermotor.c **** #include "encodermotor.h"
   2:BSP/EncoderMotor/encodermotor.c **** #include <stdint.h>
   3:BSP/EncoderMotor/encodermotor.c **** 
   4:BSP/EncoderMotor/encodermotor.c **** 
   5:BSP/EncoderMotor/encodermotor.c **** 
   6:BSP/EncoderMotor/encodermotor.c **** MotorControl_t Motor_A = {
   7:BSP/EncoderMotor/encodermotor.c ****     .pwm_timo1 = &htim10,
   8:BSP/EncoderMotor/encodermotor.c ****     .pwm_channel1 = TIM_CHANNEL_1,
   9:BSP/EncoderMotor/encodermotor.c ****     .pwm_timo2 = &htim11,
  10:BSP/EncoderMotor/encodermotor.c ****     .pwm_channel2 = TIM_CHANNEL_1,
  11:BSP/EncoderMotor/encodermotor.c ****     .encoder_tim = &htim2,
  12:BSP/EncoderMotor/encodermotor.c ****     .kp = 0.5f,
  13:BSP/EncoderMotor/encodermotor.c ****     .ki = 0.2f,
  14:BSP/EncoderMotor/encodermotor.c ****     .kd = 0.05f
  15:BSP/EncoderMotor/encodermotor.c **** };
  16:BSP/EncoderMotor/encodermotor.c **** 
  17:BSP/EncoderMotor/encodermotor.c **** 
  18:BSP/EncoderMotor/encodermotor.c **** // 电机 B: PWM (TIM9_CH1/CH2), 编码器 (TIM3)
  19:BSP/EncoderMotor/encodermotor.c **** MotorControl_t Motor_B = {
  20:BSP/EncoderMotor/encodermotor.c ****     .pwm_timo1 = &htim9, 
  21:BSP/EncoderMotor/encodermotor.c ****     .pwm_channel1 = TIM_CHANNEL_1,
  22:BSP/EncoderMotor/encodermotor.c ****     .pwm_timo2 = &htim9, 
  23:BSP/EncoderMotor/encodermotor.c ****     .pwm_channel2 = TIM_CHANNEL_2,
  24:BSP/EncoderMotor/encodermotor.c ****     .encoder_tim = &htim3, 
  25:BSP/EncoderMotor/encodermotor.c ****     .kp = 0.5f,
  26:BSP/EncoderMotor/encodermotor.c ****     .ki = 0.2f,
  27:BSP/EncoderMotor/encodermotor.c ****     .kd = 0.05f
  28:BSP/EncoderMotor/encodermotor.c **** };
  29:BSP/EncoderMotor/encodermotor.c **** 
ARM GAS  /tmp/cch2Gsus.s 			page 2


  30:BSP/EncoderMotor/encodermotor.c **** // 电机 C: PWM (TIM1_CH1/CH2), 编码器 (TIM4)
  31:BSP/EncoderMotor/encodermotor.c **** MotorControl_t Motor_C = {
  32:BSP/EncoderMotor/encodermotor.c ****     .pwm_timo1 = &htim1, 
  33:BSP/EncoderMotor/encodermotor.c ****     .pwm_channel1 = TIM_CHANNEL_1,
  34:BSP/EncoderMotor/encodermotor.c ****     .pwm_timo2 = &htim1, 
  35:BSP/EncoderMotor/encodermotor.c ****     .pwm_channel2 = TIM_CHANNEL_2,
  36:BSP/EncoderMotor/encodermotor.c ****     .encoder_tim = &htim4, 
  37:BSP/EncoderMotor/encodermotor.c ****     .kp = 0.5f,
  38:BSP/EncoderMotor/encodermotor.c ****     .ki = 0.2f,
  39:BSP/EncoderMotor/encodermotor.c ****     .kd = 0.05f
  40:BSP/EncoderMotor/encodermotor.c **** };
  41:BSP/EncoderMotor/encodermotor.c **** 
  42:BSP/EncoderMotor/encodermotor.c **** // 电机 D: PWM (TIM1_CH3/CH4), 编码器 (TIM5)
  43:BSP/EncoderMotor/encodermotor.c **** MotorControl_t Motor_D = {
  44:BSP/EncoderMotor/encodermotor.c ****     .pwm_timo1 = &htim1, 
  45:BSP/EncoderMotor/encodermotor.c ****     .pwm_channel1 = TIM_CHANNEL_3,
  46:BSP/EncoderMotor/encodermotor.c ****     .pwm_timo2 = &htim1, 
  47:BSP/EncoderMotor/encodermotor.c ****     .pwm_channel2 = TIM_CHANNEL_4,
  48:BSP/EncoderMotor/encodermotor.c ****     .encoder_tim = &htim5, 
  49:BSP/EncoderMotor/encodermotor.c ****     .kp = 0.5f,
  50:BSP/EncoderMotor/encodermotor.c ****     .ki = 0.2f,
  51:BSP/EncoderMotor/encodermotor.c ****     .kd = 0.05f
  52:BSP/EncoderMotor/encodermotor.c **** };
  53:BSP/EncoderMotor/encodermotor.c **** 
  54:BSP/EncoderMotor/encodermotor.c **** 
  55:BSP/EncoderMotor/encodermotor.c **** void Motor_Init(MotorControl_t* motor)
  56:BSP/EncoderMotor/encodermotor.c **** {
  30              		.loc 1 56 1 view -0
  31              		.cfi_startproc
  32              		@ args = 0, pretend = 0, frame = 0
  33              		@ frame_needed = 0, uses_anonymous_args = 0
  34              		.loc 1 56 1 is_stmt 0 view .LVU1
  35 0000 10B5     		push	{r4, lr}
  36              	.LCFI0:
  37              		.cfi_def_cfa_offset 8
  38              		.cfi_offset 4, -8
  39              		.cfi_offset 14, -4
  40 0002 0446     		mov	r4, r0
  57:BSP/EncoderMotor/encodermotor.c ****     
  58:BSP/EncoderMotor/encodermotor.c ****     HAL_TIM_PWM_Start(motor->pwm_timo1, motor->pwm_channel1);
  41              		.loc 1 58 5 is_stmt 1 view .LVU2
  42 0004 8168     		ldr	r1, [r0, #8]
  43 0006 0068     		ldr	r0, [r0]
  44              	.LVL1:
  45              		.loc 1 58 5 is_stmt 0 view .LVU3
  46 0008 FFF7FEFF 		bl	HAL_TIM_PWM_Start
  47              	.LVL2:
  59:BSP/EncoderMotor/encodermotor.c ****     HAL_TIM_PWM_Start(motor->pwm_timo2, motor->pwm_channel2);
  48              		.loc 1 59 5 is_stmt 1 view .LVU4
  49 000c E168     		ldr	r1, [r4, #12]
  50 000e 6068     		ldr	r0, [r4, #4]
  51 0010 FFF7FEFF 		bl	HAL_TIM_PWM_Start
  52              	.LVL3:
  60:BSP/EncoderMotor/encodermotor.c **** 
  61:BSP/EncoderMotor/encodermotor.c ****     __HAL_TIM_SET_COMPARE(motor->pwm_timo1, motor->pwm_channel1, 0);
  53              		.loc 1 61 5 view .LVU5
  54 0014 A368     		ldr	r3, [r4, #8]
ARM GAS  /tmp/cch2Gsus.s 			page 3


  55 0016 53B9     		cbnz	r3, .L2
  56              		.loc 1 61 5 is_stmt 0 discriminator 1 view .LVU6
  57 0018 2368     		ldr	r3, [r4]
  58 001a 1B68     		ldr	r3, [r3]
  59 001c 0022     		movs	r2, #0
  60 001e 5A63     		str	r2, [r3, #52]
  61              	.L3:
  62:BSP/EncoderMotor/encodermotor.c ****     __HAL_TIM_SET_COMPARE(motor->pwm_timo2, motor->pwm_channel2, 0);
  62              		.loc 1 62 5 is_stmt 1 view .LVU7
  63 0020 E368     		ldr	r3, [r4, #12]
  64 0022 BBB9     		cbnz	r3, .L6
  65              		.loc 1 62 5 is_stmt 0 discriminator 1 view .LVU8
  66 0024 6368     		ldr	r3, [r4, #4]
  67 0026 1B68     		ldr	r3, [r3]
  68 0028 0022     		movs	r2, #0
  69 002a 5A63     		str	r2, [r3, #52]
  70              	.L1:
  63:BSP/EncoderMotor/encodermotor.c **** }
  71              		.loc 1 63 1 view .LVU9
  72 002c 10BD     		pop	{r4, pc}
  73              	.LVL4:
  74              	.L2:
  61:BSP/EncoderMotor/encodermotor.c ****     __HAL_TIM_SET_COMPARE(motor->pwm_timo2, motor->pwm_channel2, 0);
  75              		.loc 1 61 5 discriminator 2 view .LVU10
  76 002e 042B     		cmp	r3, #4
  77 0030 06D0     		beq	.L11
  61:BSP/EncoderMotor/encodermotor.c ****     __HAL_TIM_SET_COMPARE(motor->pwm_timo2, motor->pwm_channel2, 0);
  78              		.loc 1 61 5 discriminator 4 view .LVU11
  79 0032 082B     		cmp	r3, #8
  80 0034 09D0     		beq	.L12
  61:BSP/EncoderMotor/encodermotor.c ****     __HAL_TIM_SET_COMPARE(motor->pwm_timo2, motor->pwm_channel2, 0);
  81              		.loc 1 61 5 discriminator 7 view .LVU12
  82 0036 2368     		ldr	r3, [r4]
  83 0038 1B68     		ldr	r3, [r3]
  84 003a 0022     		movs	r2, #0
  85 003c 1A64     		str	r2, [r3, #64]
  86 003e EFE7     		b	.L3
  87              	.L11:
  61:BSP/EncoderMotor/encodermotor.c ****     __HAL_TIM_SET_COMPARE(motor->pwm_timo2, motor->pwm_channel2, 0);
  88              		.loc 1 61 5 discriminator 3 view .LVU13
  89 0040 2368     		ldr	r3, [r4]
  90 0042 1B68     		ldr	r3, [r3]
  91 0044 0022     		movs	r2, #0
  92 0046 9A63     		str	r2, [r3, #56]
  93 0048 EAE7     		b	.L3
  94              	.L12:
  61:BSP/EncoderMotor/encodermotor.c ****     __HAL_TIM_SET_COMPARE(motor->pwm_timo2, motor->pwm_channel2, 0);
  95              		.loc 1 61 5 discriminator 6 view .LVU14
  96 004a 2368     		ldr	r3, [r4]
  97 004c 1B68     		ldr	r3, [r3]
  98 004e 0022     		movs	r2, #0
  99 0050 DA63     		str	r2, [r3, #60]
 100 0052 E5E7     		b	.L3
 101              	.L6:
  62:BSP/EncoderMotor/encodermotor.c ****     __HAL_TIM_SET_COMPARE(motor->pwm_timo2, motor->pwm_channel2, 0);
 102              		.loc 1 62 5 discriminator 2 view .LVU15
 103 0054 042B     		cmp	r3, #4
ARM GAS  /tmp/cch2Gsus.s 			page 4


 104 0056 06D0     		beq	.L13
  62:BSP/EncoderMotor/encodermotor.c ****     __HAL_TIM_SET_COMPARE(motor->pwm_timo2, motor->pwm_channel2, 0);
 105              		.loc 1 62 5 discriminator 4 view .LVU16
 106 0058 082B     		cmp	r3, #8
 107 005a 09D0     		beq	.L14
  62:BSP/EncoderMotor/encodermotor.c ****     __HAL_TIM_SET_COMPARE(motor->pwm_timo2, motor->pwm_channel2, 0);
 108              		.loc 1 62 5 discriminator 7 view .LVU17
 109 005c 6368     		ldr	r3, [r4, #4]
 110 005e 1B68     		ldr	r3, [r3]
 111 0060 0022     		movs	r2, #0
 112 0062 1A64     		str	r2, [r3, #64]
 113              		.loc 1 63 1 view .LVU18
 114 0064 E2E7     		b	.L1
 115              	.L13:
  62:BSP/EncoderMotor/encodermotor.c ****     __HAL_TIM_SET_COMPARE(motor->pwm_timo2, motor->pwm_channel2, 0);
 116              		.loc 1 62 5 discriminator 3 view .LVU19
 117 0066 6368     		ldr	r3, [r4, #4]
 118 0068 1B68     		ldr	r3, [r3]
 119 006a 0022     		movs	r2, #0
 120 006c 9A63     		str	r2, [r3, #56]
 121 006e DDE7     		b	.L1
 122              	.L14:
  62:BSP/EncoderMotor/encodermotor.c ****     __HAL_TIM_SET_COMPARE(motor->pwm_timo2, motor->pwm_channel2, 0);
 123              		.loc 1 62 5 discriminator 6 view .LVU20
 124 0070 6368     		ldr	r3, [r4, #4]
 125 0072 1B68     		ldr	r3, [r3]
 126 0074 0022     		movs	r2, #0
 127 0076 DA63     		str	r2, [r3, #60]
 128 0078 D8E7     		b	.L1
 129              		.cfi_endproc
 130              	.LFE134:
 132              		.section	.text.Motor_SetPWM,"ax",%progbits
 133              		.align	1
 134              		.global	Motor_SetPWM
 135              		.syntax unified
 136              		.thumb
 137              		.thumb_func
 139              	Motor_SetPWM:
 140              	.LVL5:
 141              	.LFB135:
  64:BSP/EncoderMotor/encodermotor.c **** 
  65:BSP/EncoderMotor/encodermotor.c **** 
  66:BSP/EncoderMotor/encodermotor.c **** void Motor_SetPWM(MotorControl_t* motor, int16_t duty) {
 142              		.loc 1 66 56 is_stmt 1 view -0
 143              		.cfi_startproc
 144              		@ args = 0, pretend = 0, frame = 0
 145              		@ frame_needed = 0, uses_anonymous_args = 0
 146              		@ link register save eliminated.
  67:BSP/EncoderMotor/encodermotor.c ****     uint16_t pwm_val = (duty < 0) ? -duty : duty;
 147              		.loc 1 67 5 view .LVU22
 148              		.loc 1 67 14 is_stmt 0 view .LVU23
 149 0000 81EAE173 		eor	r3, r1, r1, asr #31
 150 0004 A3EBE173 		sub	r3, r3, r1, asr #31
 151 0008 9BB2     		uxth	r3, r3
 152              	.LVL6:
  68:BSP/EncoderMotor/encodermotor.c **** 
  69:BSP/EncoderMotor/encodermotor.c ****     if (duty < 0) {
ARM GAS  /tmp/cch2Gsus.s 			page 5


 153              		.loc 1 69 5 is_stmt 1 view .LVU24
 154              		.loc 1 69 8 is_stmt 0 view .LVU25
 155 000a 0029     		cmp	r1, #0
 156 000c 0FDB     		blt	.L40
  70:BSP/EncoderMotor/encodermotor.c ****         __HAL_TIM_SET_COMPARE(motor->pwm_timo1, motor->pwm_channel1, 0);
  71:BSP/EncoderMotor/encodermotor.c ****         __HAL_TIM_SET_COMPARE(motor->pwm_timo2, motor->pwm_channel2, pwm_val);
  72:BSP/EncoderMotor/encodermotor.c ****     } else if (duty > 0) {
 157              		.loc 1 72 12 is_stmt 1 view .LVU26
 158              		.loc 1 72 15 is_stmt 0 view .LVU27
 159 000e 0029     		cmp	r1, #0
 160 0010 5FDD     		ble	.L25
  73:BSP/EncoderMotor/encodermotor.c ****         __HAL_TIM_SET_COMPARE(motor->pwm_timo1, motor->pwm_channel1, pwm_val);
 161              		.loc 1 73 9 is_stmt 1 view .LVU28
 162 0012 8268     		ldr	r2, [r0, #8]
 163 0014 002A     		cmp	r2, #0
 164 0016 39D1     		bne	.L26
 165              		.loc 1 73 9 is_stmt 0 discriminator 1 view .LVU29
 166 0018 0268     		ldr	r2, [r0]
 167 001a 1268     		ldr	r2, [r2]
 168 001c 5363     		str	r3, [r2, #52]
 169              	.L27:
  74:BSP/EncoderMotor/encodermotor.c ****         __HAL_TIM_SET_COMPARE(motor->pwm_timo2, motor->pwm_channel2, 0);
 170              		.loc 1 74 9 is_stmt 1 view .LVU30
 171 001e C368     		ldr	r3, [r0, #12]
 172              	.LVL7:
 173              		.loc 1 74 9 is_stmt 0 view .LVU31
 174 0020 002B     		cmp	r3, #0
 175 0022 43D1     		bne	.L30
 176              		.loc 1 74 9 discriminator 1 view .LVU32
 177 0024 4368     		ldr	r3, [r0, #4]
 178 0026 1B68     		ldr	r3, [r3]
 179 0028 0022     		movs	r2, #0
 180 002a 5A63     		str	r2, [r3, #52]
 181 002c 7047     		bx	lr
 182              	.LVL8:
 183              	.L40:
  70:BSP/EncoderMotor/encodermotor.c ****         __HAL_TIM_SET_COMPARE(motor->pwm_timo1, motor->pwm_channel1, 0);
 184              		.loc 1 70 9 is_stmt 1 view .LVU33
 185 002e 8268     		ldr	r2, [r0, #8]
 186 0030 4AB9     		cbnz	r2, .L17
  70:BSP/EncoderMotor/encodermotor.c ****         __HAL_TIM_SET_COMPARE(motor->pwm_timo1, motor->pwm_channel1, 0);
 187              		.loc 1 70 9 is_stmt 0 discriminator 1 view .LVU34
 188 0032 0268     		ldr	r2, [r0]
 189 0034 1268     		ldr	r2, [r2]
 190 0036 0021     		movs	r1, #0
 191              	.LVL9:
  70:BSP/EncoderMotor/encodermotor.c ****         __HAL_TIM_SET_COMPARE(motor->pwm_timo1, motor->pwm_channel1, 0);
 192              		.loc 1 70 9 discriminator 1 view .LVU35
 193 0038 5163     		str	r1, [r2, #52]
 194              	.L18:
  71:BSP/EncoderMotor/encodermotor.c ****     } else if (duty > 0) {
 195              		.loc 1 71 9 is_stmt 1 view .LVU36
 196 003a C268     		ldr	r2, [r0, #12]
 197 003c B2B9     		cbnz	r2, .L21
  71:BSP/EncoderMotor/encodermotor.c ****     } else if (duty > 0) {
 198              		.loc 1 71 9 is_stmt 0 discriminator 1 view .LVU37
 199 003e 4268     		ldr	r2, [r0, #4]
ARM GAS  /tmp/cch2Gsus.s 			page 6


 200 0040 1268     		ldr	r2, [r2]
 201 0042 5363     		str	r3, [r2, #52]
 202 0044 7047     		bx	lr
 203              	.LVL10:
 204              	.L17:
  70:BSP/EncoderMotor/encodermotor.c ****         __HAL_TIM_SET_COMPARE(motor->pwm_timo2, motor->pwm_channel2, pwm_val);
 205              		.loc 1 70 9 discriminator 2 view .LVU38
 206 0046 042A     		cmp	r2, #4
 207 0048 06D0     		beq	.L41
  70:BSP/EncoderMotor/encodermotor.c ****         __HAL_TIM_SET_COMPARE(motor->pwm_timo2, motor->pwm_channel2, pwm_val);
 208              		.loc 1 70 9 discriminator 4 view .LVU39
 209 004a 082A     		cmp	r2, #8
 210 004c 09D0     		beq	.L42
  70:BSP/EncoderMotor/encodermotor.c ****         __HAL_TIM_SET_COMPARE(motor->pwm_timo2, motor->pwm_channel2, pwm_val);
 211              		.loc 1 70 9 discriminator 7 view .LVU40
 212 004e 0268     		ldr	r2, [r0]
 213 0050 1268     		ldr	r2, [r2]
 214 0052 0021     		movs	r1, #0
 215              	.LVL11:
  70:BSP/EncoderMotor/encodermotor.c ****         __HAL_TIM_SET_COMPARE(motor->pwm_timo2, motor->pwm_channel2, pwm_val);
 216              		.loc 1 70 9 discriminator 7 view .LVU41
 217 0054 1164     		str	r1, [r2, #64]
 218 0056 F0E7     		b	.L18
 219              	.LVL12:
 220              	.L41:
  70:BSP/EncoderMotor/encodermotor.c ****         __HAL_TIM_SET_COMPARE(motor->pwm_timo2, motor->pwm_channel2, pwm_val);
 221              		.loc 1 70 9 discriminator 3 view .LVU42
 222 0058 0268     		ldr	r2, [r0]
 223 005a 1268     		ldr	r2, [r2]
 224 005c 0021     		movs	r1, #0
 225              	.LVL13:
  70:BSP/EncoderMotor/encodermotor.c ****         __HAL_TIM_SET_COMPARE(motor->pwm_timo2, motor->pwm_channel2, pwm_val);
 226              		.loc 1 70 9 discriminator 3 view .LVU43
 227 005e 9163     		str	r1, [r2, #56]
 228 0060 EBE7     		b	.L18
 229              	.LVL14:
 230              	.L42:
  70:BSP/EncoderMotor/encodermotor.c ****         __HAL_TIM_SET_COMPARE(motor->pwm_timo2, motor->pwm_channel2, pwm_val);
 231              		.loc 1 70 9 discriminator 6 view .LVU44
 232 0062 0268     		ldr	r2, [r0]
 233 0064 1268     		ldr	r2, [r2]
 234 0066 0021     		movs	r1, #0
 235              	.LVL15:
  70:BSP/EncoderMotor/encodermotor.c ****         __HAL_TIM_SET_COMPARE(motor->pwm_timo2, motor->pwm_channel2, pwm_val);
 236              		.loc 1 70 9 discriminator 6 view .LVU45
 237 0068 D163     		str	r1, [r2, #60]
 238 006a E6E7     		b	.L18
 239              	.L21:
  71:BSP/EncoderMotor/encodermotor.c ****     } else if (duty > 0) {
 240              		.loc 1 71 9 discriminator 2 view .LVU46
 241 006c 042A     		cmp	r2, #4
 242 006e 05D0     		beq	.L43
  71:BSP/EncoderMotor/encodermotor.c ****     } else if (duty > 0) {
 243              		.loc 1 71 9 discriminator 4 view .LVU47
 244 0070 082A     		cmp	r2, #8
 245 0072 07D0     		beq	.L44
  71:BSP/EncoderMotor/encodermotor.c ****     } else if (duty > 0) {
ARM GAS  /tmp/cch2Gsus.s 			page 7


 246              		.loc 1 71 9 discriminator 7 view .LVU48
 247 0074 4268     		ldr	r2, [r0, #4]
 248 0076 1268     		ldr	r2, [r2]
 249 0078 1364     		str	r3, [r2, #64]
 250 007a 7047     		bx	lr
 251              	.L43:
  71:BSP/EncoderMotor/encodermotor.c ****     } else if (duty > 0) {
 252              		.loc 1 71 9 discriminator 3 view .LVU49
 253 007c 4268     		ldr	r2, [r0, #4]
 254 007e 1268     		ldr	r2, [r2]
 255 0080 9363     		str	r3, [r2, #56]
 256 0082 7047     		bx	lr
 257              	.L44:
  71:BSP/EncoderMotor/encodermotor.c ****     } else if (duty > 0) {
 258              		.loc 1 71 9 discriminator 6 view .LVU50
 259 0084 4268     		ldr	r2, [r0, #4]
 260 0086 1268     		ldr	r2, [r2]
 261 0088 D363     		str	r3, [r2, #60]
 262 008a 7047     		bx	lr
 263              	.LVL16:
 264              	.L26:
  73:BSP/EncoderMotor/encodermotor.c ****         __HAL_TIM_SET_COMPARE(motor->pwm_timo2, motor->pwm_channel2, 0);
 265              		.loc 1 73 9 discriminator 2 view .LVU51
 266 008c 042A     		cmp	r2, #4
 267 008e 05D0     		beq	.L45
  73:BSP/EncoderMotor/encodermotor.c ****         __HAL_TIM_SET_COMPARE(motor->pwm_timo2, motor->pwm_channel2, 0);
 268              		.loc 1 73 9 discriminator 4 view .LVU52
 269 0090 082A     		cmp	r2, #8
 270 0092 07D0     		beq	.L46
  73:BSP/EncoderMotor/encodermotor.c ****         __HAL_TIM_SET_COMPARE(motor->pwm_timo2, motor->pwm_channel2, 0);
 271              		.loc 1 73 9 discriminator 7 view .LVU53
 272 0094 0268     		ldr	r2, [r0]
 273 0096 1268     		ldr	r2, [r2]
 274 0098 1364     		str	r3, [r2, #64]
 275 009a C0E7     		b	.L27
 276              	.L45:
  73:BSP/EncoderMotor/encodermotor.c ****         __HAL_TIM_SET_COMPARE(motor->pwm_timo2, motor->pwm_channel2, 0);
 277              		.loc 1 73 9 discriminator 3 view .LVU54
 278 009c 0268     		ldr	r2, [r0]
 279 009e 1268     		ldr	r2, [r2]
 280 00a0 9363     		str	r3, [r2, #56]
 281 00a2 BCE7     		b	.L27
 282              	.L46:
  73:BSP/EncoderMotor/encodermotor.c ****         __HAL_TIM_SET_COMPARE(motor->pwm_timo2, motor->pwm_channel2, 0);
 283              		.loc 1 73 9 discriminator 6 view .LVU55
 284 00a4 0268     		ldr	r2, [r0]
 285 00a6 1268     		ldr	r2, [r2]
 286 00a8 D363     		str	r3, [r2, #60]
 287 00aa B8E7     		b	.L27
 288              	.LVL17:
 289              	.L30:
 290              		.loc 1 74 9 discriminator 2 view .LVU56
 291 00ac 042B     		cmp	r3, #4
 292 00ae 06D0     		beq	.L47
 293              		.loc 1 74 9 discriminator 4 view .LVU57
 294 00b0 082B     		cmp	r3, #8
 295 00b2 09D0     		beq	.L48
ARM GAS  /tmp/cch2Gsus.s 			page 8


 296              		.loc 1 74 9 discriminator 7 view .LVU58
 297 00b4 4368     		ldr	r3, [r0, #4]
 298 00b6 1B68     		ldr	r3, [r3]
 299 00b8 0022     		movs	r2, #0
 300 00ba 1A64     		str	r2, [r3, #64]
 301 00bc 7047     		bx	lr
 302              	.L47:
 303              		.loc 1 74 9 discriminator 3 view .LVU59
 304 00be 4368     		ldr	r3, [r0, #4]
 305 00c0 1B68     		ldr	r3, [r3]
 306 00c2 0022     		movs	r2, #0
 307 00c4 9A63     		str	r2, [r3, #56]
 308 00c6 7047     		bx	lr
 309              	.L48:
 310              		.loc 1 74 9 discriminator 6 view .LVU60
 311 00c8 4368     		ldr	r3, [r0, #4]
 312 00ca 1B68     		ldr	r3, [r3]
 313 00cc 0022     		movs	r2, #0
 314 00ce DA63     		str	r2, [r3, #60]
 315 00d0 7047     		bx	lr
 316              	.LVL18:
 317              	.L25:
  75:BSP/EncoderMotor/encodermotor.c ****     } else {  // duty == 0
  76:BSP/EncoderMotor/encodermotor.c ****         __HAL_TIM_SET_COMPARE(motor->pwm_timo1, motor->pwm_channel1, 0);
 318              		.loc 1 76 9 is_stmt 1 view .LVU61
 319 00d2 8368     		ldr	r3, [r0, #8]
 320              	.LVL19:
 321              		.loc 1 76 9 is_stmt 0 view .LVU62
 322 00d4 53B9     		cbnz	r3, .L33
 323              		.loc 1 76 9 discriminator 1 view .LVU63
 324 00d6 0368     		ldr	r3, [r0]
 325 00d8 1B68     		ldr	r3, [r3]
 326 00da 0022     		movs	r2, #0
 327 00dc 5A63     		str	r2, [r3, #52]
 328              	.L34:
  77:BSP/EncoderMotor/encodermotor.c ****         __HAL_TIM_SET_COMPARE(motor->pwm_timo2, motor->pwm_channel2, 0);
 329              		.loc 1 77 9 is_stmt 1 view .LVU64
 330 00de C368     		ldr	r3, [r0, #12]
 331 00e0 BBB9     		cbnz	r3, .L37
 332              		.loc 1 77 9 is_stmt 0 discriminator 1 view .LVU65
 333 00e2 4368     		ldr	r3, [r0, #4]
 334 00e4 1B68     		ldr	r3, [r3]
 335 00e6 0022     		movs	r2, #0
 336 00e8 5A63     		str	r2, [r3, #52]
 337 00ea 7047     		bx	lr
 338              	.L33:
  76:BSP/EncoderMotor/encodermotor.c ****         __HAL_TIM_SET_COMPARE(motor->pwm_timo2, motor->pwm_channel2, 0);
 339              		.loc 1 76 9 discriminator 2 view .LVU66
 340 00ec 042B     		cmp	r3, #4
 341 00ee 06D0     		beq	.L49
  76:BSP/EncoderMotor/encodermotor.c ****         __HAL_TIM_SET_COMPARE(motor->pwm_timo2, motor->pwm_channel2, 0);
 342              		.loc 1 76 9 discriminator 4 view .LVU67
 343 00f0 082B     		cmp	r3, #8
 344 00f2 09D0     		beq	.L50
  76:BSP/EncoderMotor/encodermotor.c ****         __HAL_TIM_SET_COMPARE(motor->pwm_timo2, motor->pwm_channel2, 0);
 345              		.loc 1 76 9 discriminator 7 view .LVU68
 346 00f4 0368     		ldr	r3, [r0]
ARM GAS  /tmp/cch2Gsus.s 			page 9


 347 00f6 1B68     		ldr	r3, [r3]
 348 00f8 0022     		movs	r2, #0
 349 00fa 1A64     		str	r2, [r3, #64]
 350 00fc EFE7     		b	.L34
 351              	.L49:
  76:BSP/EncoderMotor/encodermotor.c ****         __HAL_TIM_SET_COMPARE(motor->pwm_timo2, motor->pwm_channel2, 0);
 352              		.loc 1 76 9 discriminator 3 view .LVU69
 353 00fe 0368     		ldr	r3, [r0]
 354 0100 1B68     		ldr	r3, [r3]
 355 0102 0022     		movs	r2, #0
 356 0104 9A63     		str	r2, [r3, #56]
 357 0106 EAE7     		b	.L34
 358              	.L50:
  76:BSP/EncoderMotor/encodermotor.c ****         __HAL_TIM_SET_COMPARE(motor->pwm_timo2, motor->pwm_channel2, 0);
 359              		.loc 1 76 9 discriminator 6 view .LVU70
 360 0108 0368     		ldr	r3, [r0]
 361 010a 1B68     		ldr	r3, [r3]
 362 010c 0022     		movs	r2, #0
 363 010e DA63     		str	r2, [r3, #60]
 364 0110 E5E7     		b	.L34
 365              	.L37:
 366              		.loc 1 77 9 discriminator 2 view .LVU71
 367 0112 042B     		cmp	r3, #4
 368 0114 06D0     		beq	.L51
 369              		.loc 1 77 9 discriminator 4 view .LVU72
 370 0116 082B     		cmp	r3, #8
 371 0118 09D0     		beq	.L52
 372              		.loc 1 77 9 discriminator 7 view .LVU73
 373 011a 4368     		ldr	r3, [r0, #4]
 374 011c 1B68     		ldr	r3, [r3]
 375 011e 0022     		movs	r2, #0
 376 0120 1A64     		str	r2, [r3, #64]
  78:BSP/EncoderMotor/encodermotor.c ****     }
  79:BSP/EncoderMotor/encodermotor.c **** }
 377              		.loc 1 79 1 view .LVU74
 378 0122 7047     		bx	lr
 379              	.L51:
  77:BSP/EncoderMotor/encodermotor.c ****     }
 380              		.loc 1 77 9 discriminator 3 view .LVU75
 381 0124 4368     		ldr	r3, [r0, #4]
 382 0126 1B68     		ldr	r3, [r3]
 383 0128 0022     		movs	r2, #0
 384 012a 9A63     		str	r2, [r3, #56]
 385 012c 7047     		bx	lr
 386              	.L52:
  77:BSP/EncoderMotor/encodermotor.c ****     }
 387              		.loc 1 77 9 discriminator 6 view .LVU76
 388 012e 4368     		ldr	r3, [r0, #4]
 389 0130 1B68     		ldr	r3, [r3]
 390 0132 0022     		movs	r2, #0
 391 0134 DA63     		str	r2, [r3, #60]
 392 0136 7047     		bx	lr
 393              		.cfi_endproc
 394              	.LFE135:
 396              		.section	.text.Motor_Encoder_Init,"ax",%progbits
 397              		.align	1
 398              		.global	Motor_Encoder_Init
ARM GAS  /tmp/cch2Gsus.s 			page 10


 399              		.syntax unified
 400              		.thumb
 401              		.thumb_func
 403              	Motor_Encoder_Init:
 404              	.LVL20:
 405              	.LFB136:
  80:BSP/EncoderMotor/encodermotor.c **** 
  81:BSP/EncoderMotor/encodermotor.c **** 
  82:BSP/EncoderMotor/encodermotor.c **** /*编码器实现*/
  83:BSP/EncoderMotor/encodermotor.c **** 
  84:BSP/EncoderMotor/encodermotor.c **** void Motor_Encoder_Init(MotorControl_t* motor) {
 406              		.loc 1 84 48 is_stmt 1 view -0
 407              		.cfi_startproc
 408              		@ args = 0, pretend = 0, frame = 0
 409              		@ frame_needed = 0, uses_anonymous_args = 0
 410              		.loc 1 84 48 is_stmt 0 view .LVU78
 411 0000 08B5     		push	{r3, lr}
 412              	.LCFI1:
 413              		.cfi_def_cfa_offset 8
 414              		.cfi_offset 3, -8
 415              		.cfi_offset 14, -4
  85:BSP/EncoderMotor/encodermotor.c ****     motor->encoder_last = 0;
 416              		.loc 1 85 5 is_stmt 1 view .LVU79
 417              		.loc 1 85 25 is_stmt 0 view .LVU80
 418 0002 0023     		movs	r3, #0
 419 0004 4361     		str	r3, [r0, #20]
  86:BSP/EncoderMotor/encodermotor.c ****     motor->duty_rpm = 0;
 420              		.loc 1 86 5 is_stmt 1 view .LVU81
 421              		.loc 1 86 21 is_stmt 0 view .LVU82
 422 0006 0023     		movs	r3, #0
 423 0008 8361     		str	r3, [r0, #24]	@ float
  87:BSP/EncoderMotor/encodermotor.c ****     motor->target_rpm = 0;
 424              		.loc 1 87 5 is_stmt 1 view .LVU83
 425              		.loc 1 87 23 is_stmt 0 view .LVU84
 426 000a C361     		str	r3, [r0, #28]	@ float
  88:BSP/EncoderMotor/encodermotor.c ****     motor->pid_integral = 0.0f;
 427              		.loc 1 88 5 is_stmt 1 view .LVU85
 428              		.loc 1 88 25 is_stmt 0 view .LVU86
 429 000c C362     		str	r3, [r0, #44]	@ float
  89:BSP/EncoderMotor/encodermotor.c ****     motor->pid_last_error = 0.0f;
 430              		.loc 1 89 5 is_stmt 1 view .LVU87
 431              		.loc 1 89 27 is_stmt 0 view .LVU88
 432 000e 0363     		str	r3, [r0, #48]	@ float
  90:BSP/EncoderMotor/encodermotor.c **** 
  91:BSP/EncoderMotor/encodermotor.c ****     HAL_TIM_Encoder_Start(motor->encoder_tim, TIM_CHANNEL_ALL);
 433              		.loc 1 91 5 is_stmt 1 view .LVU89
 434 0010 3C21     		movs	r1, #60
 435 0012 0069     		ldr	r0, [r0, #16]
 436              	.LVL21:
 437              		.loc 1 91 5 is_stmt 0 view .LVU90
 438 0014 FFF7FEFF 		bl	HAL_TIM_Encoder_Start
 439              	.LVL22:
  92:BSP/EncoderMotor/encodermotor.c **** }
 440              		.loc 1 92 1 view .LVU91
 441 0018 08BD     		pop	{r3, pc}
 442              		.cfi_endproc
 443              	.LFE136:
ARM GAS  /tmp/cch2Gsus.s 			page 11


 445              		.section	.text.Motor_Encoder_Read,"ax",%progbits
 446              		.align	1
 447              		.global	Motor_Encoder_Read
 448              		.syntax unified
 449              		.thumb
 450              		.thumb_func
 452              	Motor_Encoder_Read:
 453              	.LVL23:
 454              	.LFB137:
  93:BSP/EncoderMotor/encodermotor.c **** 
  94:BSP/EncoderMotor/encodermotor.c **** /*读取编码器数值*/
  95:BSP/EncoderMotor/encodermotor.c **** int32_t Motor_Encoder_Read(MotorControl_t* motor) {
 455              		.loc 1 95 51 is_stmt 1 view -0
 456              		.cfi_startproc
 457              		@ args = 0, pretend = 0, frame = 0
 458              		@ frame_needed = 0, uses_anonymous_args = 0
 459              		@ link register save eliminated.
  96:BSP/EncoderMotor/encodermotor.c ****     int32_t encoder_value = __HAL_TIM_GET_COUNTER(motor->encoder_tim);
 460              		.loc 1 96 5 view .LVU93
 461              		.loc 1 96 29 is_stmt 0 view .LVU94
 462 0000 0369     		ldr	r3, [r0, #16]
 463 0002 1B68     		ldr	r3, [r3]
 464 0004 586A     		ldr	r0, [r3, #36]
 465              	.LVL24:
  97:BSP/EncoderMotor/encodermotor.c ****     return encoder_value;    
 466              		.loc 1 97 5 is_stmt 1 view .LVU95
  98:BSP/EncoderMotor/encodermotor.c ****     // int32_t delta = encoder_value - motor->encoder_last;
  99:BSP/EncoderMotor/encodermotor.c ****     // motor->encoder_last = encoder_value;
 100:BSP/EncoderMotor/encodermotor.c **** 
 101:BSP/EncoderMotor/encodermotor.c ****     // // 计算当前速度（RPM）
 102:BSP/EncoderMotor/encodermotor.c ****     // motor->duty_rpm = delta;  // 根据编码器的计数值计算速度
 103:BSP/EncoderMotor/encodermotor.c ****     // return motor->duty_rpm;
 104:BSP/EncoderMotor/encodermotor.c **** }
 467              		.loc 1 104 1 is_stmt 0 view .LVU96
 468 0006 7047     		bx	lr
 469              		.cfi_endproc
 470              	.LFE137:
 472              		.section	.text.Motor_Encoder_SpeedUpdate,"ax",%progbits
 473              		.align	1
 474              		.global	Motor_Encoder_SpeedUpdate
 475              		.syntax unified
 476              		.thumb
 477              		.thumb_func
 479              	Motor_Encoder_SpeedUpdate:
 480              	.LVL25:
 481              	.LFB138:
 105:BSP/EncoderMotor/encodermotor.c **** 
 106:BSP/EncoderMotor/encodermotor.c **** 
 107:BSP/EncoderMotor/encodermotor.c **** 
 108:BSP/EncoderMotor/encodermotor.c **** // 配置参数
 109:BSP/EncoderMotor/encodermotor.c **** #define ENCODER_PPR      13       // 编码器原始 PPR
 110:BSP/EncoderMotor/encodermotor.c **** #define MULTIPLIER       4        // 倍频数（你现在是 TIM_ENCODERMODE_TI12）
 111:BSP/EncoderMotor/encodermotor.c **** #define GEAR_RATIO       20.0f    // 减速比
 112:BSP/EncoderMotor/encodermotor.c **** #define SAMPLE_TIME_S    0.1f     // 采样时间，单位秒
 113:BSP/EncoderMotor/encodermotor.c **** 
 114:BSP/EncoderMotor/encodermotor.c **** void Motor_Encoder_SpeedUpdate(MotorControl_t* motor)
 115:BSP/EncoderMotor/encodermotor.c **** {
ARM GAS  /tmp/cch2Gsus.s 			page 12


 482              		.loc 1 115 1 is_stmt 1 view -0
 483              		.cfi_startproc
 484              		@ args = 0, pretend = 0, frame = 0
 485              		@ frame_needed = 0, uses_anonymous_args = 0
 486              		@ link register save eliminated.
 116:BSP/EncoderMotor/encodermotor.c ****     uint32_t now = __HAL_TIM_GET_COUNTER(motor->encoder_tim);
 487              		.loc 1 116 5 view .LVU98
 488              		.loc 1 116 20 is_stmt 0 view .LVU99
 489 0000 0369     		ldr	r3, [r0, #16]
 490 0002 1B68     		ldr	r3, [r3]
 491              		.loc 1 116 14 view .LVU100
 492 0004 5A6A     		ldr	r2, [r3, #36]
 493              	.LVL26:
 117:BSP/EncoderMotor/encodermotor.c ****     int32_t delta = (int32_t)(now - motor->encoder_last);
 494              		.loc 1 117 5 is_stmt 1 view .LVU101
 495              		.loc 1 117 42 is_stmt 0 view .LVU102
 496 0006 4369     		ldr	r3, [r0, #20]
 497              		.loc 1 117 35 view .LVU103
 498 0008 D31A     		subs	r3, r2, r3
 499              	.LVL27:
 118:BSP/EncoderMotor/encodermotor.c ****     motor->encoder_last = now;
 500              		.loc 1 118 5 is_stmt 1 view .LVU104
 501              		.loc 1 118 25 is_stmt 0 view .LVU105
 502 000a 4261     		str	r2, [r0, #20]
 119:BSP/EncoderMotor/encodermotor.c **** 
 120:BSP/EncoderMotor/encodermotor.c ****     // 一圈多少个计数？
 121:BSP/EncoderMotor/encodermotor.c ****     const  float pulses_per_rev = ENCODER_PPR * MULTIPLIER;  // 13 * 4 = 52
 503              		.loc 1 121 5 is_stmt 1 view .LVU106
 504              	.LVL28:
 122:BSP/EncoderMotor/encodermotor.c ****     float rpm = (delta / pulses_per_rev) * (60.0f / SAMPLE_TIME_S);  // 电机原轴 RPM
 505              		.loc 1 122 5 view .LVU107
 506              		.loc 1 122 24 is_stmt 0 view .LVU108
 507 000c 07EE903A 		vmov	s15, r3	@ int
 508 0010 F8EEE77A 		vcvt.f32.s32	s15, s15
 509 0014 DFED076A 		vldr.32	s13, .L57
 510 0018 87EEA67A 		vdiv.f32	s14, s15, s13
 511              		.loc 1 122 11 view .LVU109
 512 001c DFED067A 		vldr.32	s15, .L57+4
 513 0020 67EE277A 		vmul.f32	s15, s14, s15
 514              	.LVL29:
 123:BSP/EncoderMotor/encodermotor.c **** 
 124:BSP/EncoderMotor/encodermotor.c ****     // 如果想要的是减速后的输出轴速度，需除以减速比
 125:BSP/EncoderMotor/encodermotor.c ****     motor->duty_rpm = rpm / GEAR_RATIO;
 515              		.loc 1 125 5 is_stmt 1 view .LVU110
 516              		.loc 1 125 27 is_stmt 0 view .LVU111
 517 0024 F3EE046A 		vmov.f32	s13, #2.0e+1
 518 0028 87EEA67A 		vdiv.f32	s14, s15, s13
 519              		.loc 1 125 21 view .LVU112
 520 002c 80ED067A 		vstr.32	s14, [r0, #24]
 126:BSP/EncoderMotor/encodermotor.c **** 
 127:BSP/EncoderMotor/encodermotor.c **** }
 521              		.loc 1 127 1 view .LVU113
 522 0030 7047     		bx	lr
 523              	.L58:
 524 0032 00BF     		.align	2
 525              	.L57:
 526 0034 00005042 		.word	1112539136
ARM GAS  /tmp/cch2Gsus.s 			page 13


 527 0038 00001644 		.word	1142292480
 528              		.cfi_endproc
 529              	.LFE138:
 531              		.global	Motor_D
 532              		.section	.data.Motor_D,"aw"
 533              		.align	2
 536              	Motor_D:
 537 0000 00000000 		.word	htim1
 538 0004 00000000 		.word	htim1
 539 0008 08000000 		.word	8
 540 000c 0C000000 		.word	12
 541 0010 00000000 		.word	htim5
 542 0014 00000000 		.space	12
 542      00000000 
 542      00000000 
 543 0020 0000003F 		.word	1056964608
 544 0024 CDCC4C3E 		.word	1045220557
 545 0028 CDCC4C3D 		.word	1028443341
 546 002c 00000000 		.space	8
 546      00000000 
 547              		.global	Motor_C
 548              		.section	.data.Motor_C,"aw"
 549              		.align	2
 552              	Motor_C:
 553 0000 00000000 		.word	htim1
 554 0004 00000000 		.word	htim1
 555 0008 00000000 		.word	0
 556 000c 04000000 		.word	4
 557 0010 00000000 		.word	htim4
 558 0014 00000000 		.space	12
 558      00000000 
 558      00000000 
 559 0020 0000003F 		.word	1056964608
 560 0024 CDCC4C3E 		.word	1045220557
 561 0028 CDCC4C3D 		.word	1028443341
 562 002c 00000000 		.space	8
 562      00000000 
 563              		.global	Motor_B
 564              		.section	.data.Motor_B,"aw"
 565              		.align	2
 568              	Motor_B:
 569 0000 00000000 		.word	htim9
 570 0004 00000000 		.word	htim9
 571 0008 00000000 		.word	0
 572 000c 04000000 		.word	4
 573 0010 00000000 		.word	htim3
 574 0014 00000000 		.space	12
 574      00000000 
 574      00000000 
 575 0020 0000003F 		.word	1056964608
 576 0024 CDCC4C3E 		.word	1045220557
 577 0028 CDCC4C3D 		.word	1028443341
 578 002c 00000000 		.space	8
 578      00000000 
 579              		.global	Motor_A
 580              		.section	.data.Motor_A,"aw"
 581              		.align	2
ARM GAS  /tmp/cch2Gsus.s 			page 14


 584              	Motor_A:
 585 0000 00000000 		.word	htim10
 586 0004 00000000 		.word	htim11
 587 0008 00000000 		.word	0
 588 000c 00000000 		.word	0
 589 0010 00000000 		.word	htim2
 590 0014 00000000 		.space	12
 590      00000000 
 590      00000000 
 591 0020 0000003F 		.word	1056964608
 592 0024 CDCC4C3E 		.word	1045220557
 593 0028 CDCC4C3D 		.word	1028443341
 594 002c 00000000 		.space	8
 594      00000000 
 595              		.text
 596              	.Letext0:
 597              		.file 2 "/usr/lib/gcc/arm-none-eabi/13.2.1/include/stdint.h"
 598              		.file 3 "Drivers/CMSIS/Device/ST/STM32F4xx/Include/stm32f407xx.h"
 599              		.file 4 "Drivers/STM32F4xx_HAL_Driver/Inc/stm32f4xx_hal_def.h"
 600              		.file 5 "Drivers/STM32F4xx_HAL_Driver/Inc/stm32f4xx_hal_dma.h"
 601              		.file 6 "Drivers/STM32F4xx_HAL_Driver/Inc/stm32f4xx_hal_tim.h"
 602              		.file 7 "Core/Inc/tim.h"
 603              		.file 8 "BSP/EncoderMotor/encodermotor.h"
ARM GAS  /tmp/cch2Gsus.s 			page 15


DEFINED SYMBOLS
                            *ABS*:00000000 encodermotor.c
     /tmp/cch2Gsus.s:21     .text.Motor_Init:00000000 $t
     /tmp/cch2Gsus.s:27     .text.Motor_Init:00000000 Motor_Init
     /tmp/cch2Gsus.s:133    .text.Motor_SetPWM:00000000 $t
     /tmp/cch2Gsus.s:139    .text.Motor_SetPWM:00000000 Motor_SetPWM
     /tmp/cch2Gsus.s:397    .text.Motor_Encoder_Init:00000000 $t
     /tmp/cch2Gsus.s:403    .text.Motor_Encoder_Init:00000000 Motor_Encoder_Init
     /tmp/cch2Gsus.s:446    .text.Motor_Encoder_Read:00000000 $t
     /tmp/cch2Gsus.s:452    .text.Motor_Encoder_Read:00000000 Motor_Encoder_Read
     /tmp/cch2Gsus.s:473    .text.Motor_Encoder_SpeedUpdate:00000000 $t
     /tmp/cch2Gsus.s:479    .text.Motor_Encoder_SpeedUpdate:00000000 Motor_Encoder_SpeedUpdate
     /tmp/cch2Gsus.s:526    .text.Motor_Encoder_SpeedUpdate:00000034 $d
     /tmp/cch2Gsus.s:536    .data.Motor_D:00000000 Motor_D
     /tmp/cch2Gsus.s:533    .data.Motor_D:00000000 $d
     /tmp/cch2Gsus.s:552    .data.Motor_C:00000000 Motor_C
     /tmp/cch2Gsus.s:549    .data.Motor_C:00000000 $d
     /tmp/cch2Gsus.s:568    .data.Motor_B:00000000 Motor_B
     /tmp/cch2Gsus.s:565    .data.Motor_B:00000000 $d
     /tmp/cch2Gsus.s:584    .data.Motor_A:00000000 Motor_A
     /tmp/cch2Gsus.s:581    .data.Motor_A:00000000 $d

UNDEFINED SYMBOLS
HAL_TIM_PWM_Start
HAL_TIM_Encoder_Start
htim1
htim5
htim4
htim9
htim3
htim10
htim11
htim2
