Archive member included to satisfy reference by file (symbol)

/usr/lib/gcc/arm-none-eabi/13.2.1/../../../arm-none-eabi/lib/thumb/v7e-m+fp/hard/libc_nano.a(libc_a-init.o)
                              /usr/lib/gcc/arm-none-eabi/13.2.1/../../../arm-none-eabi/lib/thumb/v7e-m+fp/hard/crt0.o (__libc_init_array)
/usr/lib/gcc/arm-none-eabi/13.2.1/../../../arm-none-eabi/lib/thumb/v7e-m+fp/hard/libc_nano.a(libc_a-puts.o)
                              build/cmd_task.o (puts)
/usr/lib/gcc/arm-none-eabi/13.2.1/../../../arm-none-eabi/lib/thumb/v7e-m+fp/hard/libc_nano.a(libc_a-findfp.o)
                              /usr/lib/gcc/arm-none-eabi/13.2.1/../../../arm-none-eabi/lib/thumb/v7e-m+fp/hard/libc_nano.a(libc_a-puts.o) (__sinit)
/usr/lib/gcc/arm-none-eabi/13.2.1/../../../arm-none-eabi/lib/thumb/v7e-m+fp/hard/libc_nano.a(libc_a-memset.o)
                              /usr/lib/gcc/arm-none-eabi/13.2.1/../../../arm-none-eabi/lib/thumb/v7e-m+fp/hard/crt0.o (memset)
/usr/lib/gcc/arm-none-eabi/13.2.1/../../../arm-none-eabi/lib/thumb/v7e-m+fp/hard/libc_nano.a(libc_a-fflush.o)
                              /usr/lib/gcc/arm-none-eabi/13.2.1/../../../arm-none-eabi/lib/thumb/v7e-m+fp/hard/libc_nano.a(libc_a-findfp.o) (_fflush_r)
/usr/lib/gcc/arm-none-eabi/13.2.1/../../../arm-none-eabi/lib/thumb/v7e-m+fp/hard/libc_nano.a(libc_a-errno.o)
                              build/sysmem.o (__errno)
/usr/lib/gcc/arm-none-eabi/13.2.1/../../../arm-none-eabi/lib/thumb/v7e-m+fp/hard/libc_nano.a(libc_a-nano-vfprintf_float.o)
                              (_printf_float)
/usr/lib/gcc/arm-none-eabi/13.2.1/../../../arm-none-eabi/lib/thumb/v7e-m+fp/hard/libc_nano.a(libc_a-mallocr.o)
                              /usr/lib/gcc/arm-none-eabi/13.2.1/../../../arm-none-eabi/lib/thumb/v7e-m+fp/hard/libc_nano.a(libc_a-findfp.o) (_malloc_r)
/usr/lib/gcc/arm-none-eabi/13.2.1/../../../arm-none-eabi/lib/thumb/v7e-m+fp/hard/libc_nano.a(libc_a-dtoa.o)
                              /usr/lib/gcc/arm-none-eabi/13.2.1/../../../arm-none-eabi/lib/thumb/v7e-m+fp/hard/libc_nano.a(libc_a-nano-vfprintf_float.o) (_dtoa_r)
/usr/lib/gcc/arm-none-eabi/13.2.1/../../../arm-none-eabi/lib/thumb/v7e-m+fp/hard/libc_nano.a(libc_a-freer.o)
                              /usr/lib/gcc/arm-none-eabi/13.2.1/../../../arm-none-eabi/lib/thumb/v7e-m+fp/hard/libc_nano.a(libc_a-fflush.o) (_free_r)
/usr/lib/gcc/arm-none-eabi/13.2.1/../../../arm-none-eabi/lib/thumb/v7e-m+fp/hard/libc_nano.a(libc_a-fwalk.o)
                              /usr/lib/gcc/arm-none-eabi/13.2.1/../../../arm-none-eabi/lib/thumb/v7e-m+fp/hard/libc_nano.a(libc_a-findfp.o) (_fwalk_sglue)
/usr/lib/gcc/arm-none-eabi/13.2.1/../../../arm-none-eabi/lib/thumb/v7e-m+fp/hard/libc_nano.a(libc_a-wsetup.o)
                              /usr/lib/gcc/arm-none-eabi/13.2.1/../../../arm-none-eabi/lib/thumb/v7e-m+fp/hard/libc_nano.a(libc_a-puts.o) (__swsetup_r)
/usr/lib/gcc/arm-none-eabi/13.2.1/../../../arm-none-eabi/lib/thumb/v7e-m+fp/hard/libc_nano.a(libc_a-memcpy.o)
                              build/queue.o (memcpy)
/usr/lib/gcc/arm-none-eabi/13.2.1/../../../arm-none-eabi/lib/thumb/v7e-m+fp/hard/libc_nano.a(libc_a-malloc.o)
                              /usr/lib/gcc/arm-none-eabi/13.2.1/../../../arm-none-eabi/lib/thumb/v7e-m+fp/hard/libc_nano.a(libc_a-dtoa.o) (malloc)
/usr/lib/gcc/arm-none-eabi/13.2.1/../../../arm-none-eabi/lib/thumb/v7e-m+fp/hard/libc_nano.a(libc_a-nano-vfprintf_i.o)
                              /usr/lib/gcc/arm-none-eabi/13.2.1/../../../arm-none-eabi/lib/thumb/v7e-m+fp/hard/libc_nano.a(libc_a-nano-vfprintf_float.o) (_printf_common)
/usr/lib/gcc/arm-none-eabi/13.2.1/../../../arm-none-eabi/lib/thumb/v7e-m+fp/hard/libc_nano.a(libc_a-mlock.o)
                              /usr/lib/gcc/arm-none-eabi/13.2.1/../../../arm-none-eabi/lib/thumb/v7e-m+fp/hard/libc_nano.a(libc_a-mallocr.o) (__malloc_lock)
/usr/lib/gcc/arm-none-eabi/13.2.1/../../../arm-none-eabi/lib/thumb/v7e-m+fp/hard/libc_nano.a(libc_a-makebuf.o)
                              /usr/lib/gcc/arm-none-eabi/13.2.1/../../../arm-none-eabi/lib/thumb/v7e-m+fp/hard/libc_nano.a(libc_a-wsetup.o) (__smakebuf_r)
/usr/lib/gcc/arm-none-eabi/13.2.1/../../../arm-none-eabi/lib/thumb/v7e-m+fp/hard/libc_nano.a(libc_a-exit.o)
                              /usr/lib/gcc/arm-none-eabi/13.2.1/../../../arm-none-eabi/lib/thumb/v7e-m+fp/hard/crt0.o (exit)
/usr/lib/gcc/arm-none-eabi/13.2.1/../../../arm-none-eabi/lib/thumb/v7e-m+fp/hard/libc_nano.a(libc_a-atexit.o)
                              /usr/lib/gcc/arm-none-eabi/13.2.1/../../../arm-none-eabi/lib/thumb/v7e-m+fp/hard/crt0.o (atexit)
/usr/lib/gcc/arm-none-eabi/13.2.1/../../../arm-none-eabi/lib/thumb/v7e-m+fp/hard/libc_nano.a(libc_a-isattyr.o)
                              /usr/lib/gcc/arm-none-eabi/13.2.1/../../../arm-none-eabi/lib/thumb/v7e-m+fp/hard/libc_nano.a(libc_a-makebuf.o) (_isatty_r)
/usr/lib/gcc/arm-none-eabi/13.2.1/../../../arm-none-eabi/lib/thumb/v7e-m+fp/hard/libc_nano.a(libc_a-fini.o)
[...]
Memory Configuration

Name             Origin             Length             Attributes
RAM              0x20000000         0x00020000         xrw
CCMRAM           0x10000000         0x00010000         xrw
FLASH            0x08000000         0x00080000         xr
*default*        0x00000000         0xffffffff

Linker script and memory map

LOAD /usr/lib/gcc/arm-none-eabi/13.2.1/thumb/v7e-m+fp/hard/crti.o
LOAD /usr/lib/gcc/arm-none-eabi/13.2.1/thumb/v7e-m+fp/hard/crtbegin.o
LOAD /usr/lib/gcc/arm-none-eabi/13.2.1/../../../arm-none-eabi/lib/thumb/v7e-m+fp/hard/crt0.o
LOAD build/main.o
LOAD build/freertos.o
LOAD build/stm32f4xx_it.o
LOAD build/stm32f4xx_hal_msp.o
LOAD build/stm32f4xx_hal_timebase_tim.o
LOAD build/stm32f4xx_hal_tim.o
LOAD build/stm32f4xx_hal_tim_ex.o
LOAD build/stm32f4xx_hal_rcc.o
LOAD build/stm32f4xx_hal_rcc_ex.o
LOAD build/stm32f4xx_hal_flash.o
LOAD build/stm32f4xx_hal_flash_ex.o
LOAD build/stm32f4xx_hal_flash_ramfunc.o
LOAD build/stm32f4xx_hal_gpio.o
LOAD build/stm32f4xx_hal_dma_ex.o
LOAD build/stm32f4xx_hal_dma.o
LOAD build/stm32f4xx_hal_pwr.o
LOAD build/stm32f4xx_hal_pwr_ex.o
LOAD build/stm32f4xx_hal_cortex.o
LOAD build/stm32f4xx_hal.o
LOAD build/stm32f4xx_hal_exti.o
LOAD build/stm32f4xx_hal_i2c.o
LOAD build/stm32f4xx_hal_i2c_ex.o
LOAD build/stm32f4xx_hal_uart.o
LOAD build/system_stm32f4xx.o
LOAD build/croutine.o
LOAD build/event_groups.o
LOAD build/list.o
LOAD build/queue.o
LOAD build/stream_buffer.o
LOAD build/tasks.o
LOAD build/timers.o
LOAD build/cmsis_os2.o
LOAD build/heap_4.o
LOAD build/port.o
LOAD build/sysmem.o
LOAD build/syscalls.o
LOAD build/gpio.o
LOAD build/i2c.o
LOAD build/usart.o
LOAD build/mpu6050.o
LOAD build/encodermotor.o
LOAD build/cmd_task.o
LOAD build/imu_task.o
LOAD build/motor_task.o
LOAD build/usart_task.o
LOAD build/tim.o
LOAD build/adc.o
LOAD build/stm32f4xx_hal_adc.o
LOAD build/stm32f4xx_hal_adc_ex.o
LOAD build/startup_stm32f407xx.o
LOAD /usr/lib/gcc/arm-none-eabi/13.2.1/../../../arm-none-eabi/lib/thumb/v7e-m+fp/hard/libc_nano.a
LOAD /usr/lib/gcc/arm-none-eabi/13.2.1/../../../arm-none-eabi/lib/thumb/v7e-m+fp/hard/libm.a
LOAD /usr/lib/gcc/arm-none-eabi/13.2.1/../../../arm-none-eabi/lib/thumb/v7e-m+fp/hard/libnosys.a
START GROUP
LOAD /usr/lib/gcc/arm-none-eabi/13.2.1/thumb/v7e-m+fp/hard/libgcc.a
LOAD /usr/lib/gcc/arm-none-eabi/13.2.1/../../../arm-none-eabi/lib/thumb/v7e-m+fp/hard/libc_nano.a
END GROUP
START GROUP
LOAD /usr/lib/gcc/arm-none-eabi/13.2.1/thumb/v7e-m+fp/hard/libgcc.a
LOAD /usr/lib/gcc/arm-none-eabi/13.2.1/../../../arm-none-eabi/lib/thumb/v7e-m+fp/hard/libc_nano.a
END GROUP
LOAD /usr/lib/gcc/arm-none-eabi/13.2.1/thumb/v7e-m+fp/hard/crtend.o
LOAD /usr/lib/gcc/arm-none-eabi/13.2.1/thumb/v7e-m+fp/hard/crtn.o
                0x20020000                        _estack = (ORIGIN (RAM) + LENGTH (RAM))
                0x00000200                        _Min_Heap_Size = 0x200
                0x00000400                        _Min_Stack_Size = 0x400

.isr_vector     0x08000000      0x188
                0x08000000                        . = ALIGN (0x4)
 *(.isr_vector)
 .isr_vector    0x08000000      0x188 build/startup_stm32f407xx.o
                0x08000000                g_pfnVectors
                0x08000188                        . = ALIGN (0x4)

.text           0x080001c0     0xb310
                0x080001c0                        . = ALIGN (0x4)
 *(.text)
 .text          0x080001c0       0x88 /usr/lib/gcc/arm-none-eabi/13.2.1/thumb/v7e-m+fp/hard/crtbegin.o
 .text          0x08000248       0x50 /usr/lib/gcc/arm-none-eabi/13.2.1/../../../arm-none-eabi/lib/thumb/v7e-m+fp/hard/libc_nano.a(libc_a-init.o)
                0x08000248                __libc_init_array
 .text          0x08000298       0xa0 /usr/lib/gcc/arm-none-eabi/13.2.1/../../../arm-none-eabi/lib/thumb/v7e-m+fp/hard/libc_nano.a(libc_a-puts.o)
                0x08000298                _puts_r
                0x08000328                puts
 .text          0x08000338      0x224 /usr/lib/gcc/arm-none-eabi/13.2.1/../../../arm-none-eabi/lib/thumb/v7e-m+fp/hard/libc_nano.a(libc_a-findfp.o)
                0x08000468                __sfp
                0x0800050c                __sinit
                0x0800052c                __sfp_lock_acquire
                0x08000530                __sfp_lock_release
                0x08000534                __fp_lock_all
                0x08000548                __fp_unlock_all
 .text          0x0800055c       0xa4 /usr/lib/gcc/arm-none-eabi/13.2.1/../../../arm-none-eabi/lib/thumb/v7e-m+fp/hard/libc_nano.a(libc_a-memset.o)
                0x0800055c                memset
 .text          0x08000600      0x1a8 /usr/lib/gcc/arm-none-eabi/13.2.1/../../../arm-none-eabi/lib/thumb/v7e-m+fp/hard/libc_nano.a(libc_a-fflush.o)
                0x08000600                __sflush_r
                0x08000724                _fflush_r
                0x0800075c                fflush
 .text          0x080007a8        0xc /usr/lib/gcc/arm-none-eabi/13.2.1/../../../arm-none-eabi/lib/thumb/v7e-m+fp/hard/libc_nano.a(libc_a-errno.o)
                0x080007a8                __errno
 .text          0x080007b4      0x6b0 /usr/lib/gcc/arm-none-eabi/13.2.1/../../../arm-none-eabi/lib/thumb/v7e-m+fp/hard/libc_nano.a(libc_a-nano-vfprintf_float.o)
                0x080007b4                __cvt
                0x080008c4                __exponent
                0x08000948                _printf_float
 .text          0x08000e64      0x148 /usr/lib/gcc/arm-none-eabi/13.2.1/../../../arm-none-eabi/lib/thumb/v7e-m+fp/hard/libc_nano.a(libc_a-mallocr.o)
                0x08000eac                _malloc_r
 *fill*         0x08000fac        0x4 
 .text          0x08000fb0      0xfdc /usr/lib/gcc/arm-none-eabi/13.2.1/../../../arm-none-eabi/lib/thumb/v7e-m+fp/hard/libc_nano.a(libc_a-dtoa.o)
                0x080010dc                _dtoa_r
 .text          0x08001f8c       0xbc /usr/lib/gcc/arm-none-eabi/13.2.1/../../../arm-none-eabi/lib/thumb/v7e-m+fp/hard/libc_nano.a(libc_a-freer.o)
                0x08001f8c                _free_r
 .text          0x08002048       0x44 /usr/lib/gcc/arm-none-eabi/13.2.1/../../../arm-none-eabi/lib/thumb/v7e-m+fp/hard/libc_nano.a(libc_a-fwalk.o)
                0x08002048                _fwalk_sglue
 .text          0x0800208c       0xc4 /usr/lib/gcc/arm-none-eabi/13.2.1/../../../arm-none-eabi/lib/thumb/v7e-m+fp/hard/libc_nano.a(libc_a-wsetup.o)
                0x0800208c                __swsetup_r
 .text          0x08002150      0x134 /usr/lib/gcc/arm-none-eabi/13.2.1/../../../arm-none-eabi/lib/thumb/v7e-m+fp/hard/libc_nano.a(libc_a-memcpy.o)
                0x08002150                memcpy
 .text          0x08002284       0x20 /usr/lib/gcc/arm-none-eabi/13.2.1/../../../arm-none-eabi/lib/thumb/v7e-m+fp/hard/libc_nano.a(libc_a-malloc.o)
                0x08002284                malloc
                0x08002294                free
 .text          0x080022a4      0x3a8 /usr/lib/gcc/arm-none-eabi/13.2.1/../../../arm-none-eabi/lib/thumb/v7e-m+fp/hard/libc_nano.a(libc_a-nano-vfprintf_i.o)
                0x080022a4                _printf_common
                0x080023c8                _printf_i
 .text          0x0800264c        0x8 /usr/lib/gcc/arm-none-eabi/13.2.1/../../../arm-none-eabi/lib/thumb/v7e-m+fp/hard/libc_nano.a(libc_a-mlock.o)
                0x0800264c                __malloc_lock
                0x08002650                __malloc_unlock
 .text          0x08002654      0x114 /usr/lib/gcc/arm-none-eabi/13.2.1/../../../arm-none-eabi/lib/thumb/v7e-m+fp/hard/libc_nano.a(libc_a-makebuf.o)
                0x08002654                __smakebuf_r
                0x08002718                __swhatbuf_r
 .text          0x08002768       0x24 /usr/lib/gcc/arm-none-eabi/13.2.1/../../../arm-none-eabi/lib/thumb/v7e-m+fp/hard/libc_nano.a(libc_a-isattyr.o)
                0x08002768                _isatty_r
 .text          0x0800278c       0xa0 /usr/lib/gcc/arm-none-eabi/13.2.1/../../../arm-none-eabi/lib/thumb/v7e-m+fp/hard/libc_nano.a(libc_a-wbuf.o)
                0x0800278c                __swbuf_r
                0x08002814                __swbuf
 .text          0x0800282c       0x4c /usr/lib/gcc/arm-none-eabi/13.2.1/../../../arm-none-eabi/lib/thumb/v7e-m+fp/hard/libc_nano.a(libc_a-assert.o)
                0x0800282c                __assert_func
                0x0800286c                __assert
 .text          0x08002878      0xb10 /usr/lib/gcc/arm-none-eabi/13.2.1/../../../arm-none-eabi/lib/thumb/v7e-m+fp/hard/libc_nano.a(libc_a-mprec.o)
                0x08002878                _Balloc
                0x080028f8                _Bfree
                0x08002940                __multadd
                0x080029dc                __s2b
                0x08002a90                __hi0bits
                0x08002ad4                __lo0bits
                0x08002b34                __i2b
                0x08002b60                __multiply
                0x08002ccc                __pow5mult
                0x08002dac                __lshift
                0x08002e94                __mcmp
                0x08002ed8                __mdiff
                0x08003050                __ulp
                0x080030b4                __b2d
                0x08003170                __d2b
                0x08003230                __ratio
                0x08003290                _mprec_log10
                0x080032d0                __copybits
                0x0800332c                __any_on
 .text          0x08003388       0x24 /usr/lib/gcc/arm-none-eabi/13.2.1/../../../arm-none-eabi/lib/thumb/v7e-m+fp/hard/libc_nano.a(libc_a-sbrkr.o)
                0x08003388                _sbrk_r
 .text          0x080033ac       0x94 /usr/lib/gcc/arm-none-eabi/13.2.1/../../../arm-none-eabi/lib/thumb/v7e-m+fp/hard/libc_nano.a(libc_a-stdio.o)
                0x080033ac                __sread
                0x080033d0                __seofread
                0x080033d4                __swrite
                0x08003414                __sseek
                0x08003438                __sclose
 .text          0x08003440       0x14 /usr/lib/gcc/arm-none-eabi/13.2.1/../../../arm-none-eabi/lib/thumb/v7e-m+fp/hard/libc_nano.a(libc_a-localeconv.o)
                0x08003440                __localeconv_l
                0x08003444                _localeconv_r
                0x0800344c                localeconv
 .text          0x08003454       0x10 /usr/lib/gcc/arm-none-eabi/13.2.1/../../../arm-none-eabi/lib/thumb/v7e-m+fp/hard/libc_nano.a(libc_a-abort.o)
                0x08003454                abort
 .text          0x08003464       0x24 /usr/lib/gcc/arm-none-eabi/13.2.1/../../../arm-none-eabi/lib/thumb/v7e-m+fp/hard/libc_nano.a(libc_a-closer.o)
                0x08003464                _close_r
 *fill*         0x08003488       0x38 
 .text          0x080034c0       0xd8 /usr/lib/gcc/arm-none-eabi/13.2.1/../../../arm-none-eabi/lib/thumb/v7e-m+fp/hard/libc_nano.a(libc_a-strlen.o)
                0x080034c0                strlen
 .text          0x08003598       0x28 /usr/lib/gcc/arm-none-eabi/13.2.1/../../../arm-none-eabi/lib/thumb/v7e-m+fp/hard/libc_nano.a(libc_a-callocr.o)
                0x08003598                _calloc_r
 .text          0x080035c0       0x30 /usr/lib/gcc/arm-none-eabi/13.2.1/../../../arm-none-eabi/lib/thumb/v7e-m+fp/hard/libc_nano.a(libc_a-wctomb_r.o)
                0x080035c0                _wctomb_r
                0x080035d4                __ascii_wctomb
 .text          0x080035f0       0xa0 /usr/lib/gcc/arm-none-eabi/13.2.1/../../../arm-none-eabi/lib/thumb/v7e-m+fp/hard/libc_nano.a(libc_a-memchr.o)
                0x080035f0                memchr
 .text          0x08003690       0x2c /usr/lib/gcc/arm-none-eabi/13.2.1/../../../arm-none-eabi/lib/thumb/v7e-m+fp/hard/libc_nano.a(libc_a-readr.o)
                0x08003690                _read_r
 .text          0x080036bc       0x44 /usr/lib/gcc/arm-none-eabi/13.2.1/../../../arm-none-eabi/lib/thumb/v7e-m+fp/hard/libc_nano.a(libc_a-fprintf.o)
                0x080036bc                _fprintf_r
                0x080036bc                _fiprintf_r
                0x080036d8                fprintf
                0x080036d8                fiprintf
 .text          0x08003700       0x2c /usr/lib/gcc/arm-none-eabi/13.2.1/../../../arm-none-eabi/lib/thumb/v7e-m+fp/hard/libc_nano.a(libc_a-fstatr.o)
                0x08003700                _fstat_r
 .text          0x0800372c       0x2c /usr/lib/gcc/arm-none-eabi/13.2.1/../../../arm-none-eabi/lib/thumb/v7e-m+fp/hard/libc_nano.a(libc_a-lseekr.o)
                0x0800372c                _lseek_r
 .text          0x08003758       0x2c /usr/lib/gcc/arm-none-eabi/13.2.1/../../../arm-none-eabi/lib/thumb/v7e-m+fp/hard/libc_nano.a(libc_a-writer.o)
                0x08003758                _write_r
 .text          0x08003784      0x314 /usr/lib/gcc/arm-none-eabi/13.2.1/../../../arm-none-eabi/lib/thumb/v7e-m+fp/hard/libc_nano.a(libc_a-nano-vfprintf.o)
                0x080037c0                __sfputs_r
                0x080037f0                __sprint_r
                0x08003810                _vfiprintf_r
                0x08003810                _vfprintf_r
                0x08003a7c                vfiprintf
                0x08003a7c                vfprintf
 .text          0x08003a98      0x300 /usr/lib/gcc/arm-none-eabi/13.2.1/../../../arm-none-eabi/lib/thumb/v7e-m+fp/hard/libc_nano.a(libc_a-fvwrite.o)
                0x08003a98                __sfvwrite_r
 .text          0x08003d98       0x40 /usr/lib/gcc/arm-none-eabi/13.2.1/../../../arm-none-eabi/lib/thumb/v7e-m+fp/hard/libc_nano.a(libc_a-mbtowc_r.o)
                0x08003d98                _mbtowc_r
                0x08003dac                __ascii_mbtowc
 .text          0x08003dd8      0x260 /usr/lib/gcc/arm-none-eabi/13.2.1/../../../arm-none-eabi/lib/thumb/v7e-m+fp/hard/libc_nano.a(libc_a-signal.o)
                0x08003dd8                _init_signal_r
                0x08003e04                _signal_r
                0x08003e50                _raise_r
                0x08003ea0                __sigtramp_r
                0x08003f00                raise
                0x08003f54                signal
                0x08003fa0                _init_signal
                0x08003fd4                __sigtramp
 .text          0x08004038      0x100 /usr/lib/gcc/arm-none-eabi/13.2.1/../../../arm-none-eabi/lib/thumb/v7e-m+fp/hard/libc_nano.a(libc_a-memmove.o)
                0x08004038                memmove
 .text          0x08004138       0x64 /usr/lib/gcc/arm-none-eabi/13.2.1/../../../arm-none-eabi/lib/thumb/v7e-m+fp/hard/libc_nano.a(libc_a-reallocr.o)
                0x08004138                _realloc_r
 .text          0x0800419c       0x10 /usr/lib/gcc/arm-none-eabi/13.2.1/../../../arm-none-eabi/lib/thumb/v7e-m+fp/hard/libc_nano.a(libc_a-msizer.o)
                0x0800419c                _malloc_usable_size_r
 .text          0x080041ac       0x30 /usr/lib/gcc/arm-none-eabi/13.2.1/../../../arm-none-eabi/lib/thumb/v7e-m+fp/hard/libc_nano.a(libc_a-signalr.o)
                0x080041ac                _kill_r
                0x080041d8                _getpid_r
 .text          0x080041dc      0x378 /usr/lib/gcc/arm-none-eabi/13.2.1/thumb/v7e-m+fp/hard/libgcc.a(_arm_addsubdf3.o)
                0x080041dc                __aeabi_drsub
                0x080041e4                __aeabi_dsub
                0x080041e4                __subdf3
                0x080041e8                __adddf3
                0x080041e8                __aeabi_dadd
                0x08004460                __aeabi_ui2d
                0x08004460                __floatunsidf
                0x08004480                __floatsidf
                0x08004480                __aeabi_i2d
                0x080044a4                __extendsfdf2
                0x080044a4                __aeabi_f2d
                0x080044e8                __aeabi_ul2d
                0x080044e8                __floatundidf
                0x080044f8                __floatdidf
                0x080044f8                __aeabi_l2d
 .text          0x08004554      0x424 /usr/lib/gcc/arm-none-eabi/13.2.1/thumb/v7e-m+fp/hard/libgcc.a(_arm_muldivdf3.o)
                0x08004554                __aeabi_dmul
                0x08004554                __muldf3
                0x080047a8                __aeabi_ddiv
                0x080047a8                __divdf3
 .text          0x08004978      0x110 /usr/lib/gcc/arm-none-eabi/13.2.1/thumb/v7e-m+fp/hard/libgcc.a(_arm_cmpdf2.o)
                0x08004978                __gtdf2
                0x08004978                __gedf2
                0x08004980                __ltdf2
                0x08004980                __ledf2
                0x08004988                __cmpdf2
                0x08004988                __eqdf2
                0x08004988                __nedf2
                0x08004a04                __aeabi_cdrcmple
                0x08004a14                __aeabi_cdcmple
                0x08004a14                __aeabi_cdcmpeq
                0x08004a24                __aeabi_dcmpeq
                0x08004a38                __aeabi_dcmplt
                0x08004a4c                __aeabi_dcmple
                0x08004a60                __aeabi_dcmpge
                0x08004a74                __aeabi_dcmpgt
 .text          0x08004a88       0x2c /usr/lib/gcc/arm-none-eabi/13.2.1/thumb/v7e-m+fp/hard/libgcc.a(_arm_unorddf2.o)
                0x08004a88                __aeabi_dcmpun
                0x08004a88                __unorddf2
 .text          0x08004ab4       0x50 /usr/lib/gcc/arm-none-eabi/13.2.1/thumb/v7e-m+fp/hard/libgcc.a(_arm_fixdfsi.o)
                0x08004ab4                __fixdfsi
                0x08004ab4                __aeabi_d2iz
 .text          0x08004b04       0x30 /usr/lib/gcc/arm-none-eabi/13.2.1/thumb/v7e-m+fp/hard/libgcc.a(_aeabi_uldivmod.o)
                0x08004b04                __aeabi_uldivmod
 .text          0x08004b34      0x2bc /usr/lib/gcc/arm-none-eabi/13.2.1/thumb/v7e-m+fp/hard/libgcc.a(_udivmoddi4.o)
                0x08004b34                __udivmoddi4
 .text          0x08004df0        0x4 /usr/lib/gcc/arm-none-eabi/13.2.1/thumb/v7e-m+fp/hard/libgcc.a(_dvmd_tls.o)
                0x08004df0                __aeabi_ldiv0
                0x08004df0                __aeabi_idiv0
 *(.text*)
 .text.HAL_TIM_PeriodElapsedCallback
                0x08004df4       0x18 build/main.o
                0x08004df4                HAL_TIM_PeriodElapsedCallback
 .text.Error_Handler
                0x08004e0c        0x4 build/main.o
                0x08004e0c                Error_Handler
 .text.SystemClock_Config
                0x08004e10       0xa0 build/main.o
                0x08004e10                SystemClock_Config
 .text.main     0x08004eb0       0x3c build/main.o
                0x08004eb0                main
 .text.StartbattyTask
                0x08004eec        0xa build/freertos.o
                0x08004eec                StartbattyTask
 *fill*         0x08004ef6        0x2 
 .text._write   0x08004ef8       0x18 build/freertos.o
                0x08004ef8                _write
 .text.MX_FREERTOS_Init
                0x08004f10       0xc4 build/freertos.o
                0x08004f10                MX_FREERTOS_Init
 .text.HAL_UART_RxCpltCallback
                0x08004fd4       0x58 build/freertos.o
                0x08004fd4                HAL_UART_RxCpltCallback
 .text.NMI_Handler
                0x0800502c        0x2 build/stm32f4xx_it.o
                0x0800502c                NMI_Handler
 .text.HardFault_Handler
                0x0800502e        0x2 build/stm32f4xx_it.o
                0x0800502e                HardFault_Handler
 .text.MemManage_Handler
                0x08005030        0x2 build/stm32f4xx_it.o
                0x08005030                MemManage_Handler
 .text.BusFault_Handler
                0x08005032        0x2 build/stm32f4xx_it.o
                0x08005032                BusFault_Handler
 .text.UsageFault_Handler
                0x08005034        0x2 build/stm32f4xx_it.o
                0x08005034                UsageFault_Handler
 .text.DebugMon_Handler
                0x08005036        0x2 build/stm32f4xx_it.o
                0x08005036                DebugMon_Handler
 .text.USART3_IRQHandler
                0x08005038       0x10 build/stm32f4xx_it.o
                0x08005038                USART3_IRQHandler
 .text.TIM8_TRG_COM_TIM14_IRQHandler
                0x08005048       0x10 build/stm32f4xx_it.o
                0x08005048                TIM8_TRG_COM_TIM14_IRQHandler
 .text.HAL_MspInit
                0x08005058       0x44 build/stm32f4xx_hal_msp.o
                0x08005058                HAL_MspInit
 .text.HAL_InitTick
                0x0800509c       0xa4 build/stm32f4xx_hal_timebase_tim.o
                0x0800509c                HAL_InitTick
 .text.TIM_OC1_SetConfig
                0x08005140       0x70 build/stm32f4xx_hal_tim.o
 .text.TIM_OC3_SetConfig
                0x080051b0       0x70 build/stm32f4xx_hal_tim.o
 .text.TIM_OC4_SetConfig
                0x08005220       0x50 build/stm32f4xx_hal_tim.o
 .text.HAL_TIM_Base_Start_IT
                0x08005270       0x88 build/stm32f4xx_hal_tim.o
                0x08005270                HAL_TIM_Base_Start_IT
 .text.HAL_TIM_OC_DelayElapsedCallback
                0x080052f8        0x2 build/stm32f4xx_hal_tim.o
                0x080052f8                HAL_TIM_OC_DelayElapsedCallback
 .text.HAL_TIM_IC_CaptureCallback
                0x080052fa        0x2 build/stm32f4xx_hal_tim.o
                0x080052fa                HAL_TIM_IC_CaptureCallback
 .text.HAL_TIM_PWM_PulseFinishedCallback
                0x080052fc        0x2 build/stm32f4xx_hal_tim.o
                0x080052fc                HAL_TIM_PWM_PulseFinishedCallback
 .text.HAL_TIM_TriggerCallback
                0x080052fe        0x2 build/stm32f4xx_hal_tim.o
                0x080052fe                HAL_TIM_TriggerCallback
 .text.HAL_TIM_IRQHandler
                0x08005300      0x15e build/stm32f4xx_hal_tim.o
                0x08005300                HAL_TIM_IRQHandler
 *fill*         0x0800545e        0x2 
 .text.TIM_Base_SetConfig
                0x08005460       0xd0 build/stm32f4xx_hal_tim.o
                0x08005460                TIM_Base_SetConfig
 .text.HAL_TIM_Base_Init
                0x08005530       0x58 build/stm32f4xx_hal_tim.o
                0x08005530                HAL_TIM_Base_Init
 .text.HAL_TIM_PWM_Init
                0x08005588       0x58 build/stm32f4xx_hal_tim.o
                0x08005588                HAL_TIM_PWM_Init
 .text.HAL_TIM_Encoder_Init
                0x080055e0       0xb0 build/stm32f4xx_hal_tim.o
                0x080055e0                HAL_TIM_Encoder_Init
 .text.TIM_OC2_SetConfig
                0x08005690       0x70 build/stm32f4xx_hal_tim.o
                0x08005690                TIM_OC2_SetConfig
 .text.HAL_TIM_PWM_ConfigChannel
                0x08005700       0xdc build/stm32f4xx_hal_tim.o
                0x08005700                HAL_TIM_PWM_ConfigChannel
 .text.TIM_CCxChannelCmd
                0x080057dc       0x1e build/stm32f4xx_hal_tim.o
                0x080057dc                TIM_CCxChannelCmd
 *fill*         0x080057fa        0x2 
 .text.HAL_TIM_PWM_Start
                0x080057fc      0x104 build/stm32f4xx_hal_tim.o
                0x080057fc                HAL_TIM_PWM_Start
 .text.HAL_TIM_Encoder_Start
                0x08005900       0xcc build/stm32f4xx_hal_tim.o
                0x08005900                HAL_TIM_Encoder_Start
 .text.HAL_TIMEx_MasterConfigSynchronization
                0x080059cc       0x8c build/stm32f4xx_hal_tim_ex.o
                0x080059cc                HAL_TIMEx_MasterConfigSynchronization
 .text.HAL_TIMEx_ConfigBreakDeadTime
                0x08005a58       0x52 build/stm32f4xx_hal_tim_ex.o
                0x08005a58                HAL_TIMEx_ConfigBreakDeadTime
 .text.HAL_TIMEx_CommutCallback
                0x08005aaa        0x2 build/stm32f4xx_hal_tim_ex.o
                0x08005aaa                HAL_TIMEx_CommutCallback
 .text.HAL_TIMEx_BreakCallback
                0x08005aac        0x2 build/stm32f4xx_hal_tim_ex.o
                0x08005aac                HAL_TIMEx_BreakCallback
 *fill*         0x08005aae        0x2 
 .text.HAL_RCC_OscConfig
                0x08005ab0      0x3f8 build/stm32f4xx_hal_rcc.o
                0x08005ab0                HAL_RCC_OscConfig
 .text.HAL_RCC_GetSysClockFreq
                0x08005ea8       0xdc build/stm32f4xx_hal_rcc.o
                0x08005ea8                HAL_RCC_GetSysClockFreq
 .text.HAL_RCC_ClockConfig
                0x08005f84      0x160 build/stm32f4xx_hal_rcc.o
                0x08005f84                HAL_RCC_ClockConfig
 .text.HAL_RCC_GetHCLKFreq
                0x080060e4        0xc build/stm32f4xx_hal_rcc.o
                0x080060e4                HAL_RCC_GetHCLKFreq
 .text.HAL_RCC_GetPCLK1Freq
                0x080060f0       0x20 build/stm32f4xx_hal_rcc.o
                0x080060f0                HAL_RCC_GetPCLK1Freq
 .text.HAL_RCC_GetPCLK2Freq
                0x08006110       0x20 build/stm32f4xx_hal_rcc.o
                0x08006110                HAL_RCC_GetPCLK2Freq
 .text.HAL_RCC_GetClockConfig
                0x08006130       0x3c build/stm32f4xx_hal_rcc.o
                0x08006130                HAL_RCC_GetClockConfig
 .text.HAL_GPIO_Init
                0x0800616c      0x1ec build/stm32f4xx_hal_gpio.o
                0x0800616c                HAL_GPIO_Init
 .text.HAL_DMA_Abort
                0x08006358       0x94 build/stm32f4xx_hal_dma.o
                0x08006358                HAL_DMA_Abort
 .text.HAL_DMA_Abort_IT
                0x080063ec       0x26 build/stm32f4xx_hal_dma.o
                0x080063ec                HAL_DMA_Abort_IT
 *fill*         0x08006412        0x2 
 .text.__NVIC_EnableIRQ
                0x08006414       0x1c build/stm32f4xx_hal_cortex.o
 .text.__NVIC_SetPriority
                0x08006430       0x28 build/stm32f4xx_hal_cortex.o
 .text.NVIC_EncodePriority
                0x08006458       0x3e build/stm32f4xx_hal_cortex.o
 *fill*         0x08006496        0x2 
 .text.HAL_NVIC_SetPriorityGrouping
                0x08006498       0x24 build/stm32f4xx_hal_cortex.o
                0x08006498                HAL_NVIC_SetPriorityGrouping
 .text.HAL_NVIC_SetPriority
                0x080064bc       0x20 build/stm32f4xx_hal_cortex.o
                0x080064bc                HAL_NVIC_SetPriority
 .text.HAL_NVIC_EnableIRQ
                0x080064dc        0x8 build/stm32f4xx_hal_cortex.o
                0x080064dc                HAL_NVIC_EnableIRQ
 .text.HAL_Init
                0x080064e4       0x34 build/stm32f4xx_hal.o
                0x080064e4                HAL_Init
 .text.HAL_IncTick
                0x08006518       0x18 build/stm32f4xx_hal.o
                0x08006518                HAL_IncTick
 .text.HAL_GetTick
                0x08006530        0xc build/stm32f4xx_hal.o
                0x08006530                HAL_GetTick
 .text.I2C_IsAcknowledgeFailed
                0x0800653c       0x32 build/stm32f4xx_hal_i2c.o
 .text.I2C_WaitOnFlagUntilTimeout
                0x0800656e       0xaa build/stm32f4xx_hal_i2c.o
 .text.I2C_WaitOnMasterAddressFlagUntilTimeout
                0x08006618       0xd6 build/stm32f4xx_hal_i2c.o
 .text.I2C_WaitOnTXEFlagUntilTimeout
                0x080066ee       0x5e build/stm32f4xx_hal_i2c.o
 .text.I2C_RequestMemoryWrite
                0x0800674c       0xd8 build/stm32f4xx_hal_i2c.o
 .text.I2C_RequestMemoryRead
                0x08006824      0x154 build/stm32f4xx_hal_i2c.o
 .text.I2C_WaitOnBTFFlagUntilTimeout
                0x08006978       0x5e build/stm32f4xx_hal_i2c.o
 .text.I2C_WaitOnRXNEFlagUntilTimeout
                0x080069d6       0x78 build/stm32f4xx_hal_i2c.o
 *fill*         0x08006a4e        0x2 
 .text.HAL_I2C_Init
                0x08006a50      0x1bc build/stm32f4xx_hal_i2c.o
                0x08006a50                HAL_I2C_Init
 .text.HAL_I2C_Mem_Write
                0x08006c0c      0x164 build/stm32f4xx_hal_i2c.o
                0x08006c0c                HAL_I2C_Mem_Write
 .text.HAL_I2C_Mem_Read
                0x08006d70      0x2f8 build/stm32f4xx_hal_i2c.o
                0x08006d70                HAL_I2C_Mem_Read
 .text.HAL_I2C_IsDeviceReady
                0x08007068      0x194 build/stm32f4xx_hal_i2c.o
                0x08007068                HAL_I2C_IsDeviceReady
 .text.UART_EndRxTransfer
                0x080071fc       0x5c build/stm32f4xx_hal_uart.o
 .text.UART_Transmit_IT
                0x08007258       0x60 build/stm32f4xx_hal_uart.o
 .text.UART_SetConfig
                0x080072b8      0x110 build/stm32f4xx_hal_uart.o
 .text.UART_WaitOnFlagUntilTimeout
                0x080073c8       0x86 build/stm32f4xx_hal_uart.o
 .text.HAL_UART_Init
                0x0800744e       0x60 build/stm32f4xx_hal_uart.o
                0x0800744e                HAL_UART_Init
 .text.HAL_UART_Transmit
                0x080074ae       0xcc build/stm32f4xx_hal_uart.o
                0x080074ae                HAL_UART_Transmit
 .text.HAL_UART_TxCpltCallback
                0x0800757a        0x2 build/stm32f4xx_hal_uart.o
                0x0800757a                HAL_UART_TxCpltCallback
 .text.UART_EndTransmit_IT
                0x0800757c       0x1a build/stm32f4xx_hal_uart.o
 .text.HAL_UART_ErrorCallback
                0x08007596        0x2 build/stm32f4xx_hal_uart.o
                0x08007596                HAL_UART_ErrorCallback
 .text.UART_DMAAbortOnError
                0x08007598        0xe build/stm32f4xx_hal_uart.o
 .text.HAL_UARTEx_RxEventCallback
                0x080075a6        0x2 build/stm32f4xx_hal_uart.o
                0x080075a6                HAL_UARTEx_RxEventCallback
 .text.UART_Receive_IT
                0x080075a8       0xe6 build/stm32f4xx_hal_uart.o
 *fill*         0x0800768e        0x2 
 .text.HAL_UART_IRQHandler
                0x08007690      0x2a0 build/stm32f4xx_hal_uart.o
                0x08007690                HAL_UART_IRQHandler
 .text.UART_Start_Receive_IT
                0x08007930       0x36 build/stm32f4xx_hal_uart.o
                0x08007930                UART_Start_Receive_IT
 .text.HAL_UART_Receive_IT
                0x08007966       0x26 build/stm32f4xx_hal_uart.o
                0x08007966                HAL_UART_Receive_IT
 .text.SystemInit
                0x0800798c       0x14 build/system_stm32f4xx.o
                0x0800798c                SystemInit
 .text.vListInitialise
                0x080079a0       0x16 build/list.o
                0x080079a0                vListInitialise
 .text.vListInitialiseItem
                0x080079b6        0x6 build/list.o
                0x080079b6                vListInitialiseItem
 .text.vListInsertEnd
                0x080079bc       0x16 build/list.o
                0x080079bc                vListInsertEnd
 .text.vListInsert
                0x080079d2       0x32 build/list.o
                0x080079d2                vListInsert
 .text.uxListRemove
                0x08007a04       0x26 build/list.o
                0x08007a04                uxListRemove
 .text.prvGetDisinheritPriorityAfterTimeout
                0x08007a2a       0x10 build/queue.o
 .text.prvIsQueueFull
                0x08007a3a       0x1e build/queue.o
 .text.prvIsQueueEmpty
                0x08007a58       0x1a build/queue.o
 .text.prvCopyDataToQueue
                0x08007a72       0x76 build/queue.o
 .text.prvCopyDataFromQueue
                0x08007ae8       0x24 build/queue.o
 .text.prvUnlockQueue
                0x08007b0c       0x6e build/queue.o
 .text.xQueueGenericReset
                0x08007b7a       0x84 build/queue.o
                0x08007b7a                xQueueGenericReset
 .text.prvInitialiseNewQueue
                0x08007bfe       0x22 build/queue.o
 .text.xQueueGenericCreateStatic
                0x08007c20       0x94 build/queue.o
                0x08007c20                xQueueGenericCreateStatic
 .text.xQueueGenericCreate
                0x08007cb4       0x48 build/queue.o
                0x08007cb4                xQueueGenericCreate
 .text.xQueueGenericSend
                0x08007cfc      0x188 build/queue.o
                0x08007cfc                xQueueGenericSend
 .text.prvInitialiseMutex
                0x08007e84       0x18 build/queue.o
 .text.xQueueCreateMutex
                0x08007e9c       0x16 build/queue.o
                0x08007e9c                xQueueCreateMutex
 .text.xQueueCreateMutexStatic
                0x08007eb2       0x1e build/queue.o
                0x08007eb2                xQueueCreateMutexStatic
 .text.xQueueGiveMutexRecursive
                0x08007ed0       0x40 build/queue.o
                0x08007ed0                xQueueGiveMutexRecursive
 .text.xQueueGenericSendFromISR
                0x08007f10       0xce build/queue.o
                0x08007f10                xQueueGenericSendFromISR
 .text.xQueueReceive
                0x08007fde      0x15e build/queue.o
                0x08007fde                xQueueReceive
 .text.xQueueSemaphoreTake
                0x0800813c      0x1a6 build/queue.o
                0x0800813c                xQueueSemaphoreTake
 .text.xQueueTakeMutexRecursive
                0x080082e2       0x40 build/queue.o
                0x080082e2                xQueueTakeMutexRecursive
 *fill*         0x08008322        0x2 
 .text.vQueueAddToRegistry
                0x08008324       0x28 build/queue.o
                0x08008324                vQueueAddToRegistry
 .text.vQueueWaitForMessageRestricted
                0x0800834c       0x52 build/queue.o
                0x0800834c                vQueueWaitForMessageRestricted
 *fill*         0x0800839e        0x2 
 .text.prvResetNextTaskUnblockTime
                0x080083a0       0x2c build/tasks.o
 .text.prvInitialiseNewTask
                0x080083cc       0xa2 build/tasks.o
 *fill*         0x0800846e        0x2 
 .text.prvInitialiseTaskLists
                0x08008470       0x68 build/tasks.o
 .text.prvAddNewTaskToReadyList
                0x080084d8       0xac build/tasks.o
 .text.prvDeleteTCB
                0x08008584       0x38 build/tasks.o
 .text.prvCheckTasksWaitingTermination
                0x080085bc       0x4c build/tasks.o
 .text.prvIdleTask
                0x08008608       0x28 build/tasks.o
 .text.prvAddCurrentTaskToDelayedList
                0x08008630       0x7c build/tasks.o
 .text.xTaskCreateStatic
                0x080086ac       0x76 build/tasks.o
                0x080086ac                xTaskCreateStatic
 .text.xTaskCreate
                0x08008722       0x64 build/tasks.o
                0x08008722                xTaskCreate
 *fill*         0x08008786        0x2 
 .text.vTaskStartScheduler
                0x08008788       0x98 build/tasks.o
                0x08008788                vTaskStartScheduler
 .text.vTaskSuspendAll
                0x08008820       0x10 build/tasks.o
                0x08008820                vTaskSuspendAll
 .text.xTaskGetTickCount
                0x08008830        0xc build/tasks.o
                0x08008830                xTaskGetTickCount
 .text.xTaskIncrementTick
                0x0800883c      0x118 build/tasks.o
                0x0800883c                xTaskIncrementTick
 .text.xTaskResumeAll
                0x08008954       0xf8 build/tasks.o
                0x08008954                xTaskResumeAll
 .text.vTaskDelayUntil
                0x08008a4c       0xa4 build/tasks.o
                0x08008a4c                vTaskDelayUntil
 .text.vTaskDelay
                0x08008af0       0x4c build/tasks.o
                0x08008af0                vTaskDelay
 .text.vTaskSwitchContext
                0x08008b3c       0x98 build/tasks.o
                0x08008b3c                vTaskSwitchContext
 .text.vTaskPlaceOnEventList
                0x08008bd4       0x30 build/tasks.o
                0x08008bd4                vTaskPlaceOnEventList
 .text.vTaskPlaceOnEventListRestricted
                0x08008c04       0x38 build/tasks.o
                0x08008c04                vTaskPlaceOnEventListRestricted
 .text.xTaskRemoveFromEventList
                0x08008c3c       0x8c build/tasks.o
                0x08008c3c                xTaskRemoveFromEventList
 .text.vTaskInternalSetTimeOutState
                0x08008cc8       0x18 build/tasks.o
                0x08008cc8                vTaskInternalSetTimeOutState
 .text.xTaskCheckForTimeOut
                0x08008ce0       0x84 build/tasks.o
                0x08008ce0                xTaskCheckForTimeOut
 .text.vTaskMissedYield
                0x08008d64        0xc build/tasks.o
                0x08008d64                vTaskMissedYield
 .text.xTaskGetCurrentTaskHandle
                0x08008d70        0xc build/tasks.o
                0x08008d70                xTaskGetCurrentTaskHandle
 .text.xTaskGetSchedulerState
                0x08008d7c       0x20 build/tasks.o
                0x08008d7c                xTaskGetSchedulerState
 .text.xTaskPriorityInherit
                0x08008d9c       0x98 build/tasks.o
                0x08008d9c                xTaskPriorityInherit
 .text.xTaskPriorityDisinherit
                0x08008e34       0x90 build/tasks.o
                0x08008e34                xTaskPriorityDisinherit
 .text.vTaskPriorityDisinheritAfterTimeout
                0x08008ec4       0xa0 build/tasks.o
                0x08008ec4                vTaskPriorityDisinheritAfterTimeout
 .text.pvTaskIncrementMutexHeldCount
                0x08008f64       0x1c build/tasks.o
                0x08008f64                pvTaskIncrementMutexHeldCount
 .text.prvGetNextExpireTime
                0x08008f80       0x20 build/timers.o
 .text.prvInsertTimerInActiveList
                0x08008fa0       0x48 build/timers.o
 .text.prvCheckForValidListAndQueue
                0x08008fe8       0x70 build/timers.o
 .text.xTimerCreateTimerTask
                0x08009058       0x64 build/timers.o
                0x08009058                xTimerCreateTimerTask
 .text.xTimerGenericCommand
                0x080090bc       0x6c build/timers.o
                0x080090bc                xTimerGenericCommand
 .text.prvSwitchTimerLists
                0x08009128       0x7c build/timers.o
 .text.prvSampleTimeNow
                0x080091a4       0x2c build/timers.o
 .text.prvProcessExpiredTimer
                0x080091d0       0x6c build/timers.o
 .text.prvProcessTimerOrBlockTask
                0x0800923c       0x74 build/timers.o
 .text.prvProcessReceivedCommands
                0x080092b0      0x10c build/timers.o
 .text.prvTimerTask
                0x080093bc       0x16 build/timers.o
 .text.SysTick_Handler
                0x080093d2       0x18 build/cmsis_os2.o
                0x080093d2                SysTick_Handler
 *fill*         0x080093ea        0x2 
 .text.osKernelInitialize
                0x080093ec       0x24 build/cmsis_os2.o
                0x080093ec                osKernelInitialize
 .text.osKernelStart
                0x08009410       0x38 build/cmsis_os2.o
                0x08009410                osKernelStart
 .text.osThreadNew
                0x08009448       0xbc build/cmsis_os2.o
                0x08009448                osThreadNew
 .text.osDelay  0x08009504       0x1c build/cmsis_os2.o
                0x08009504                osDelay
 .text.osMutexNew
                0x08009520       0x92 build/cmsis_os2.o
                0x08009520                osMutexNew
 .text.osMutexAcquire
                0x080095b2       0x5e build/cmsis_os2.o
                0x080095b2                osMutexAcquire
 .text.osMutexRelease
                0x08009610       0x4e build/cmsis_os2.o
                0x08009610                osMutexRelease
 .text.osMessageQueueNew
                0x0800965e       0x96 build/cmsis_os2.o
                0x0800965e                osMessageQueueNew
 .text.vApplicationGetIdleTaskMemory
                0x080096f4       0x18 build/cmsis_os2.o
                0x080096f4                vApplicationGetIdleTaskMemory
 .text.vApplicationGetTimerTaskMemory
                0x0800970c       0x18 build/cmsis_os2.o
                0x0800970c                vApplicationGetTimerTaskMemory
 .text.prvHeapInit
                0x08009724       0x64 build/heap_4.o
 .text.prvInsertBlockIntoFreeList
                0x08009788       0x64 build/heap_4.o
 .text.pvPortMalloc
                0x080097ec      0x104 build/heap_4.o
                0x080097ec                pvPortMalloc
 .text.vPortFree
                0x080098f0       0x7c build/heap_4.o
                0x080098f0                vPortFree
 .text.prvTaskExitError
                0x0800996c       0x40 build/port.o
 .text.prvPortStartFirstTask
                0x080099ac       0x28 build/port.o
 .text.vPortEnableVFP
                0x080099d4       0x14 build/port.o
 .text.pxPortInitialiseStack
                0x080099e8       0x2c build/port.o
                0x080099e8                pxPortInitialiseStack
 *fill*         0x08009a14        0xc 
 .text.SVC_Handler
                0x08009a20       0x24 build/port.o
                0x08009a20                SVC_Handler
 .text.vPortEnterCritical
                0x08009a44       0x44 build/port.o
                0x08009a44                vPortEnterCritical
 .text.vPortExitCritical
                0x08009a88       0x2c build/port.o
                0x08009a88                vPortExitCritical
 *fill*         0x08009ab4        0xc 
 .text.PendSV_Handler
                0x08009ac0       0x64 build/port.o
                0x08009ac0                PendSV_Handler
 .text.xPortSysTickHandler
                0x08009b24       0x2c build/port.o
                0x08009b24                xPortSysTickHandler
 .text.vPortSetupTimerInterrupt
                0x08009b50       0x28 build/port.o
                0x08009b50                vPortSetupTimerInterrupt
 .text.xPortStartScheduler
                0x08009b78      0x118 build/port.o
                0x08009b78                xPortStartScheduler
 .text.vPortValidateInterruptPriority
                0x08009c90       0x5c build/port.o
                0x08009c90                vPortValidateInterruptPriority
 .text._sbrk    0x08009cec       0x48 build/sysmem.o
                0x08009cec                _sbrk
 .text._getpid  0x08009d34        0x4 build/syscalls.o
                0x08009d34                _getpid
 .text._kill    0x08009d38       0x10 build/syscalls.o
                0x08009d38                _kill
 .text._exit    0x08009d48        0xc build/syscalls.o
                0x08009d48                _exit
 .text._read    0x08009d54       0x20 build/syscalls.o
                0x08009d54                _read
 .text._close   0x08009d74        0x6 build/syscalls.o
                0x08009d74                _close
 .text._fstat   0x08009d7a        0xa build/syscalls.o
                0x08009d7a                _fstat
 .text._isatty  0x08009d84        0x4 build/syscalls.o
                0x08009d84                _isatty
 .text._lseek   0x08009d88        0x4 build/syscalls.o
                0x08009d88                _lseek
 .text.MX_GPIO_Init
                0x08009d8c       0x74 build/gpio.o
                0x08009d8c                MX_GPIO_Init
 .text.MX_I2C2_Init
                0x08009e00       0x3c build/i2c.o
                0x08009e00                MX_I2C2_Init
 .text.HAL_I2C_MspInit
                0x08009e3c       0x70 build/i2c.o
                0x08009e3c                HAL_I2C_MspInit
 .text.MX_USART3_UART_Init
                0x08009eac       0x34 build/usart.o
                0x08009eac                MX_USART3_UART_Init
 .text.HAL_UART_MspInit
                0x08009ee0       0x80 build/usart.o
                0x08009ee0                HAL_UART_MspInit
 .text.Sensor_I2C2_Read
                0x08009f60       0x24 build/mpu6050.o
                0x08009f60                Sensor_I2C2_Read
 .text.Sensor_I2C2_Write
                0x08009f84       0x24 build/mpu6050.o
                0x08009f84                Sensor_I2C2_Write
 .text.Sensor_I2C2_Serch
                0x08009fa8       0x34 build/mpu6050.o
                0x08009fa8                Sensor_I2C2_Serch
 .text.MPU6050_Init
                0x08009fdc       0xba build/mpu6050.o
                0x08009fdc                MPU6050_Init
 *fill*         0x0800a096        0x2 
 .text.MPU6050_Read_Accel
                0x0800a098       0x90 build/mpu6050.o
                0x0800a098                MPU6050_Read_Accel
 .text.MPU6050_Read_Gyro
                0x0800a128       0x90 build/mpu6050.o
                0x0800a128                MPU6050_Read_Gyro
 .text.Motor_Init
                0x0800a1b8       0x82 build/encodermotor.o
                0x0800a1b8                Motor_Init
 .text.Motor_SetPWM
                0x0800a23a      0x138 build/encodermotor.o
                0x0800a23a                Motor_SetPWM
 .text.Motor_Encoder_Init
                0x0800a372       0x1e build/encodermotor.o
                0x0800a372                Motor_Encoder_Init
 .text.Motor_Encoder_Update
                0x0800a390       0x50 build/encodermotor.o
                0x0800a390                Motor_Encoder_Update
 .text.Incremental_PID
                0x0800a3e0       0xbc build/encodermotor.o
                0x0800a3e0                Incremental_PID
 .text.Process_Command
                0x0800a49c       0x44 build/cmd_task.o
                0x0800a49c                Process_Command
 .text.StartcmdTask
                0x0800a4e0       0xe0 build/cmd_task.o
                0x0800a4e0                StartcmdTask
 .text.StartimuTask
                0x0800a5c0      0x13c build/imu_task.o
                0x0800a5c0                StartimuTask
 .text.ADC_GetBatteryVoltage
                0x0800a6fc       0x7c build/motor_task.o
 .text.StartmotorTask
                0x0800a778      0x160 build/motor_task.o
                0x0800a778                StartmotorTask
 .text.Calc_Checksum
                0x0800a8d8       0x18 build/usart_task.o
                0x0800a8d8                Calc_Checksum
 .text.StartUsartTask
                0x0800a8f0       0xb0 build/usart_task.o
                0x0800a8f0                StartUsartTask
 .text.MX_TIM3_Init
                0x0800a9a0       0x64 build/tim.o
                0x0800a9a0                MX_TIM3_Init
 .text.MX_TIM5_Init
                0x0800aa04       0x64 build/tim.o
                0x0800aa04                MX_TIM5_Init
 .text.HAL_TIM_PWM_MspInit
                0x0800aa68       0x30 build/tim.o
                0x0800aa68                HAL_TIM_PWM_MspInit
 .text.HAL_TIM_Encoder_MspInit
                0x0800aa98       0xb8 build/tim.o
                0x0800aa98                HAL_TIM_Encoder_MspInit
 .text.HAL_TIM_Base_MspInit
                0x0800ab50       0x54 build/tim.o
                0x0800ab50                HAL_TIM_Base_MspInit
 .text.HAL_TIM_MspPostInit
                0x0800aba4       0xd4 build/tim.o
                0x0800aba4                HAL_TIM_MspPostInit
 .text.MX_TIM1_Init
                0x0800ac78       0xcc build/tim.o
                0x0800ac78                MX_TIM1_Init
 .text.MX_TIM10_Init
                0x0800ad44       0x74 build/tim.o
                0x0800ad44                MX_TIM10_Init
 .text.MX_TIM11_Init
                0x0800adb8       0x74 build/tim.o
                0x0800adb8                MX_TIM11_Init
 .text.MX_ADC1_Init
                0x0800ae2c       0x6c build/adc.o
                0x0800ae2c                MX_ADC1_Init
 .text.HAL_ADC_MspInit
                0x0800ae98       0x68 build/adc.o
                0x0800ae98                HAL_ADC_MspInit
 .text.ADC_Init
                0x0800af00      0x134 build/stm32f4xx_hal_adc.o
 .text.HAL_ADC_Init
                0x0800b034       0x56 build/stm32f4xx_hal_adc.o
                0x0800b034                HAL_ADC_Init
 *fill*         0x0800b08a        0x2 
 .text.HAL_ADC_Start
                0x0800b08c      0x144 build/stm32f4xx_hal_adc.o
                0x0800b08c                HAL_ADC_Start
 .text.HAL_ADC_Stop
                0x0800b1d0       0x40 build/stm32f4xx_hal_adc.o
                0x0800b1d0                HAL_ADC_Stop
 .text.HAL_ADC_PollForConversion
                0x0800b210       0xb8 build/stm32f4xx_hal_adc.o
                0x0800b210                HAL_ADC_PollForConversion
 .text.HAL_ADC_GetValue
                0x0800b2c8        0x6 build/stm32f4xx_hal_adc.o
                0x0800b2c8                HAL_ADC_GetValue
 *fill*         0x0800b2ce        0x2 
 .text.HAL_ADC_ConfigChannel
                0x0800b2d0      0x194 build/stm32f4xx_hal_adc.o
                0x0800b2d0                HAL_ADC_ConfigChannel
 .text.Reset_Handler
                0x0800b464       0x50 build/startup_stm32f407xx.o
                0x0800b464                Reset_Handler
 .text.Default_Handler
                0x0800b4b4        0x2 build/startup_stm32f407xx.o
                0x0800b4b4                RTC_Alarm_IRQHandler
                0x0800b4b4                HASH_RNG_IRQHandler
                0x0800b4b4                EXTI2_IRQHandler
                0x0800b4b4                TIM8_CC_IRQHandler
                0x0800b4b4                TIM1_CC_IRQHandler
                0x0800b4b4                DMA2_Stream5_IRQHandler
                0x0800b4b4                DMA1_Stream5_IRQHandler
                0x0800b4b4                PVD_IRQHandler
                0x0800b4b4                SDIO_IRQHandler
                0x0800b4b4                TAMP_STAMP_IRQHandler
                0x0800b4b4                CAN2_RX1_IRQHandler
                0x0800b4b4                EXTI3_IRQHandler
                0x0800b4b4                TIM1_UP_TIM10_IRQHandler
                0x0800b4b4                TIM8_UP_TIM13_IRQHandler
                0x0800b4b4                I2C3_ER_IRQHandler
                0x0800b4b4                EXTI0_IRQHandler
                0x0800b4b4                I2C2_EV_IRQHandler
                0x0800b4b4                DMA1_Stream2_IRQHandler
                0x0800b4b4                CAN1_RX0_IRQHandler
                0x0800b4b4                FPU_IRQHandler
                0x0800b4b4                OTG_HS_WKUP_IRQHandler
                0x0800b4b4                CAN2_SCE_IRQHandler
                0x0800b4b4                DMA2_Stream2_IRQHandler
                0x0800b4b4                SPI1_IRQHandler
                0x0800b4b4                TIM6_DAC_IRQHandler
                0x0800b4b4                TIM1_BRK_TIM9_IRQHandler
                0x0800b4b4                DCMI_IRQHandler
                0x0800b4b4                CAN2_RX0_IRQHandler
                0x0800b4b4                DMA2_Stream3_IRQHandler
                0x0800b4b4                USART6_IRQHandler
                0x0800b4b4                CAN1_RX1_IRQHandler
                0x0800b4b4                UART5_IRQHandler
                0x0800b4b4                DMA2_Stream0_IRQHandler
                0x0800b4b4                TIM4_IRQHandler
                0x0800b4b4                I2C1_EV_IRQHandler
                0x0800b4b4                DMA1_Stream6_IRQHandler
                0x0800b4b4                DMA1_Stream1_IRQHandler
                0x0800b4b4                UART4_IRQHandler
                0x0800b4b4                TIM3_IRQHandler
                0x0800b4b4                RCC_IRQHandler
                0x0800b4b4                TIM8_BRK_TIM12_IRQHandler
                0x0800b4b4                Default_Handler
                0x0800b4b4                EXTI15_10_IRQHandler
                0x0800b4b4                ADC_IRQHandler
                0x0800b4b4                DMA1_Stream7_IRQHandler
                0x0800b4b4                TIM7_IRQHandler
                0x0800b4b4                CAN2_TX_IRQHandler
                0x0800b4b4                TIM5_IRQHandler
                0x0800b4b4                DMA2_Stream7_IRQHandler
                0x0800b4b4                I2C3_EV_IRQHandler
                0x0800b4b4                EXTI9_5_IRQHandler
                0x0800b4b4                RTC_WKUP_IRQHandler
                0x0800b4b4                ETH_WKUP_IRQHandler
                0x0800b4b4                SPI2_IRQHandler
                0x0800b4b4                OTG_HS_EP1_IN_IRQHandler
                0x0800b4b4                DMA1_Stream0_IRQHandler
                0x0800b4b4                CAN1_TX_IRQHandler
                0x0800b4b4                EXTI4_IRQHandler
                0x0800b4b4                FSMC_IRQHandler
                0x0800b4b4                ETH_IRQHandler
                0x0800b4b4                OTG_HS_EP1_OUT_IRQHandler
                0x0800b4b4                WWDG_IRQHandler
                0x0800b4b4                TIM2_IRQHandler
                0x0800b4b4                OTG_FS_WKUP_IRQHandler
                0x0800b4b4                TIM1_TRG_COM_TIM11_IRQHandler
                0x0800b4b4                OTG_HS_IRQHandler
                0x0800b4b4                EXTI1_IRQHandler
                0x0800b4b4                USART2_IRQHandler
                0x0800b4b4                I2C2_ER_IRQHandler
                0x0800b4b4                DMA2_Stream1_IRQHandler
                0x0800b4b4                CAN1_SCE_IRQHandler
                0x0800b4b4                FLASH_IRQHandler
                0x0800b4b4                DMA2_Stream4_IRQHandler
                0x0800b4b4                USART1_IRQHandler
                0x0800b4b4                OTG_FS_IRQHandler
                0x0800b4b4                SPI3_IRQHandler
                0x0800b4b4                DMA1_Stream4_IRQHandler
                0x0800b4b4                I2C1_ER_IRQHandler
                0x0800b4b4                DMA2_Stream6_IRQHandler
                0x0800b4b4                DMA1_Stream3_IRQHandler
 *(.glue_7)
 .glue_7        0x0800b4b6        0x0 linker stubs
 *(.glue_7t)
 .glue_7t       0x0800b4b6        0x0 linker stubs
 *(.eh_frame)
 *fill*         0x0800b4b6        0x2 
 .eh_frame      0x0800b4b8        0x0 /usr/lib/gcc/arm-none-eabi/13.2.1/thumb/v7e-m+fp/hard/crtbegin.o
 *(.init)
 .init          0x0800b4b8        0x4 /usr/lib/gcc/arm-none-eabi/13.2.1/thumb/v7e-m+fp/hard/crti.o
                0x0800b4b8                _init
 .init          0x0800b4bc        0x8 /usr/lib/gcc/arm-none-eabi/13.2.1/thumb/v7e-m+fp/hard/crtn.o
 *(.fini)
 .fini          0x0800b4c4        0x4 /usr/lib/gcc/arm-none-eabi/13.2.1/thumb/v7e-m+fp/hard/crti.o
                0x0800b4c4                _fini
 .fini          0x0800b4c8        0x8 /usr/lib/gcc/arm-none-eabi/13.2.1/thumb/v7e-m+fp/hard/crtn.o
                0x0800b4d0                        . = ALIGN (0x4)
                0x0800b4d0                        _etext = .

.vfp11_veneer   0x0800b4d0        0x0
 .vfp11_veneer  0x0800b4d0        0x0 linker stubs

.v4_bx          0x0800b4d0        0x0
 .v4_bx         0x0800b4d0        0x0 linker stubs

.iplt           0x0800b4d0        0x0
 .iplt          0x0800b4d0        0x0 /usr/lib/gcc/arm-none-eabi/13.2.1/thumb/v7e-m+fp/hard/crtbegin.o

.rodata         0x0800b4d0      0x4f4
                0x0800b4d0                        . = ALIGN (0x4)
 *(.rodata)
 .rodata        0x0800b4d0      0x128 /usr/lib/gcc/arm-none-eabi/13.2.1/../../../arm-none-eabi/lib/thumb/v7e-m+fp/hard/libc_nano.a(libc_a-mprec.o)
                0x0800b4e0                __mprec_tens
                0x0800b5a8                __mprec_tinytens
                0x0800b5d0                __mprec_bigtens
 .rodata        0x0800b5f8      0x101 /usr/lib/gcc/arm-none-eabi/13.2.1/../../../arm-none-eabi/lib/thumb/v7e-m+fp/hard/libc_nano.a(libc_a-ctype_.o)
                0x0800b5f8                _ctype_
 *(.rodata*)
 *fill*         0x0800b6f9        0x3 
 .rodata.str1.4
                0x0800b6fc      0x1bb build/freertos.o
                                 0x58 (size before relaxing)
 *fill*         0x0800b8b7        0x1 
 .rodata.robotMutex_attributes
                0x0800b8b8       0x10 build/freertos.o
                0x0800b8b8                robotMutex_attributes
 .rodata.cmdQueue_attributes
                0x0800b8c8       0x18 build/freertos.o
                0x0800b8c8                cmdQueue_attributes
 .rodata.dataQueue_attributes
                0x0800b8e0       0x18 build/freertos.o
                0x0800b8e0                dataQueue_attributes
 .rodata.battrytTask_attributes
                0x0800b8f8       0x24 build/freertos.o
                0x0800b8f8                battrytTask_attributes
 .rodata.motorTask_attributes
                0x0800b91c       0x24 build/freertos.o
                0x0800b91c                motorTask_attributes
 .rodata.cmdTask_attributes
                0x0800b940       0x24 build/freertos.o
                0x0800b940                cmdTask_attributes
 .rodata.usartTask_attributes
                0x0800b964       0x24 build/freertos.o
                0x0800b964                usartTask_attributes
 .rodata.imuTask_attributes
                0x0800b988       0x24 build/freertos.o
                0x0800b988                imuTask_attributes
 .rodata.APBPrescTable
                0x0800b9ac        0x8 build/system_stm32f4xx.o
                0x0800b9ac                APBPrescTable
 .rodata.AHBPrescTable
                0x0800b9b4       0x10 build/system_stm32f4xx.o
                0x0800b9b4                AHBPrescTable
 .rodata.vTaskStartScheduler.str1.4
                0x0800b9c4        0x5 build/tasks.o
 .rodata.prvCheckForValidListAndQueue.str1.4
                0x0800b9c4        0x5 build/timers.o
 .rodata.xTimerCreateTimerTask.str1.4
                0x0800b9c4        0x8 build/timers.o
 .rodata.StartcmdTask.str1.4
                0x0800b9c4       0x14 build/cmd_task.o
 .rodata.str1.4
                0x0800b9c4       0x12 /usr/lib/gcc/arm-none-eabi/13.2.1/../../../arm-none-eabi/lib/thumb/v7e-m+fp/hard/libc_nano.a(libc_a-nano-vfprintf_float.o)
 .rodata.str1.4
                0x0800b9c4       0x69 /usr/lib/gcc/arm-none-eabi/13.2.1/../../../arm-none-eabi/lib/thumb/v7e-m+fp/hard/libc_nano.a(libc_a-dtoa.o)
 .rodata.str1.4
                0x0800b9c4       0x25 /usr/lib/gcc/arm-none-eabi/13.2.1/../../../arm-none-eabi/lib/thumb/v7e-m+fp/hard/libc_nano.a(libc_a-nano-vfprintf_i.o)
 .rodata.str1.4
                0x0800b9c4       0x43 /usr/lib/gcc/arm-none-eabi/13.2.1/../../../arm-none-eabi/lib/thumb/v7e-m+fp/hard/libc_nano.a(libc_a-assert.o)
 .rodata.str1.4
                0x0800b9c4       0x59 /usr/lib/gcc/arm-none-eabi/13.2.1/../../../arm-none-eabi/lib/thumb/v7e-m+fp/hard/libc_nano.a(libc_a-mprec.o)
 .rodata.str1.4
                0x0800b9c4       0x12 /usr/lib/gcc/arm-none-eabi/13.2.1/../../../arm-none-eabi/lib/thumb/v7e-m+fp/hard/libc_nano.a(libc_a-locale.o)
 .rodata.str1.4
                0x0800b9c4       0x13 /usr/lib/gcc/arm-none-eabi/13.2.1/../../../arm-none-eabi/lib/thumb/v7e-m+fp/hard/libc_nano.a(libc_a-nano-vfprintf.o)
                0x0800ba30                        . = ALIGN (0x4)

.ARM.extab      0x0800b9c4        0x0
                0x0800b9c4                        . = ALIGN (0x4)
 *(.ARM.extab* .gnu.linkonce.armextab.*)
                0x0800b9c4                        . = ALIGN (0x4)

.ARM            0x0800b9c4        0x8
                0x0800b9c4                        . = ALIGN (0x4)
                0x0800b9c4                        __exidx_start = .
 *(.ARM.exidx*)
 .ARM.exidx     0x0800b9c4        0x8 /usr/lib/gcc/arm-none-eabi/13.2.1/../../../arm-none-eabi/lib/thumb/v7e-m+fp/hard/libc_nano.a(libc_a-memcpy.o)
 .ARM.exidx     0x0800b9cc        0x0 /usr/lib/gcc/arm-none-eabi/13.2.1/../../../arm-none-eabi/lib/thumb/v7e-m+fp/hard/libc_nano.a(libc_a-strlen.o)
                                  0x8 (size before relaxing)
 .ARM.exidx     0x0800b9cc        0x0 /usr/lib/gcc/arm-none-eabi/13.2.1/../../../arm-none-eabi/lib/thumb/v7e-m+fp/hard/libc_nano.a(libc_a-memchr.o)
                                  0x8 (size before relaxing)
 .ARM.exidx     0x0800b9cc        0x0 /usr/lib/gcc/arm-none-eabi/13.2.1/thumb/v7e-m+fp/hard/libgcc.a(_udivmoddi4.o)
                                  0x8 (size before relaxing)
                0x0800b9cc                        __exidx_end = .
                0x0800b9cc                        . = ALIGN (0x4)

.preinit_array  0x0800b9cc        0x0
                0x0800b9cc                        . = ALIGN (0x4)
                0x0800b9cc                        PROVIDE (__preinit_array_start = .)
 *(.preinit_array*)
                0x0800b9cc                        PROVIDE (__preinit_array_end = .)
                0x0800b9cc                        . = ALIGN (0x4)

.init_array     0x0800b9cc        0x4
                0x0800b9cc                        . = ALIGN (0x4)
                0x0800b9cc                        PROVIDE (__init_array_start = .)
 *(SORT_BY_NAME(.init_array.*))
 *(.init_array*)
 .init_array    0x0800b9cc        0x4 /usr/lib/gcc/arm-none-eabi/13.2.1/thumb/v7e-m+fp/hard/crtbegin.o
                0x0800b9d0                        PROVIDE (__init_array_end = .)
                0x0800b9d0                        . = ALIGN (0x4)

.fini_array     0x0800b9d0        0x4
                0x0800b9d0                        . = ALIGN (0x4)
                0x0800b9d0                        PROVIDE (__fini_array_start = .)
 *(SORT_BY_NAME(.fini_array.*))
 *(.fini_array*)
 .fini_array    0x0800b9d0        0x4 /usr/lib/gcc/arm-none-eabi/13.2.1/thumb/v7e-m+fp/hard/crtbegin.o
                0x0800b9d4                        PROVIDE (__fini_array_end = .)
                0x0800b9d4                        . = ALIGN (0x4)
                0x0800b9d4                        _sidata = LOADADDR (.data)

.rel.dyn        0x0800b9d4        0x0
 .rel.iplt      0x0800b9d4        0x0 /usr/lib/gcc/arm-none-eabi/13.2.1/thumb/v7e-m+fp/hard/crtbegin.o

.data           0x20000000      0x298 load address 0x0800b9d4
                0x20000000                        . = ALIGN (0x4)
                0x20000000                        _sdata = .
 *(.data)
 .data          0x20000000        0xc /usr/lib/gcc/arm-none-eabi/13.2.1/../../../arm-none-eabi/lib/thumb/v7e-m+fp/hard/libc_nano.a(libc_a-findfp.o)
                0x20000000                __sglue
 .data          0x2000000c       0x50 /usr/lib/gcc/arm-none-eabi/13.2.1/../../../arm-none-eabi/lib/thumb/v7e-m+fp/hard/libc_nano.a(libc_a-impure.o)
                0x2000000c                _impure_ptr
                0x20000010                _impure_data
 .data          0x2000005c      0x16c /usr/lib/gcc/arm-none-eabi/13.2.1/../../../arm-none-eabi/lib/thumb/v7e-m+fp/hard/libc_nano.a(libc_a-locale.o)
                0x2000005c                __global_locale
 *(.data*)
 .data.g_robot  0x200001c8       0x2c build/freertos.o
                0x200001c8                g_robot
 .data.uwTickFreq
                0x200001f4        0x1 build/stm32f4xx_hal.o
                0x200001f4                uwTickFreq
 *fill*         0x200001f5        0x3 
 .data.uwTickPrio
                0x200001f8        0x4 build/stm32f4xx_hal.o
                0x200001f8                uwTickPrio
 .data.SystemCoreClock
                0x200001fc        0x4 build/system_stm32f4xx.o
                0x200001fc                SystemCoreClock
 .data.uxCriticalNesting
                0x20000200        0x4 build/port.o
 .data.Mpu6050Addr
                0x20000204        0x2 build/mpu6050.o
 *fill*         0x20000206        0x2 
 .data.Motor_D  0x20000208       0x48 build/encodermotor.o
                0x20000208                Motor_D
 .data.Motor_A  0x20000250       0x48 build/encodermotor.o
                0x20000250                Motor_A
 *(.RamFunc)
 *(.RamFunc*)
                0x20000298                        . = ALIGN (0x4)
                0x20000298                        _edata = .
                0x0800bc6c                        _siccmram = LOADADDR (.ccmram)

.tm_clone_table
                0x20000298        0x0 load address 0x0800bc6c
 .tm_clone_table
                0x20000298        0x0 /usr/lib/gcc/arm-none-eabi/13.2.1/thumb/v7e-m+fp/hard/crtbegin.o
 .tm_clone_table
                0x20000298        0x0 /usr/lib/gcc/arm-none-eabi/13.2.1/thumb/v7e-m+fp/hard/crtend.o

.igot.plt       0x20000298        0x0 load address 0x0800bc6c
 .igot.plt      0x20000298        0x0 /usr/lib/gcc/arm-none-eabi/13.2.1/thumb/v7e-m+fp/hard/crtbegin.o

.ccmram         0x10000000        0x0 load address 0x0800bc6c
                0x10000000                        . = ALIGN (0x4)
                0x10000000                        _sccmram = .
 *(.ccmram)
 *(.ccmram*)
                0x10000000                        . = ALIGN (0x4)
                0x10000000                        _eccmram = .
                0x10000000                        . = ALIGN (0x4)

.bss            0x20000298     0x4d90
                0x20000298                        _sbss = .
                0x20000298                        __bss_start__ = _sbss
 *(.bss)
 .bss           0x20000298       0x1c /usr/lib/gcc/arm-none-eabi/13.2.1/thumb/v7e-m+fp/hard/crtbegin.o
 .bss           0x200002b4      0x13c /usr/lib/gcc/arm-none-eabi/13.2.1/../../../arm-none-eabi/lib/thumb/v7e-m+fp/hard/libc_nano.a(libc_a-findfp.o)
                0x200002b4                __sf
                0x200003ec                __stdio_exit_handler
 .bss           0x200003f0        0x8 /usr/lib/gcc/arm-none-eabi/13.2.1/../../../arm-none-eabi/lib/thumb/v7e-m+fp/hard/libc_nano.a(libc_a-mallocr.o)
                0x200003f0                __malloc_sbrk_start
                0x200003f4                __malloc_free_list
 .bss           0x200003f8        0x4 /usr/lib/gcc/arm-none-eabi/13.2.1/../../../arm-none-eabi/lib/thumb/v7e-m+fp/hard/libc_nano.a(libc_a-reent.o)
                0x200003f8                errno
 *(.bss*)
 .bss.rx_buffer_byte
                0x200003fc        0x1 build/freertos.o
                0x200003fc                rx_buffer_byte
 *fill*         0x200003fd        0x3 
 .bss.robotMutexHandle
                0x20000400        0x4 build/freertos.o
                0x20000400                robotMutexHandle
 .bss.cmdQueueHandle
                0x20000404        0x4 build/freertos.o
                0x20000404                cmdQueueHandle
 .bss.dataQueueHandle
                0x20000408        0x4 build/freertos.o
                0x20000408                dataQueueHandle
 .bss.battrytTaskHandle
                0x2000040c        0x4 build/freertos.o
                0x2000040c                battrytTaskHandle
 .bss.motorTaskHandle
                0x20000410        0x4 build/freertos.o
                0x20000410                motorTaskHandle
 .bss.cmdTaskHandle
                0x20000414        0x4 build/freertos.o
                0x20000414                cmdTaskHandle
 .bss.usartTaskHandle
                0x20000418        0x4 build/freertos.o
                0x20000418                usartTaskHandle
 .bss.imuTaskHandle
                0x2000041c        0x4 build/freertos.o
                0x2000041c                imuTaskHandle
 .bss.htim14    0x20000420       0x48 build/stm32f4xx_hal_timebase_tim.o
                0x20000420                htim14
 .bss.uwTick    0x20000468        0x4 build/stm32f4xx_hal.o
                0x20000468                uwTick
 .bss.xQueueRegistry
                0x2000046c       0x40 build/queue.o
                0x2000046c                xQueueRegistry
 .bss.uxSchedulerSuspended
                0x200004ac        0x4 build/tasks.o
 .bss.xIdleTaskHandle
                0x200004b0        0x4 build/tasks.o
 .bss.xNextTaskUnblockTime
                0x200004b4        0x4 build/tasks.o
 .bss.uxTaskNumber
                0x200004b8        0x4 build/tasks.o
 .bss.xNumOfOverflows
                0x200004bc        0x4 build/tasks.o
 .bss.xYieldPending
                0x200004c0        0x4 build/tasks.o
 .bss.xPendedTicks
                0x200004c4        0x4 build/tasks.o
 .bss.xSchedulerRunning
                0x200004c8        0x4 build/tasks.o
 .bss.uxTopReadyPriority
                0x200004cc        0x4 build/tasks.o
 .bss.xTickCount
                0x200004d0        0x4 build/tasks.o
 .bss.uxCurrentNumberOfTasks
                0x200004d4        0x4 build/tasks.o
 .bss.xSuspendedTaskList
                0x200004d8       0x14 build/tasks.o
 .bss.uxDeletedTasksWaitingCleanUp
                0x200004ec        0x4 build/tasks.o
 .bss.xTasksWaitingTermination
                0x200004f0       0x14 build/tasks.o
 .bss.xPendingReadyList
                0x20000504       0x14 build/tasks.o
 .bss.pxOverflowDelayedTaskList
                0x20000518        0x4 build/tasks.o
 .bss.pxDelayedTaskList
                0x2000051c        0x4 build/tasks.o
 .bss.xDelayedTaskList2
                0x20000520       0x14 build/tasks.o
 .bss.xDelayedTaskList1
                0x20000534       0x14 build/tasks.o
 .bss.pxReadyTasksLists
                0x20000548      0x460 build/tasks.o
 .bss.pxCurrentTCB
                0x200009a8        0x4 build/tasks.o
                0x200009a8                pxCurrentTCB
 .bss.xStaticTimerQueue.0
                0x200009ac       0x50 build/timers.o
 .bss.ucStaticTimerQueueStorage.1
                0x200009fc       0xa0 build/timers.o
 .bss.xLastTime.2
                0x20000a9c        0x4 build/timers.o
 .bss.xTimerTaskHandle
                0x20000aa0        0x4 build/timers.o
 .bss.xTimerQueue
                0x20000aa4        0x4 build/timers.o
 .bss.pxOverflowTimerList
                0x20000aa8        0x4 build/timers.o
 .bss.pxCurrentTimerList
                0x20000aac        0x4 build/timers.o
 .bss.xActiveTimerList2
                0x20000ab0       0x14 build/timers.o
 .bss.xActiveTimerList1
                0x20000ac4       0x14 build/timers.o
 .bss.Timer_Stack.0
                0x20000ad8      0x400 build/cmsis_os2.o
 .bss.Timer_TCB.1
                0x20000ed8       0x5c build/cmsis_os2.o
 .bss.Idle_Stack.2
                0x20000f34      0x200 build/cmsis_os2.o
 .bss.Idle_TCB.3
                0x20001134       0x5c build/cmsis_os2.o
 .bss.KernelState
                0x20001190        0x4 build/cmsis_os2.o
 .bss.xBlockAllocatedBit
                0x20001194        0x4 build/heap_4.o
 .bss.xNumberOfSuccessfulFrees
                0x20001198        0x4 build/heap_4.o
 .bss.xNumberOfSuccessfulAllocations
                0x2000119c        0x4 build/heap_4.o
 .bss.xMinimumEverFreeBytesRemaining
                0x200011a0        0x4 build/heap_4.o
 .bss.xFreeBytesRemaining
                0x200011a4        0x4 build/heap_4.o
 .bss.pxEnd     0x200011a8        0x4 build/heap_4.o
 .bss.xStart    0x200011ac        0x8 build/heap_4.o
 .bss.ucHeap    0x200011b4     0x3c00 build/heap_4.o
 .bss.ulMaxPRIGROUPValue
                0x20004db4        0x4 build/port.o
 .bss.ucMaxSysCallPriority
                0x20004db8        0x1 build/port.o
 *fill*         0x20004db9        0x3 
 .bss.__sbrk_heap_end
                0x20004dbc        0x4 build/sysmem.o
 .bss.hi2c2     0x20004dc0       0x54 build/i2c.o
                0x20004dc0                hi2c2
 .bss.huart3    0x20004e14       0x48 build/usart.o
                0x20004e14                huart3
 .bss.Mpu6050_Data
                0x20004e5c       0x1c build/mpu6050.o
                0x20004e5c                Mpu6050_Data
 .bss.htim11    0x20004e78       0x48 build/tim.o
                0x20004e78                htim11
 .bss.htim10    0x20004ec0       0x48 build/tim.o
                0x20004ec0                htim10
 .bss.htim5     0x20004f08       0x48 build/tim.o
                0x20004f08                htim5
 .bss.htim3     0x20004f50       0x48 build/tim.o
                0x20004f50                htim3
 .bss.htim1     0x20004f98       0x48 build/tim.o
                0x20004f98                htim1
 .bss.hadc1     0x20004fe0       0x48 build/adc.o
                0x20004fe0                hadc1
 *(COMMON)
                0x20005028                        . = ALIGN (0x4)
                0x20005028                        _ebss = .
                0x20005028                        __bss_end__ = _ebss

._user_heap_stack
                0x20005028      0x600
                0x20005028                        . = ALIGN (0x8)
                [!provide]                        PROVIDE (end = .)
                0x20005028                        PROVIDE (_end = .)
                0x20005228                        . = (. + _Min_Heap_Size)
 *fill*         0x20005028      0x200 
                0x20005628                        . = (. + _Min_Stack_Size)
 *fill*         0x20005228      0x400 
                0x20005628                        . = ALIGN (0x8)

/DISCARD/
 libc.a(*)
 libm.a(*)
 libgcc.a(*)
OUTPUT(build/mpu6050.elf elf32-littlearm)
LOAD linker stubs
LOAD /usr/lib/gcc/arm-none-eabi/13.2.1/../../../arm-none-eabi/lib/thumb/v7e-m+fp/hard/libc.a
LOAD /usr/lib/gcc/arm-none-eabi/13.2.1/../../../arm-none-eabi/lib/thumb/v7e-m+fp/hard/libm.a
LOAD /usr/lib/gcc/arm-none-eabi/13.2.1/thumb/v7e-m+fp/hard/libgcc.a

.ARM.attributes
                0x00000000       0x30
 .ARM.attributes
                0x00000000       0x22 /usr/lib/gcc/arm-none-eabi/13.2.1/thumb/v7e-m+fp/hard/crti.o
 .ARM.attributes
                0x00000022       0x34 /usr/lib/gcc/arm-none-eabi/13.2.1/thumb/v7e-m+fp/hard/crtbegin.o
 .ARM.attributes
                0x00000056       0x34 build/main.o
 .ARM.attributes
                0x0000008a       0x34 build/freertos.o
 .ARM.attributes
                0x000000be       0x34 build/stm32f4xx_it.o
 .ARM.attributes
                0x000000f2       0x34 build/stm32f4xx_hal_msp.o
 .ARM.attributes
                0x00000126       0x34 build/stm32f4xx_hal_timebase_tim.o
 .ARM.attributes
                0x0000015a       0x34 build/stm32f4xx_hal_tim.o
 .ARM.attributes
                0x0000018e       0x34 build/stm32f4xx_hal_tim_ex.o
 .ARM.attributes
                0x000001c2       0x34 build/stm32f4xx_hal_rcc.o
 .ARM.attributes
                0x000001f6       0x34 build/stm32f4xx_hal_gpio.o
 .ARM.attributes
                0x0000022a       0x34 build/stm32f4xx_hal_dma.o
 .ARM.attributes
                0x0000025e       0x34 build/stm32f4xx_hal_cortex.o
 .ARM.attributes
                0x00000292       0x34 build/stm32f4xx_hal.o
 .ARM.attributes
                0x000002c6       0x34 build/stm32f4xx_hal_i2c.o
 .ARM.attributes
                0x000002fa       0x34 build/stm32f4xx_hal_uart.o
 .ARM.attributes
                0x0000032e       0x34 build/system_stm32f4xx.o
 .ARM.attributes
                0x00000362       0x34 build/list.o
 .ARM.attributes
                0x00000396       0x34 build/queue.o
 .ARM.attributes
                0x000003ca       0x34 build/tasks.o
 .ARM.attributes
                0x000003fe       0x34 build/timers.o
 .ARM.attributes
                0x00000432       0x34 build/cmsis_os2.o
 .ARM.attributes
                0x00000466       0x34 build/heap_4.o
 .ARM.attributes
                0x0000049a       0x34 build/port.o
 .ARM.attributes
                0x000004ce       0x34 build/sysmem.o
 .ARM.attributes
                0x00000502       0x34 build/syscalls.o
 .ARM.attributes
                0x00000536       0x34 build/gpio.o
 .ARM.attributes
                0x0000056a       0x34 build/i2c.o
 .ARM.attributes
                0x0000059e       0x34 build/usart.o
 .ARM.attributes
                0x000005d2       0x34 build/mpu6050.o
 .ARM.attributes
                0x00000606       0x34 build/encodermotor.o
 .ARM.attributes
                0x0000063a       0x34 build/cmd_task.o
 .ARM.attributes
                0x0000066e       0x34 build/imu_task.o
 .ARM.attributes
                0x000006a2       0x34 build/motor_task.o
 .ARM.attributes
                0x000006d6       0x34 build/usart_task.o
 .ARM.attributes
                0x0000070a       0x34 build/tim.o
 .ARM.attributes
                0x0000073e       0x34 build/adc.o
 .ARM.attributes
                0x00000772       0x34 build/stm32f4xx_hal_adc.o
 .ARM.attributes
                0x000007a6       0x21 build/startup_stm32f407xx.o
 .ARM.attributes
                0x000007c7       0x34 /usr/lib/gcc/arm-none-eabi/13.2.1/../../../arm-none-eabi/lib/thumb/v7e-m+fp/hard/libc_nano.a(libc_a-init.o)
 .ARM.attributes
                0x000007fb       0x34 /usr/lib/gcc/arm-none-eabi/13.2.1/../../../arm-none-eabi/lib/thumb/v7e-m+fp/hard/libc_nano.a(libc_a-puts.o)
 .ARM.attributes
                0x0000082f       0x34 /usr/lib/gcc/arm-none-eabi/13.2.1/../../../arm-none-eabi/lib/thumb/v7e-m+fp/hard/libc_nano.a(libc_a-findfp.o)
 .ARM.attributes
                0x00000863       0x34 /usr/lib/gcc/arm-none-eabi/13.2.1/../../../arm-none-eabi/lib/thumb/v7e-m+fp/hard/libc_nano.a(libc_a-memset.o)
 .ARM.attributes
                0x00000897       0x34 /usr/lib/gcc/arm-none-eabi/13.2.1/../../../arm-none-eabi/lib/thumb/v7e-m+fp/hard/libc_nano.a(libc_a-fflush.o)
 .ARM.attributes
                0x000008cb       0x34 /usr/lib/gcc/arm-none-eabi/13.2.1/../../../arm-none-eabi/lib/thumb/v7e-m+fp/hard/libc_nano.a(libc_a-errno.o)
 .ARM.attributes
                0x000008ff       0x34 /usr/lib/gcc/arm-none-eabi/13.2.1/../../../arm-none-eabi/lib/thumb/v7e-m+fp/hard/libc_nano.a(libc_a-nano-vfprintf_float.o)
 .ARM.attributes
                0x00000933       0x34 /usr/lib/gcc/arm-none-eabi/13.2.1/../../../arm-none-eabi/lib/thumb/v7e-m+fp/hard/libc_nano.a(libc_a-mallocr.o)
 .ARM.attributes
                0x00000967       0x34 /usr/lib/gcc/arm-none-eabi/13.2.1/../../../arm-none-eabi/lib/thumb/v7e-m+fp/hard/libc_nano.a(libc_a-dtoa.o)
 .ARM.attributes
                0x0000099b       0x34 /usr/lib/gcc/arm-none-eabi/13.2.1/../../../arm-none-eabi/lib/thumb/v7e-m+fp/hard/libc_nano.a(libc_a-freer.o)
 .ARM.attributes
                0x000009cf       0x34 /usr/lib/gcc/arm-none-eabi/13.2.1/../../../arm-none-eabi/lib/thumb/v7e-m+fp/hard/libc_nano.a(libc_a-fwalk.o)
 .ARM.attributes
                0x00000a03       0x34 /usr/lib/gcc/arm-none-eabi/13.2.1/../../../arm-none-eabi/lib/thumb/v7e-m+fp/hard/libc_nano.a(libc_a-wsetup.o)
 .ARM.attributes
                0x00000a37       0x20 /usr/lib/gcc/arm-none-eabi/13.2.1/../../../arm-none-eabi/lib/thumb/v7e-m+fp/hard/libc_nano.a(libc_a-memcpy.o)
 .ARM.attributes
                0x00000a57       0x34 /usr/lib/gcc/arm-none-eabi/13.2.1/../../../arm-none-eabi/lib/thumb/v7e-m+fp/hard/libc_nano.a(libc_a-malloc.o)
 .ARM.attributes
                0x00000a8b       0x34 /usr/lib/gcc/arm-none-eabi/13.2.1/../../../arm-none-eabi/lib/thumb/v7e-m+fp/hard/libc_nano.a(libc_a-nano-vfprintf_i.o)
 .ARM.attributes
                0x00000abf       0x34 /usr/lib/gcc/arm-none-eabi/13.2.1/../../../arm-none-eabi/lib/thumb/v7e-m+fp/hard/libc_nano.a(libc_a-mlock.o)
 .ARM.attributes
                0x00000af3       0x34 /usr/lib/gcc/arm-none-eabi/13.2.1/../../../arm-none-eabi/lib/thumb/v7e-m+fp/hard/libc_nano.a(libc_a-makebuf.o)
 .ARM.attributes
                0x00000b27       0x34 /usr/lib/gcc/arm-none-eabi/13.2.1/../../../arm-none-eabi/lib/thumb/v7e-m+fp/hard/libc_nano.a(libc_a-isattyr.o)
 .ARM.attributes
                0x00000b5b       0x34 /usr/lib/gcc/arm-none-eabi/13.2.1/../../../arm-none-eabi/lib/thumb/v7e-m+fp/hard/libc_nano.a(libc_a-wbuf.o)
 .ARM.attributes
                0x00000b8f       0x34 /usr/lib/gcc/arm-none-eabi/13.2.1/../../../arm-none-eabi/lib/thumb/v7e-m+fp/hard/libc_nano.a(libc_a-assert.o)
 .ARM.attributes
                0x00000bc3       0x34 /usr/lib/gcc/arm-none-eabi/13.2.1/../../../arm-none-eabi/lib/thumb/v7e-m+fp/hard/libc_nano.a(libc_a-mprec.o)
 .ARM.attributes
                0x00000bf7       0x34 /usr/lib/gcc/arm-none-eabi/13.2.1/../../../arm-none-eabi/lib/thumb/v7e-m+fp/hard/libc_nano.a(libc_a-sbrkr.o)
 .ARM.attributes
                0x00000c2b       0x34 /usr/lib/gcc/arm-none-eabi/13.2.1/../../../arm-none-eabi/lib/thumb/v7e-m+fp/hard/libc_nano.a(libc_a-stdio.o)
 .ARM.attributes
                0x00000c5f       0x34 /usr/lib/gcc/arm-none-eabi/13.2.1/../../../arm-none-eabi/lib/thumb/v7e-m+fp/hard/libc_nano.a(libc_a-impure.o)
 .ARM.attributes
                0x00000c93       0x34 /usr/lib/gcc/arm-none-eabi/13.2.1/../../../arm-none-eabi/lib/thumb/v7e-m+fp/hard/libc_nano.a(libc_a-localeconv.o)
 .ARM.attributes
                0x00000cc7       0x34 /usr/lib/gcc/arm-none-eabi/13.2.1/../../../arm-none-eabi/lib/thumb/v7e-m+fp/hard/libc_nano.a(libc_a-abort.o)
 .ARM.attributes
                0x00000cfb       0x34 /usr/lib/gcc/arm-none-eabi/13.2.1/../../../arm-none-eabi/lib/thumb/v7e-m+fp/hard/libc_nano.a(libc_a-closer.o)
 .ARM.attributes
                0x00000d2f       0x1c /usr/lib/gcc/arm-none-eabi/13.2.1/../../../arm-none-eabi/lib/thumb/v7e-m+fp/hard/libc_nano.a(libc_a-strlen.o)
 .ARM.attributes
                0x00000d4b       0x34 /usr/lib/gcc/arm-none-eabi/13.2.1/../../../arm-none-eabi/lib/thumb/v7e-m+fp/hard/libc_nano.a(libc_a-callocr.o)
 .ARM.attributes
                0x00000d7f       0x34 /usr/lib/gcc/arm-none-eabi/13.2.1/../../../arm-none-eabi/lib/thumb/v7e-m+fp/hard/libc_nano.a(libc_a-locale.o)
 .ARM.attributes
                0x00000db3       0x34 /usr/lib/gcc/arm-none-eabi/13.2.1/../../../arm-none-eabi/lib/thumb/v7e-m+fp/hard/libc_nano.a(libc_a-wctomb_r.o)
 .ARM.attributes
                0x00000de7       0x1c /usr/lib/gcc/arm-none-eabi/13.2.1/../../../arm-none-eabi/lib/thumb/v7e-m+fp/hard/libc_nano.a(libc_a-memchr.o)
 .ARM.attributes
                0x00000e03       0x34 /usr/lib/gcc/arm-none-eabi/13.2.1/../../../arm-none-eabi/lib/thumb/v7e-m+fp/hard/libc_nano.a(libc_a-readr.o)
 .ARM.attributes
                0x00000e37       0x34 /usr/lib/gcc/arm-none-eabi/13.2.1/../../../arm-none-eabi/lib/thumb/v7e-m+fp/hard/libc_nano.a(libc_a-fprintf.o)
 .ARM.attributes
                0x00000e6b       0x34 /usr/lib/gcc/arm-none-eabi/13.2.1/../../../arm-none-eabi/lib/thumb/v7e-m+fp/hard/libc_nano.a(libc_a-reent.o)
 .ARM.attributes
                0x00000e9f       0x34 /usr/lib/gcc/arm-none-eabi/13.2.1/../../../arm-none-eabi/lib/thumb/v7e-m+fp/hard/libc_nano.a(libc_a-fstatr.o)
 .ARM.attributes
                0x00000ed3       0x34 /usr/lib/gcc/arm-none-eabi/13.2.1/../../../arm-none-eabi/lib/thumb/v7e-m+fp/hard/libc_nano.a(libc_a-lseekr.o)
 .ARM.attributes
                0x00000f07       0x34 /usr/lib/gcc/arm-none-eabi/13.2.1/../../../arm-none-eabi/lib/thumb/v7e-m+fp/hard/libc_nano.a(libc_a-ctype_.o)
 .ARM.attributes
                0x00000f3b       0x34 /usr/lib/gcc/arm-none-eabi/13.2.1/../../../arm-none-eabi/lib/thumb/v7e-m+fp/hard/libc_nano.a(libc_a-writer.o)
 .ARM.attributes
                0x00000f6f       0x34 /usr/lib/gcc/arm-none-eabi/13.2.1/../../../arm-none-eabi/lib/thumb/v7e-m+fp/hard/libc_nano.a(libc_a-nano-vfprintf.o)
 .ARM.attributes
                0x00000fa3       0x34 /usr/lib/gcc/arm-none-eabi/13.2.1/../../../arm-none-eabi/lib/thumb/v7e-m+fp/hard/libc_nano.a(libc_a-fvwrite.o)
 .ARM.attributes
                0x00000fd7       0x34 /usr/lib/gcc/arm-none-eabi/13.2.1/../../../arm-none-eabi/lib/thumb/v7e-m+fp/hard/libc_nano.a(libc_a-mbtowc_r.o)
 .ARM.attributes
                0x0000100b       0x34 /usr/lib/gcc/arm-none-eabi/13.2.1/../../../arm-none-eabi/lib/thumb/v7e-m+fp/hard/libc_nano.a(libc_a-signal.o)
 .ARM.attributes
                0x0000103f       0x34 /usr/lib/gcc/arm-none-eabi/13.2.1/../../../arm-none-eabi/lib/thumb/v7e-m+fp/hard/libc_nano.a(libc_a-memmove.o)
 .ARM.attributes
                0x00001073       0x34 /usr/lib/gcc/arm-none-eabi/13.2.1/../../../arm-none-eabi/lib/thumb/v7e-m+fp/hard/libc_nano.a(libc_a-reallocr.o)
 .ARM.attributes
                0x000010a7       0x34 /usr/lib/gcc/arm-none-eabi/13.2.1/../../../arm-none-eabi/lib/thumb/v7e-m+fp/hard/libc_nano.a(libc_a-msizer.o)
 .ARM.attributes
                0x000010db       0x34 /usr/lib/gcc/arm-none-eabi/13.2.1/../../../arm-none-eabi/lib/thumb/v7e-m+fp/hard/libc_nano.a(libc_a-signalr.o)
 .ARM.attributes
                0x0000110f       0x22 /usr/lib/gcc/arm-none-eabi/13.2.1/thumb/v7e-m+fp/hard/libgcc.a(_arm_addsubdf3.o)
 .ARM.attributes
                0x00001131       0x22 /usr/lib/gcc/arm-none-eabi/13.2.1/thumb/v7e-m+fp/hard/libgcc.a(_arm_muldivdf3.o)
 .ARM.attributes
                0x00001153       0x22 /usr/lib/gcc/arm-none-eabi/13.2.1/thumb/v7e-m+fp/hard/libgcc.a(_arm_cmpdf2.o)
 .ARM.attributes
                0x00001175       0x22 /usr/lib/gcc/arm-none-eabi/13.2.1/thumb/v7e-m+fp/hard/libgcc.a(_arm_unorddf2.o)
 .ARM.attributes
                0x00001197       0x22 /usr/lib/gcc/arm-none-eabi/13.2.1/thumb/v7e-m+fp/hard/libgcc.a(_arm_fixdfsi.o)
 .ARM.attributes
                0x000011b9       0x22 /usr/lib/gcc/arm-none-eabi/13.2.1/thumb/v7e-m+fp/hard/libgcc.a(_aeabi_uldivmod.o)
 .ARM.attributes
                0x000011db       0x34 /usr/lib/gcc/arm-none-eabi/13.2.1/thumb/v7e-m+fp/hard/libgcc.a(_udivmoddi4.o)
 .ARM.attributes
                0x0000120f       0x22 /usr/lib/gcc/arm-none-eabi/13.2.1/thumb/v7e-m+fp/hard/libgcc.a(_dvmd_tls.o)
 .ARM.attributes
                0x00001231       0x34 /usr/lib/gcc/arm-none-eabi/13.2.1/thumb/v7e-m+fp/hard/crtend.o
 .ARM.attributes
                0x00001265       0x22 /usr/lib/gcc/arm-none-eabi/13.2.1/thumb/v7e-m+fp/hard/crtn.o

.comment        0x00000000       0x26
 .comment       0x00000000       0x26 /usr/lib/gcc/arm-none-eabi/13.2.1/thumb/v7e-m+fp/hard/crtbegin.o
                                 0x27 (size before relaxing)
 .comment       0x00000026       0x27 build/main.o
 .comment       0x00000026       0x27 build/freertos.o
 .comment       0x00000026       0x27 build/stm32f4xx_it.o
 .comment       0x00000026       0x27 build/stm32f4xx_hal_msp.o
 .comment       0x00000026       0x27 build/stm32f4xx_hal_timebase_tim.o
 .comment       0x00000026       0x27 build/stm32f4xx_hal_tim.o
 .comment       0x00000026       0x27 build/stm32f4xx_hal_tim_ex.o
 .comment       0x00000026       0x27 build/stm32f4xx_hal_rcc.o
 .comment       0x00000026       0x27 build/stm32f4xx_hal_gpio.o
 .comment       0x00000026       0x27 build/stm32f4xx_hal_dma.o
 .comment       0x00000026       0x27 build/stm32f4xx_hal_cortex.o
 .comment       0x00000026       0x27 build/stm32f4xx_hal.o
 .comment       0x00000026       0x27 build/stm32f4xx_hal_i2c.o
 .comment       0x00000026       0x27 build/stm32f4xx_hal_uart.o
 .comment       0x00000026       0x27 build/system_stm32f4xx.o
 .comment       0x00000026       0x27 build/list.o
 .comment       0x00000026       0x27 build/queue.o
 .comment       0x00000026       0x27 build/tasks.o
 .comment       0x00000026       0x27 build/timers.o
 .comment       0x00000026       0x27 build/cmsis_os2.o
 .comment       0x00000026       0x27 build/heap_4.o
 .comment       0x00000026       0x27 build/port.o
 .comment       0x00000026       0x27 build/sysmem.o
 .comment       0x00000026       0x27 build/syscalls.o
 .comment       0x00000026       0x27 build/gpio.o
 .comment       0x00000026       0x27 build/i2c.o
 .comment       0x00000026       0x27 build/usart.o
 .comment       0x00000026       0x27 build/mpu6050.o
 .comment       0x00000026       0x27 build/encodermotor.o
 .comment       0x00000026       0x27 build/cmd_task.o
 .comment       0x00000026       0x27 build/imu_task.o
 .comment       0x00000026       0x27 build/motor_task.o
 .comment       0x00000026       0x27 build/usart_task.o
 .comment       0x00000026       0x27 build/tim.o
 .comment       0x00000026       0x27 build/adc.o
 .comment       0x00000026       0x27 build/stm32f4xx_hal_adc.o
 .comment       0x00000026       0x27 /usr/lib/gcc/arm-none-eabi/13.2.1/../../../arm-none-eabi/lib/thumb/v7e-m+fp/hard/libc_nano.a(libc_a-init.o)
 .comment       0x00000026       0x27 /usr/lib/gcc/arm-none-eabi/13.2.1/../../../arm-none-eabi/lib/thumb/v7e-m+fp/hard/libc_nano.a(libc_a-puts.o)
 .comment       0x00000026       0x27 /usr/lib/gcc/arm-none-eabi/13.2.1/../../../arm-none-eabi/lib/thumb/v7e-m+fp/hard/libc_nano.a(libc_a-findfp.o)
 .comment       0x00000026       0x27 /usr/lib/gcc/arm-none-eabi/13.2.1/../../../arm-none-eabi/lib/thumb/v7e-m+fp/hard/libc_nano.a(libc_a-memset.o)
 .comment       0x00000026       0x27 /usr/lib/gcc/arm-none-eabi/13.2.1/../../../arm-none-eabi/lib/thumb/v7e-m+fp/hard/libc_nano.a(libc_a-fflush.o)
 .comment       0x00000026       0x27 /usr/lib/gcc/arm-none-eabi/13.2.1/../../../arm-none-eabi/lib/thumb/v7e-m+fp/hard/libc_nano.a(libc_a-errno.o)
 .comment       0x00000026       0x27 /usr/lib/gcc/arm-none-eabi/13.2.1/../../../arm-none-eabi/lib/thumb/v7e-m+fp/hard/libc_nano.a(libc_a-nano-vfprintf_float.o)
 .comment       0x00000026       0x27 /usr/lib/gcc/arm-none-eabi/13.2.1/../../../arm-none-eabi/lib/thumb/v7e-m+fp/hard/libc_nano.a(libc_a-mallocr.o)
 .comment       0x00000026       0x27 /usr/lib/gcc/arm-none-eabi/13.2.1/../../../arm-none-eabi/lib/thumb/v7e-m+fp/hard/libc_nano.a(libc_a-dtoa.o)
 .comment       0x00000026       0x27 /usr/lib/gcc/arm-none-eabi/13.2.1/../../../arm-none-eabi/lib/thumb/v7e-m+fp/hard/libc_nano.a(libc_a-freer.o)
 .comment       0x00000026       0x27 /usr/lib/gcc/arm-none-eabi/13.2.1/../../../arm-none-eabi/lib/thumb/v7e-m+fp/hard/libc_nano.a(libc_a-fwalk.o)
 .comment       0x00000026       0x27 /usr/lib/gcc/arm-none-eabi/13.2.1/../../../arm-none-eabi/lib/thumb/v7e-m+fp/hard/libc_nano.a(libc_a-wsetup.o)
 .comment       0x00000026       0x27 /usr/lib/gcc/arm-none-eabi/13.2.1/../../../arm-none-eabi/lib/thumb/v7e-m+fp/hard/libc_nano.a(libc_a-malloc.o)
 .comment       0x00000026       0x27 /usr/lib/gcc/arm-none-eabi/13.2.1/../../../arm-none-eabi/lib/thumb/v7e-m+fp/hard/libc_nano.a(libc_a-nano-vfprintf_i.o)
 .comment       0x00000026       0x27 /usr/lib/gcc/arm-none-eabi/13.2.1/../../../arm-none-eabi/lib/thumb/v7e-m+fp/hard/libc_nano.a(libc_a-mlock.o)
 .comment       0x00000026       0x27 /usr/lib/gcc/arm-none-eabi/13.2.1/../../../arm-none-eabi/lib/thumb/v7e-m+fp/hard/libc_nano.a(libc_a-makebuf.o)
 .comment       0x00000026       0x27 /usr/lib/gcc/arm-none-eabi/13.2.1/../../../arm-none-eabi/lib/thumb/v7e-m+fp/hard/libc_nano.a(libc_a-isattyr.o)
 .comment       0x00000026       0x27 /usr/lib/gcc/arm-none-eabi/13.2.1/../../../arm-none-eabi/lib/thumb/v7e-m+fp/hard/libc_nano.a(libc_a-wbuf.o)
 .comment       0x00000026       0x27 /usr/lib/gcc/arm-none-eabi/13.2.1/../../../arm-none-eabi/lib/thumb/v7e-m+fp/hard/libc_nano.a(libc_a-assert.o)
 .comment       0x00000026       0x27 /usr/lib/gcc/arm-none-eabi/13.2.1/../../../arm-none-eabi/lib/thumb/v7e-m+fp/hard/libc_nano.a(libc_a-mprec.o)
 .comment       0x00000026       0x27 /usr/lib/gcc/arm-none-eabi/13.2.1/../../../arm-none-eabi/lib/thumb/v7e-m+fp/hard/libc_nano.a(libc_a-sbrkr.o)
 .comment       0x00000026       0x27 /usr/lib/gcc/arm-none-eabi/13.2.1/../../../arm-none-eabi/lib/thumb/v7e-m+fp/hard/libc_nano.a(libc_a-stdio.o)
 .comment       0x00000026       0x27 /usr/lib/gcc/arm-none-eabi/13.2.1/../../../arm-none-eabi/lib/thumb/v7e-m+fp/hard/libc_nano.a(libc_a-impure.o)
 .comment       0x00000026       0x27 /usr/lib/gcc/arm-none-eabi/13.2.1/../../../arm-none-eabi/lib/thumb/v7e-m+fp/hard/libc_nano.a(libc_a-localeconv.o)
 .comment       0x00000026       0x27 /usr/lib/gcc/arm-none-eabi/13.2.1/../../../arm-none-eabi/lib/thumb/v7e-m+fp/hard/libc_nano.a(libc_a-abort.o)
 .comment       0x00000026       0x27 /usr/lib/gcc/arm-none-eabi/13.2.1/../../../arm-none-eabi/lib/thumb/v7e-m+fp/hard/libc_nano.a(libc_a-closer.o)
 .comment       0x00000026       0x27 /usr/lib/gcc/arm-none-eabi/13.2.1/../../../arm-none-eabi/lib/thumb/v7e-m+fp/hard/libc_nano.a(libc_a-callocr.o)
 .comment       0x00000026       0x27 /usr/lib/gcc/arm-none-eabi/13.2.1/../../../arm-none-eabi/lib/thumb/v7e-m+fp/hard/libc_nano.a(libc_a-locale.o)
 .comment       0x00000026       0x27 /usr/lib/gcc/arm-none-eabi/13.2.1/../../../arm-none-eabi/lib/thumb/v7e-m+fp/hard/libc_nano.a(libc_a-wctomb_r.o)
 .comment       0x00000026       0x27 /usr/lib/gcc/arm-none-eabi/13.2.1/../../../arm-none-eabi/lib/thumb/v7e-m+fp/hard/libc_nano.a(libc_a-readr.o)
 .comment       0x00000026       0x27 /usr/lib/gcc/arm-none-eabi/13.2.1/../../../arm-none-eabi/lib/thumb/v7e-m+fp/hard/libc_nano.a(libc_a-fprintf.o)
 .comment       0x00000026       0x27 /usr/lib/gcc/arm-none-eabi/13.2.1/../../../arm-none-eabi/lib/thumb/v7e-m+fp/hard/libc_nano.a(libc_a-reent.o)
 .comment       0x00000026       0x27 /usr/lib/gcc/arm-none-eabi/13.2.1/../../../arm-none-eabi/lib/thumb/v7e-m+fp/hard/libc_nano.a(libc_a-fstatr.o)
 .comment       0x00000026       0x27 /usr/lib/gcc/arm-none-eabi/13.2.1/../../../arm-none-eabi/lib/thumb/v7e-m+fp/hard/libc_nano.a(libc_a-lseekr.o)
 .comment       0x00000026       0x27 /usr/lib/gcc/arm-none-eabi/13.2.1/../../../arm-none-eabi/lib/thumb/v7e-m+fp/hard/libc_nano.a(libc_a-ctype_.o)
 .comment       0x00000026       0x27 /usr/lib/gcc/arm-none-eabi/13.2.1/../../../arm-none-eabi/lib/thumb/v7e-m+fp/hard/libc_nano.a(libc_a-writer.o)
 .comment       0x00000026       0x27 /usr/lib/gcc/arm-none-eabi/13.2.1/../../../arm-none-eabi/lib/thumb/v7e-m+fp/hard/libc_nano.a(libc_a-nano-vfprintf.o)
 .comment       0x00000026       0x27 /usr/lib/gcc/arm-none-eabi/13.2.1/../../../arm-none-eabi/lib/thumb/v7e-m+fp/hard/libc_nano.a(libc_a-fvwrite.o)
 .comment       0x00000026       0x27 /usr/lib/gcc/arm-none-eabi/13.2.1/../../../arm-none-eabi/lib/thumb/v7e-m+fp/hard/libc_nano.a(libc_a-mbtowc_r.o)
 .comment       0x00000026       0x27 /usr/lib/gcc/arm-none-eabi/13.2.1/../../../arm-none-eabi/lib/thumb/v7e-m+fp/hard/libc_nano.a(libc_a-signal.o)
 .comment       0x00000026       0x27 /usr/lib/gcc/arm-none-eabi/13.2.1/../../../arm-none-eabi/lib/thumb/v7e-m+fp/hard/libc_nano.a(libc_a-memmove.o)
 .comment       0x00000026       0x27 /usr/lib/gcc/arm-none-eabi/13.2.1/../../../arm-none-eabi/lib/thumb/v7e-m+fp/hard/libc_nano.a(libc_a-reallocr.o)
 .comment       0x00000026       0x27 /usr/lib/gcc/arm-none-eabi/13.2.1/../../../arm-none-eabi/lib/thumb/v7e-m+fp/hard/libc_nano.a(libc_a-msizer.o)
 .comment       0x00000026       0x27 /usr/lib/gcc/arm-none-eabi/13.2.1/../../../arm-none-eabi/lib/thumb/v7e-m+fp/hard/libc_nano.a(libc_a-signalr.o)
 .comment       0x00000026       0x27 /usr/lib/gcc/arm-none-eabi/13.2.1/thumb/v7e-m+fp/hard/libgcc.a(_udivmoddi4.o)
 .comment       0x00000026       0x27 /usr/lib/gcc/arm-none-eabi/13.2.1/thumb/v7e-m+fp/hard/crtend.o

.debug_info     0x00000000    0x47f8f
 .debug_info    0x00000000      0xdef build/main.o
 .debug_info    0x00000def     0x10c4 build/freertos.o
 .debug_info    0x00001eb3      0xaa9 build/stm32f4xx_it.o
 .debug_info    0x0000295c      0x54e build/stm32f4xx_hal_msp.o
 .debug_info    0x00002eaa      0xdd8 build/stm32f4xx_hal_timebase_tim.o
 .debug_info    0x00003c82     0x4188 build/stm32f4xx_hal_tim.o
 .debug_info    0x00007e0a     0x1d8d build/stm32f4xx_hal_tim_ex.o