Archive member included to satisfy reference by file (symbol)

/usr/lib/gcc/arm-none-eabi/13.2.1/../../../arm-none-eabi/lib/thumb/v7e-m+fp/hard/libc_nano.a(libc_a-init.o)
                              /usr/lib/gcc/arm-none-eabi/13.2.1/../../../arm-none-eabi/lib/thumb/v7e-m+fp/hard/crt0.o (__libc_init_array)
/usr/lib/gcc/arm-none-eabi/13.2.1/../../../arm-none-eabi/lib/thumb/v7e-m+fp/hard/libc_nano.a(libc_a-puts.o)
                              build/cmd_task.o (puts)
/usr/lib/gcc/arm-none-eabi/13.2.1/../../../arm-none-eabi/lib/thumb/v7e-m+fp/hard/libc_nano.a(libc_a-findfp.o)
                              /usr/lib/gcc/arm-none-eabi/13.2.1/../../../arm-none-eabi/lib/thumb/v7e-m+fp/hard/libc_nano.a(libc_a-puts.o) (__sinit)
/usr/lib/gcc/arm-none-eabi/13.2.1/../../../arm-none-eabi/lib/thumb/v7e-m+fp/hard/libc_nano.a(libc_a-memset.o)
                              /usr/lib/gcc/arm-none-eabi/13.2.1/../../../arm-none-eabi/lib/thumb/v7e-m+fp/hard/crt0.o (memset)
/usr/lib/gcc/arm-none-eabi/13.2.1/../../../arm-none-eabi/lib/thumb/v7e-m+fp/hard/libc_nano.a(libc_a-fflush.o)
                              /usr/lib/gcc/arm-none-eabi/13.2.1/../../../arm-none-eabi/lib/thumb/v7e-m+fp/hard/libc_nano.a(libc_a-findfp.o) (_fflush_r)
/usr/lib/gcc/arm-none-eabi/13.2.1/../../../arm-none-eabi/lib/thumb/v7e-m+fp/hard/libc_nano.a(libc_a-errno.o)
                              build/sysmem.o (__errno)
/usr/lib/gcc/arm-none-eabi/13.2.1/../../../arm-none-eabi/lib/thumb/v7e-m+fp/hard/libc_nano.a(libc_a-nano-vfprintf_float.o)
                              (_printf_float)
/usr/lib/gcc/arm-none-eabi/13.2.1/../../../arm-none-eabi/lib/thumb/v7e-m+fp/hard/libc_nano.a(libc_a-mallocr.o)
                              /usr/lib/gcc/arm-none-eabi/13.2.1/../../../arm-none-eabi/lib/thumb/v7e-m+fp/hard/libc_nano.a(libc_a-findfp.o) (_malloc_r)
/usr/lib/gcc/arm-none-eabi/13.2.1/../../../arm-none-eabi/lib/thumb/v7e-m+fp/hard/libc_nano.a(libc_a-dtoa.o)
                              /usr/lib/gcc/arm-none-eabi/13.2.1/../../../arm-none-eabi/lib/thumb/v7e-m+fp/hard/libc_nano.a(libc_a-nano-vfprintf_float.o) (_dtoa_r)
/usr/lib/gcc/arm-none-eabi/13.2.1/../../../arm-none-eabi/lib/thumb/v7e-m+fp/hard/libc_nano.a(libc_a-freer.o)
                              /usr/lib/gcc/arm-none-eabi/13.2.1/../../../arm-none-eabi/lib/thumb/v7e-m+fp/hard/libc_nano.a(libc_a-fflush.o) (_free_r)
/usr/lib/gcc/arm-none-eabi/13.2.1/../../../arm-none-eabi/lib/thumb/v7e-m+fp/hard/libc_nano.a(libc_a-fwalk.o)
                              /usr/lib/gcc/arm-none-eabi/13.2.1/../../../arm-none-eabi/lib/thumb/v7e-m+fp/hard/libc_nano.a(libc_a-findfp.o) (_fwalk_sglue)
/usr/lib/gcc/arm-none-eabi/13.2.1/../../../arm-none-eabi/lib/thumb/v7e-m+fp/hard/libc_nano.a(libc_a-wsetup.o)
                              /usr/lib/gcc/arm-none-eabi/13.2.1/../../../arm-none-eabi/lib/thumb/v7e-m+fp/hard/libc_nano.a(libc_a-puts.o) (__swsetup_r)
/usr/lib/gcc/arm-none-eabi/13.2.1/../../../arm-none-eabi/lib/thumb/v7e-m+fp/hard/libc_nano.a(libc_a-memcpy.o)
                              build/queue.o (memcpy)
/usr/lib/gcc/arm-none-eabi/13.2.1/../../../arm-none-eabi/lib/thumb/v7e-m+fp/hard/libc_nano.a(libc_a-malloc.o)
                              /usr/lib/gcc/arm-none-eabi/13.2.1/../../../arm-none-eabi/lib/thumb/v7e-m+fp/hard/libc_nano.a(libc_a-dtoa.o) (malloc)
/usr/lib/gcc/arm-none-eabi/13.2.1/../../../arm-none-eabi/lib/thumb/v7e-m+fp/hard/libc_nano.a(libc_a-nano-vfprintf_i.o)
                              /usr/lib/gcc/arm-none-eabi/13.2.1/../../../arm-none-eabi/lib/thumb/v7e-m+fp/hard/libc_nano.a(libc_a-nano-vfprintf_float.o) (_printf_common)
/usr/lib/gcc/arm-none-eabi/13.2.1/../../../arm-none-eabi/lib/thumb/v7e-m+fp/hard/libc_nano.a(libc_a-mlock.o)
                              /usr/lib/gcc/arm-none-eabi/13.2.1/../../../arm-none-eabi/lib/thumb/v7e-m+fp/hard/libc_nano.a(libc_a-mallocr.o) (__malloc_lock)
/usr/lib/gcc/arm-none-eabi/13.2.1/../../../arm-none-eabi/lib/thumb/v7e-m+fp/hard/libc_nano.a(libc_a-makebuf.o)
                              /usr/lib/gcc/arm-none-eabi/13.2.1/../../../arm-none-eabi/lib/thumb/v7e-m+fp/hard/libc_nano.a(libc_a-wsetup.o) (__smakebuf_r)
/usr/lib/gcc/arm-none-eabi/13.2.1/../../../arm-none-eabi/lib/thumb/v7e-m+fp/hard/libc_nano.a(libc_a-exit.o)
                              /usr/lib/gcc/arm-none-eabi/13.2.1/../../../arm-none-eabi/lib/thumb/v7e-m+fp/hard/crt0.o (exit)
/usr/lib/gcc/arm-none-eabi/13.2.1/../../../arm-none-eabi/lib/thumb/v7e-m+fp/hard/libc_nano.a(libc_a-atexit.o)
                              /usr/lib/gcc/arm-none-eabi/13.2.1/../../../arm-none-eabi/lib/thumb/v7e-m+fp/hard/crt0.o (atexit)
/usr/lib/gcc/arm-none-eabi/13.2.1/../../../arm-none-eabi/lib/thumb/v7e-m+fp/hard/libc_nano.a(libc_a-isattyr.o)
                              /usr/lib/gcc/arm-none-eabi/13.2.1/../../../arm-none-eabi/lib/thumb/v7e-m+fp/hard/libc_nano.a(libc_a-makebuf.o) (_isatty_r)
/usr/lib/gcc/arm-none-eabi/13.2.1/../../../arm-none-eabi/lib/thumb/v7e-m+fp/hard/libc_nano.a(libc_a-fini.o)
[...]
Memory Configuration

Name             Origin             Length             Attributes
RAM              0x20000000         0x00020000         xrw
CCMRAM           0x10000000         0x00010000         xrw
FLASH            0x08000000         0x00080000         xr
*default*        0x00000000         0xffffffff

Linker script and memory map

LOAD /usr/lib/gcc/arm-none-eabi/13.2.1/thumb/v7e-m+fp/hard/crti.o
LOAD /usr/lib/gcc/arm-none-eabi/13.2.1/thumb/v7e-m+fp/hard/crtbegin.o
LOAD /usr/lib/gcc/arm-none-eabi/13.2.1/../../../arm-none-eabi/lib/thumb/v7e-m+fp/hard/crt0.o
LOAD build/main.o
LOAD build/freertos.o
LOAD build/stm32f4xx_it.o
LOAD build/stm32f4xx_hal_msp.o
LOAD build/stm32f4xx_hal_timebase_tim.o
LOAD build/stm32f4xx_hal_tim.o
LOAD build/stm32f4xx_hal_tim_ex.o
LOAD build/stm32f4xx_hal_rcc.o
LOAD build/stm32f4xx_hal_rcc_ex.o
LOAD build/stm32f4xx_hal_flash.o
LOAD build/stm32f4xx_hal_flash_ex.o
LOAD build/stm32f4xx_hal_flash_ramfunc.o
LOAD build/stm32f4xx_hal_gpio.o
LOAD build/stm32f4xx_hal_dma_ex.o
LOAD build/stm32f4xx_hal_dma.o
LOAD build/stm32f4xx_hal_pwr.o
LOAD build/stm32f4xx_hal_pwr_ex.o
LOAD build/stm32f4xx_hal_cortex.o
LOAD build/stm32f4xx_hal.o
LOAD build/stm32f4xx_hal_exti.o
LOAD build/stm32f4xx_hal_i2c.o
LOAD build/stm32f4xx_hal_i2c_ex.o
LOAD build/stm32f4xx_hal_uart.o
LOAD build/system_stm32f4xx.o
LOAD build/croutine.o
LOAD build/event_groups.o
LOAD build/list.o
LOAD build/queue.o
LOAD build/stream_buffer.o
LOAD build/tasks.o
LOAD build/timers.o
LOAD build/cmsis_os2.o
LOAD build/heap_4.o
LOAD build/port.o
LOAD build/sysmem.o
LOAD build/syscalls.o
LOAD build/gpio.o
LOAD build/i2c.o
LOAD build/usart.o
LOAD build/mpu6050.o
LOAD build/encodermotor.o
LOAD build/cmd_task.o
LOAD build/imu_task.o
LOAD build/motor_task.o
LOAD build/usart_task.o
LOAD build/tim.o
LOAD build/startup_stm32f407xx.o
LOAD /usr/lib/gcc/arm-none-eabi/13.2.1/../../../arm-none-eabi/lib/thumb/v7e-m+fp/hard/libc_nano.a
LOAD /usr/lib/gcc/arm-none-eabi/13.2.1/../../../arm-none-eabi/lib/thumb/v7e-m+fp/hard/libm.a
LOAD /usr/lib/gcc/arm-none-eabi/13.2.1/../../../arm-none-eabi/lib/thumb/v7e-m+fp/hard/libnosys.a
START GROUP
LOAD /usr/lib/gcc/arm-none-eabi/13.2.1/thumb/v7e-m+fp/hard/libgcc.a
LOAD /usr/lib/gcc/arm-none-eabi/13.2.1/../../../arm-none-eabi/lib/thumb/v7e-m+fp/hard/libc_nano.a
END GROUP
START GROUP
LOAD /usr/lib/gcc/arm-none-eabi/13.2.1/thumb/v7e-m+fp/hard/libgcc.a
LOAD /usr/lib/gcc/arm-none-eabi/13.2.1/../../../arm-none-eabi/lib/thumb/v7e-m+fp/hard/libc_nano.a
END GROUP
LOAD /usr/lib/gcc/arm-none-eabi/13.2.1/thumb/v7e-m+fp/hard/crtend.o
LOAD /usr/lib/gcc/arm-none-eabi/13.2.1/thumb/v7e-m+fp/hard/crtn.o
                0x20020000                        _estack = (ORIGIN (RAM) + LENGTH (RAM))
                0x00000200                        _Min_Heap_Size = 0x200
                0x00000400                        _Min_Stack_Size = 0x400

.isr_vector     0x08000000      0x188
                0x08000000                        . = ALIGN (0x4)
 *(.isr_vector)
 .isr_vector    0x08000000      0x188 build/startup_stm32f407xx.o
                0x08000000                g_pfnVectors
                0x08000188                        . = ALIGN (0x4)

.text           0x080001c0     0xace4
                0x080001c0                        . = ALIGN (0x4)
 *(.text)
 .text          0x080001c0       0x88 /usr/lib/gcc/arm-none-eabi/13.2.1/thumb/v7e-m+fp/hard/crtbegin.o
 .text          0x08000248       0x50 /usr/lib/gcc/arm-none-eabi/13.2.1/../../../arm-none-eabi/lib/thumb/v7e-m+fp/hard/libc_nano.a(libc_a-init.o)
                0x08000248                __libc_init_array
 .text          0x08000298       0xa0 /usr/lib/gcc/arm-none-eabi/13.2.1/../../../arm-none-eabi/lib/thumb/v7e-m+fp/hard/libc_nano.a(libc_a-puts.o)
                0x08000298                _puts_r
                0x08000328                puts
 .text          0x08000338      0x224 /usr/lib/gcc/arm-none-eabi/13.2.1/../../../arm-none-eabi/lib/thumb/v7e-m+fp/hard/libc_nano.a(libc_a-findfp.o)
                0x08000468                __sfp
                0x0800050c                __sinit
                0x0800052c                __sfp_lock_acquire
                0x08000530                __sfp_lock_release
                0x08000534                __fp_lock_all
                0x08000548                __fp_unlock_all
 .text          0x0800055c       0xa4 /usr/lib/gcc/arm-none-eabi/13.2.1/../../../arm-none-eabi/lib/thumb/v7e-m+fp/hard/libc_nano.a(libc_a-memset.o)
                0x0800055c                memset
 .text          0x08000600      0x1a8 /usr/lib/gcc/arm-none-eabi/13.2.1/../../../arm-none-eabi/lib/thumb/v7e-m+fp/hard/libc_nano.a(libc_a-fflush.o)
                0x08000600                __sflush_r
                0x08000724                _fflush_r
                0x0800075c                fflush
 .text          0x080007a8        0xc /usr/lib/gcc/arm-none-eabi/13.2.1/../../../arm-none-eabi/lib/thumb/v7e-m+fp/hard/libc_nano.a(libc_a-errno.o)
                0x080007a8                __errno
 .text          0x080007b4      0x6b0 /usr/lib/gcc/arm-none-eabi/13.2.1/../../../arm-none-eabi/lib/thumb/v7e-m+fp/hard/libc_nano.a(libc_a-nano-vfprintf_float.o)
                0x080007b4                __cvt
                0x080008c4                __exponent
                0x08000948                _printf_float
 .text          0x08000e64      0x148 /usr/lib/gcc/arm-none-eabi/13.2.1/../../../arm-none-eabi/lib/thumb/v7e-m+fp/hard/libc_nano.a(libc_a-mallocr.o)
                0x08000eac                _malloc_r
 *fill*         0x08000fac        0x4 
 .text          0x08000fb0      0xfdc /usr/lib/gcc/arm-none-eabi/13.2.1/../../../arm-none-eabi/lib/thumb/v7e-m+fp/hard/libc_nano.a(libc_a-dtoa.o)
                0x080010dc                _dtoa_r
 .text          0x08001f8c       0xbc /usr/lib/gcc/arm-none-eabi/13.2.1/../../../arm-none-eabi/lib/thumb/v7e-m+fp/hard/libc_nano.a(libc_a-freer.o)
                0x08001f8c                _free_r
 .text          0x08002048       0x44 /usr/lib/gcc/arm-none-eabi/13.2.1/../../../arm-none-eabi/lib/thumb/v7e-m+fp/hard/libc_nano.a(libc_a-fwalk.o)
                0x08002048                _fwalk_sglue
 .text          0x0800208c       0xc4 /usr/lib/gcc/arm-none-eabi/13.2.1/../../../arm-none-eabi/lib/thumb/v7e-m+fp/hard/libc_nano.a(libc_a-wsetup.o)
                0x0800208c                __swsetup_r
 .text          0x08002150      0x134 /usr/lib/gcc/arm-none-eabi/13.2.1/../../../arm-none-eabi/lib/thumb/v7e-m+fp/hard/libc_nano.a(libc_a-memcpy.o)
                0x08002150                memcpy
 .text          0x08002284       0x20 /usr/lib/gcc/arm-none-eabi/13.2.1/../../../arm-none-eabi/lib/thumb/v7e-m+fp/hard/libc_nano.a(libc_a-malloc.o)
                0x08002284                malloc
                0x08002294                free
 .text          0x080022a4      0x3a8 /usr/lib/gcc/arm-none-eabi/13.2.1/../../../arm-none-eabi/lib/thumb/v7e-m+fp/hard/libc_nano.a(libc_a-nano-vfprintf_i.o)
                0x080022a4                _printf_common
                0x080023c8                _printf_i
 .text          0x0800264c        0x8 /usr/lib/gcc/arm-none-eabi/13.2.1/../../../arm-none-eabi/lib/thumb/v7e-m+fp/hard/libc_nano.a(libc_a-mlock.o)
                0x0800264c                __malloc_lock
                0x08002650                __malloc_unlock
 .text          0x08002654      0x114 /usr/lib/gcc/arm-none-eabi/13.2.1/../../../arm-none-eabi/lib/thumb/v7e-m+fp/hard/libc_nano.a(libc_a-makebuf.o)
                0x08002654                __smakebuf_r
                0x08002718                __swhatbuf_r
 .text          0x08002768       0x24 /usr/lib/gcc/arm-none-eabi/13.2.1/../../../arm-none-eabi/lib/thumb/v7e-m+fp/hard/libc_nano.a(libc_a-isattyr.o)
                0x08002768                _isatty_r
 .text          0x0800278c       0xa0 /usr/lib/gcc/arm-none-eabi/13.2.1/../../../arm-none-eabi/lib/thumb/v7e-m+fp/hard/libc_nano.a(libc_a-wbuf.o)
                0x0800278c                __swbuf_r
                0x08002814                __swbuf
 .text          0x0800282c       0x4c /usr/lib/gcc/arm-none-eabi/13.2.1/../../../arm-none-eabi/lib/thumb/v7e-m+fp/hard/libc_nano.a(libc_a-assert.o)
                0x0800282c                __assert_func
                0x0800286c                __assert
 .text          0x08002878      0xb10 /usr/lib/gcc/arm-none-eabi/13.2.1/../../../arm-none-eabi/lib/thumb/v7e-m+fp/hard/libc_nano.a(libc_a-mprec.o)
                0x08002878                _Balloc
                0x080028f8                _Bfree
                0x08002940                __multadd
                0x080029dc                __s2b
                0x08002a90                __hi0bits
                0x08002ad4                __lo0bits
                0x08002b34                __i2b
                0x08002b60                __multiply
                0x08002ccc                __pow5mult
                0x08002dac                __lshift
                0x08002e94                __mcmp
                0x08002ed8                __mdiff
                0x08003050                __ulp
                0x080030b4                __b2d
                0x08003170                __d2b
                0x08003230                __ratio
                0x08003290                _mprec_log10
                0x080032d0                __copybits
                0x0800332c                __any_on
 .text          0x08003388       0x24 /usr/lib/gcc/arm-none-eabi/13.2.1/../../../arm-none-eabi/lib/thumb/v7e-m+fp/hard/libc_nano.a(libc_a-sbrkr.o)
                0x08003388                _sbrk_r
 .text          0x080033ac       0x94 /usr/lib/gcc/arm-none-eabi/13.2.1/../../../arm-none-eabi/lib/thumb/v7e-m+fp/hard/libc_nano.a(libc_a-stdio.o)
                0x080033ac                __sread
                0x080033d0                __seofread
                0x080033d4                __swrite
                0x08003414                __sseek
                0x08003438                __sclose
 .text          0x08003440       0x14 /usr/lib/gcc/arm-none-eabi/13.2.1/../../../arm-none-eabi/lib/thumb/v7e-m+fp/hard/libc_nano.a(libc_a-localeconv.o)
                0x08003440                __localeconv_l
                0x08003444                _localeconv_r
                0x0800344c                localeconv
 .text          0x08003454       0x10 /usr/lib/gcc/arm-none-eabi/13.2.1/../../../arm-none-eabi/lib/thumb/v7e-m+fp/hard/libc_nano.a(libc_a-abort.o)
                0x08003454                abort
 .text          0x08003464       0x24 /usr/lib/gcc/arm-none-eabi/13.2.1/../../../arm-none-eabi/lib/thumb/v7e-m+fp/hard/libc_nano.a(libc_a-closer.o)
                0x08003464                _close_r
 *fill*         0x08003488       0x38 
 .text          0x080034c0       0xd8 /usr/lib/gcc/arm-none-eabi/13.2.1/../../../arm-none-eabi/lib/thumb/v7e-m+fp/hard/libc_nano.a(libc_a-strlen.o)
                0x080034c0                strlen
 .text          0x08003598       0x28 /usr/lib/gcc/arm-none-eabi/13.2.1/../../../arm-none-eabi/lib/thumb/v7e-m+fp/hard/libc_nano.a(libc_a-callocr.o)
                0x08003598                _calloc_r
 .text          0x080035c0       0x30 /usr/lib/gcc/arm-none-eabi/13.2.1/../../../arm-none-eabi/lib/thumb/v7e-m+fp/hard/libc_nano.a(libc_a-wctomb_r.o)
                0x080035c0                _wctomb_r
                0x080035d4                __ascii_wctomb
 .text          0x080035f0       0xa0 /usr/lib/gcc/arm-none-eabi/13.2.1/../../../arm-none-eabi/lib/thumb/v7e-m+fp/hard/libc_nano.a(libc_a-memchr.o)
                0x080035f0                memchr
 .text          0x08003690       0x2c /usr/lib/gcc/arm-none-eabi/13.2.1/../../../arm-none-eabi/lib/thumb/v7e-m+fp/hard/libc_nano.a(libc_a-readr.o)
                0x08003690                _read_r
 .text          0x080036bc       0x44 /usr/lib/gcc/arm-none-eabi/13.2.1/../../../arm-none-eabi/lib/thumb/v7e-m+fp/hard/libc_nano.a(libc_a-fprintf.o)
                0x080036bc                _fprintf_r
                0x080036bc                _fiprintf_r
                0x080036d8                fprintf
                0x080036d8                fiprintf
 .text          0x08003700       0x2c /usr/lib/gcc/arm-none-eabi/13.2.1/../../../arm-none-eabi/lib/thumb/v7e-m+fp/hard/libc_nano.a(libc_a-fstatr.o)
                0x08003700                _fstat_r
 .text          0x0800372c       0x2c /usr/lib/gcc/arm-none-eabi/13.2.1/../../../arm-none-eabi/lib/thumb/v7e-m+fp/hard/libc_nano.a(libc_a-lseekr.o)
                0x0800372c                _lseek_r
 .text          0x08003758       0x2c /usr/lib/gcc/arm-none-eabi/13.2.1/../../../arm-none-eabi/lib/thumb/v7e-m+fp/hard/libc_nano.a(libc_a-writer.o)
                0x08003758                _write_r
 .text          0x08003784      0x314 /usr/lib/gcc/arm-none-eabi/13.2.1/../../../arm-none-eabi/lib/thumb/v7e-m+fp/hard/libc_nano.a(libc_a-nano-vfprintf.o)
                0x080037c0                __sfputs_r
                0x080037f0                __sprint_r
                0x08003810                _vfiprintf_r
                0x08003810                _vfprintf_r
                0x08003a7c                vfiprintf
                0x08003a7c                vfprintf
 .text          0x08003a98      0x300 /usr/lib/gcc/arm-none-eabi/13.2.1/../../../arm-none-eabi/lib/thumb/v7e-m+fp/hard/libc_nano.a(libc_a-fvwrite.o)
                0x08003a98                __sfvwrite_r
 .text          0x08003d98       0x40 /usr/lib/gcc/arm-none-eabi/13.2.1/../../../arm-none-eabi/lib/thumb/v7e-m+fp/hard/libc_nano.a(libc_a-mbtowc_r.o)
                0x08003d98                _mbtowc_r
                0x08003dac                __ascii_mbtowc
 .text          0x08003dd8      0x260 /usr/lib/gcc/arm-none-eabi/13.2.1/../../../arm-none-eabi/lib/thumb/v7e-m+fp/hard/libc_nano.a(libc_a-signal.o)
                0x08003dd8                _init_signal_r
                0x08003e04                _signal_r
                0x08003e50                _raise_r
                0x08003ea0                __sigtramp_r
                0x08003f00                raise
                0x08003f54                signal
                0x08003fa0                _init_signal
                0x08003fd4                __sigtramp
 .text          0x08004038      0x100 /usr/lib/gcc/arm-none-eabi/13.2.1/../../../arm-none-eabi/lib/thumb/v7e-m+fp/hard/libc_nano.a(libc_a-memmove.o)
                0x08004038                memmove
 .text          0x08004138       0x64 /usr/lib/gcc/arm-none-eabi/13.2.1/../../../arm-none-eabi/lib/thumb/v7e-m+fp/hard/libc_nano.a(libc_a-reallocr.o)
                0x08004138                _realloc_r
 .text          0x0800419c       0x10 /usr/lib/gcc/arm-none-eabi/13.2.1/../../../arm-none-eabi/lib/thumb/v7e-m+fp/hard/libc_nano.a(libc_a-msizer.o)
                0x0800419c                _malloc_usable_size_r
 .text          0x080041ac       0x30 /usr/lib/gcc/arm-none-eabi/13.2.1/../../../arm-none-eabi/lib/thumb/v7e-m+fp/hard/libc_nano.a(libc_a-signalr.o)
                0x080041ac                _kill_r
                0x080041d8                _getpid_r
 .text          0x080041dc      0x378 /usr/lib/gcc/arm-none-eabi/13.2.1/thumb/v7e-m+fp/hard/libgcc.a(_arm_addsubdf3.o)
                0x080041dc                __aeabi_drsub
                0x080041e4                __aeabi_dsub
                0x080041e4                __subdf3
                0x080041e8                __adddf3
                0x080041e8                __aeabi_dadd
                0x08004460                __aeabi_ui2d
                0x08004460                __floatunsidf
                0x08004480                __floatsidf
                0x08004480                __aeabi_i2d
                0x080044a4                __extendsfdf2
                0x080044a4                __aeabi_f2d
                0x080044e8                __aeabi_ul2d
                0x080044e8                __floatundidf
                0x080044f8                __floatdidf
                0x080044f8                __aeabi_l2d
 .text          0x08004554      0x424 /usr/lib/gcc/arm-none-eabi/13.2.1/thumb/v7e-m+fp/hard/libgcc.a(_arm_muldivdf3.o)
                0x08004554                __aeabi_dmul
                0x08004554                __muldf3
                0x080047a8                __aeabi_ddiv
                0x080047a8                __divdf3
 .text          0x08004978      0x110 /usr/lib/gcc/arm-none-eabi/13.2.1/thumb/v7e-m+fp/hard/libgcc.a(_arm_cmpdf2.o)
                0x08004978                __gtdf2
                0x08004978                __gedf2
                0x08004980                __ltdf2
                0x08004980                __ledf2
                0x08004988                __cmpdf2
                0x08004988                __eqdf2
                0x08004988                __nedf2
                0x08004a04                __aeabi_cdrcmple
                0x08004a14                __aeabi_cdcmple
                0x08004a14                __aeabi_cdcmpeq
                0x08004a24                __aeabi_dcmpeq
                0x08004a38                __aeabi_dcmplt
                0x08004a4c                __aeabi_dcmple
                0x08004a60                __aeabi_dcmpge
                0x08004a74                __aeabi_dcmpgt
 .text          0x08004a88       0x2c /usr/lib/gcc/arm-none-eabi/13.2.1/thumb/v7e-m+fp/hard/libgcc.a(_arm_unorddf2.o)
                0x08004a88                __aeabi_dcmpun
                0x08004a88                __unorddf2
 .text          0x08004ab4       0x50 /usr/lib/gcc/arm-none-eabi/13.2.1/thumb/v7e-m+fp/hard/libgcc.a(_arm_fixdfsi.o)
                0x08004ab4                __fixdfsi
                0x08004ab4                __aeabi_d2iz
 .text          0x08004b04       0x30 /usr/lib/gcc/arm-none-eabi/13.2.1/thumb/v7e-m+fp/hard/libgcc.a(_aeabi_uldivmod.o)
                0x08004b04                __aeabi_uldivmod
 .text          0x08004b34      0x2bc /usr/lib/gcc/arm-none-eabi/13.2.1/thumb/v7e-m+fp/hard/libgcc.a(_udivmoddi4.o)
                0x08004b34                __udivmoddi4
 .text          0x08004df0        0x4 /usr/lib/gcc/arm-none-eabi/13.2.1/thumb/v7e-m+fp/hard/libgcc.a(_dvmd_tls.o)
                0x08004df0                __aeabi_ldiv0
                0x08004df0                __aeabi_idiv0
 *(.text*)
 .text.HAL_TIM_PeriodElapsedCallback
                0x08004df4       0x18 build/main.o
                0x08004df4                HAL_TIM_PeriodElapsedCallback
 .text.Error_Handler
                0x08004e0c        0x4 build/main.o
                0x08004e0c                Error_Handler
 .text.SystemClock_Config
                0x08004e10       0xa0 build/main.o
                0x08004e10                SystemClock_Config
 .text.main     0x08004eb0       0x44 build/main.o
                0x08004eb0                main
 .text._write   0x08004ef4       0x18 build/freertos.o
                0x08004ef4                _write
 .text.MX_FREERTOS_Init
                0x08004f0c       0xac build/freertos.o
                0x08004f0c                MX_FREERTOS_Init
 .text.HAL_UART_RxCpltCallback
                0x08004fb8       0x58 build/freertos.o
                0x08004fb8                HAL_UART_RxCpltCallback
 .text.NMI_Handler
                0x08005010        0x2 build/stm32f4xx_it.o
                0x08005010                NMI_Handler
 .text.HardFault_Handler
                0x08005012        0x2 build/stm32f4xx_it.o
                0x08005012                HardFault_Handler
 .text.MemManage_Handler
                0x08005014        0x2 build/stm32f4xx_it.o
                0x08005014                MemManage_Handler
 .text.BusFault_Handler
                0x08005016        0x2 build/stm32f4xx_it.o
                0x08005016                BusFault_Handler
 .text.UsageFault_Handler
                0x08005018        0x2 build/stm32f4xx_it.o
                0x08005018                UsageFault_Handler
 .text.DebugMon_Handler
                0x0800501a        0x2 build/stm32f4xx_it.o
                0x0800501a                DebugMon_Handler
 .text.USART3_IRQHandler
                0x0800501c       0x10 build/stm32f4xx_it.o
                0x0800501c                USART3_IRQHandler
 .text.TIM8_TRG_COM_TIM14_IRQHandler
                0x0800502c       0x10 build/stm32f4xx_it.o
                0x0800502c                TIM8_TRG_COM_TIM14_IRQHandler
 .text.HAL_MspInit
                0x0800503c       0x44 build/stm32f4xx_hal_msp.o
                0x0800503c                HAL_MspInit
 .text.HAL_InitTick
                0x08005080       0xa4 build/stm32f4xx_hal_timebase_tim.o
                0x08005080                HAL_InitTick
 .text.TIM_OC1_SetConfig
                0x08005124       0x70 build/stm32f4xx_hal_tim.o
 .text.TIM_OC3_SetConfig
                0x08005194       0x70 build/stm32f4xx_hal_tim.o
 .text.TIM_OC4_SetConfig
                0x08005204       0x50 build/stm32f4xx_hal_tim.o
 .text.HAL_TIM_Base_Start_IT
                0x08005254       0x88 build/stm32f4xx_hal_tim.o
                0x08005254                HAL_TIM_Base_Start_IT
 .text.HAL_TIM_OC_DelayElapsedCallback
                0x080052dc        0x2 build/stm32f4xx_hal_tim.o
                0x080052dc                HAL_TIM_OC_DelayElapsedCallback
 .text.HAL_TIM_IC_CaptureCallback
                0x080052de        0x2 build/stm32f4xx_hal_tim.o
                0x080052de                HAL_TIM_IC_CaptureCallback
 .text.HAL_TIM_PWM_PulseFinishedCallback
                0x080052e0        0x2 build/stm32f4xx_hal_tim.o
                0x080052e0                HAL_TIM_PWM_PulseFinishedCallback
 .text.HAL_TIM_TriggerCallback
                0x080052e2        0x2 build/stm32f4xx_hal_tim.o
                0x080052e2                HAL_TIM_TriggerCallback
 .text.HAL_TIM_IRQHandler
                0x080052e4      0x15e build/stm32f4xx_hal_tim.o
                0x080052e4                HAL_TIM_IRQHandler
 *fill*         0x08005442        0x2 
 .text.TIM_Base_SetConfig
                0x08005444       0xd0 build/stm32f4xx_hal_tim.o
                0x08005444                TIM_Base_SetConfig
 .text.HAL_TIM_Base_Init
                0x08005514       0x58 build/stm32f4xx_hal_tim.o
                0x08005514                HAL_TIM_Base_Init
 .text.HAL_TIM_PWM_Init
                0x0800556c       0x58 build/stm32f4xx_hal_tim.o
                0x0800556c                HAL_TIM_PWM_Init
 .text.HAL_TIM_Encoder_Init
                0x080055c4       0xb0 build/stm32f4xx_hal_tim.o
                0x080055c4                HAL_TIM_Encoder_Init
 .text.TIM_OC2_SetConfig
                0x08005674       0x70 build/stm32f4xx_hal_tim.o
                0x08005674                TIM_OC2_SetConfig
 .text.HAL_TIM_PWM_ConfigChannel
                0x080056e4       0xdc build/stm32f4xx_hal_tim.o
                0x080056e4                HAL_TIM_PWM_ConfigChannel
 .text.TIM_CCxChannelCmd
                0x080057c0       0x1e build/stm32f4xx_hal_tim.o
                0x080057c0                TIM_CCxChannelCmd
 *fill*         0x080057de        0x2 
 .text.HAL_TIM_PWM_Start
                0x080057e0      0x104 build/stm32f4xx_hal_tim.o
                0x080057e0                HAL_TIM_PWM_Start
 .text.HAL_TIM_Encoder_Start
                0x080058e4       0xcc build/stm32f4xx_hal_tim.o
                0x080058e4                HAL_TIM_Encoder_Start
 .text.HAL_TIMEx_MasterConfigSynchronization
                0x080059b0       0x8c build/stm32f4xx_hal_tim_ex.o
                0x080059b0                HAL_TIMEx_MasterConfigSynchronization
 .text.HAL_TIMEx_ConfigBreakDeadTime
                0x08005a3c       0x52 build/stm32f4xx_hal_tim_ex.o
                0x08005a3c                HAL_TIMEx_ConfigBreakDeadTime
 .text.HAL_TIMEx_CommutCallback
                0x08005a8e        0x2 build/stm32f4xx_hal_tim_ex.o
                0x08005a8e                HAL_TIMEx_CommutCallback
 .text.HAL_TIMEx_BreakCallback
                0x08005a90        0x2 build/stm32f4xx_hal_tim_ex.o
                0x08005a90                HAL_TIMEx_BreakCallback
 *fill*         0x08005a92        0x2 
 .text.HAL_RCC_OscConfig
                0x08005a94      0x3f8 build/stm32f4xx_hal_rcc.o
                0x08005a94                HAL_RCC_OscConfig
 .text.HAL_RCC_GetSysClockFreq
                0x08005e8c       0xdc build/stm32f4xx_hal_rcc.o
                0x08005e8c                HAL_RCC_GetSysClockFreq
 .text.HAL_RCC_ClockConfig
                0x08005f68      0x160 build/stm32f4xx_hal_rcc.o
                0x08005f68                HAL_RCC_ClockConfig
 .text.HAL_RCC_GetHCLKFreq
                0x080060c8        0xc build/stm32f4xx_hal_rcc.o
                0x080060c8                HAL_RCC_GetHCLKFreq
 .text.HAL_RCC_GetPCLK1Freq
                0x080060d4       0x20 build/stm32f4xx_hal_rcc.o
                0x080060d4                HAL_RCC_GetPCLK1Freq
 .text.HAL_RCC_GetPCLK2Freq
                0x080060f4       0x20 build/stm32f4xx_hal_rcc.o
                0x080060f4                HAL_RCC_GetPCLK2Freq
 .text.HAL_RCC_GetClockConfig
                0x08006114       0x3c build/stm32f4xx_hal_rcc.o
                0x08006114                HAL_RCC_GetClockConfig
 .text.HAL_GPIO_Init
                0x08006150      0x1ec build/stm32f4xx_hal_gpio.o
                0x08006150                HAL_GPIO_Init
 .text.HAL_DMA_Abort
                0x0800633c       0x94 build/stm32f4xx_hal_dma.o
                0x0800633c                HAL_DMA_Abort
 .text.HAL_DMA_Abort_IT
                0x080063d0       0x26 build/stm32f4xx_hal_dma.o
                0x080063d0                HAL_DMA_Abort_IT
 *fill*         0x080063f6        0x2 
 .text.__NVIC_EnableIRQ
                0x080063f8       0x1c build/stm32f4xx_hal_cortex.o
 .text.__NVIC_SetPriority
                0x08006414       0x28 build/stm32f4xx_hal_cortex.o
 .text.NVIC_EncodePriority
                0x0800643c       0x3e build/stm32f4xx_hal_cortex.o
 *fill*         0x0800647a        0x2 
 .text.HAL_NVIC_SetPriorityGrouping
                0x0800647c       0x24 build/stm32f4xx_hal_cortex.o
                0x0800647c                HAL_NVIC_SetPriorityGrouping
 .text.HAL_NVIC_SetPriority
                0x080064a0       0x20 build/stm32f4xx_hal_cortex.o
                0x080064a0                HAL_NVIC_SetPriority
 .text.HAL_NVIC_EnableIRQ
                0x080064c0        0x8 build/stm32f4xx_hal_cortex.o
                0x080064c0                HAL_NVIC_EnableIRQ
 .text.HAL_Init
                0x080064c8       0x34 build/stm32f4xx_hal.o
                0x080064c8                HAL_Init
 .text.HAL_IncTick
                0x080064fc       0x18 build/stm32f4xx_hal.o
                0x080064fc                HAL_IncTick
 .text.HAL_GetTick
                0x08006514        0xc build/stm32f4xx_hal.o
                0x08006514                HAL_GetTick
 .text.I2C_IsAcknowledgeFailed
                0x08006520       0x32 build/stm32f4xx_hal_i2c.o
 .text.I2C_WaitOnFlagUntilTimeout
                0x08006552       0xaa build/stm32f4xx_hal_i2c.o
 .text.I2C_WaitOnMasterAddressFlagUntilTimeout
                0x080065fc       0xd6 build/stm32f4xx_hal_i2c.o
 .text.I2C_WaitOnTXEFlagUntilTimeout
                0x080066d2       0x5e build/stm32f4xx_hal_i2c.o
 .text.I2C_RequestMemoryWrite
                0x08006730       0xd8 build/stm32f4xx_hal_i2c.o
 .text.I2C_RequestMemoryRead
                0x08006808      0x154 build/stm32f4xx_hal_i2c.o
 .text.I2C_WaitOnBTFFlagUntilTimeout
                0x0800695c       0x5e build/stm32f4xx_hal_i2c.o
 .text.I2C_WaitOnRXNEFlagUntilTimeout
                0x080069ba       0x78 build/stm32f4xx_hal_i2c.o
 *fill*         0x08006a32        0x2 
 .text.HAL_I2C_Init
                0x08006a34      0x1bc build/stm32f4xx_hal_i2c.o
                0x08006a34                HAL_I2C_Init
 .text.HAL_I2C_Mem_Write
                0x08006bf0      0x164 build/stm32f4xx_hal_i2c.o
                0x08006bf0                HAL_I2C_Mem_Write
 .text.HAL_I2C_Mem_Read
                0x08006d54      0x2f8 build/stm32f4xx_hal_i2c.o
                0x08006d54                HAL_I2C_Mem_Read
 .text.HAL_I2C_IsDeviceReady
                0x0800704c      0x194 build/stm32f4xx_hal_i2c.o
                0x0800704c                HAL_I2C_IsDeviceReady
 .text.UART_EndRxTransfer
                0x080071e0       0x5c build/stm32f4xx_hal_uart.o
 .text.UART_Transmit_IT
                0x0800723c       0x60 build/stm32f4xx_hal_uart.o
 .text.UART_SetConfig
                0x0800729c      0x110 build/stm32f4xx_hal_uart.o
 .text.UART_WaitOnFlagUntilTimeout
                0x080073ac       0x86 build/stm32f4xx_hal_uart.o
 .text.HAL_UART_Init
                0x08007432       0x60 build/stm32f4xx_hal_uart.o
                0x08007432                HAL_UART_Init
 .text.HAL_UART_Transmit
                0x08007492       0xcc build/stm32f4xx_hal_uart.o
                0x08007492                HAL_UART_Transmit
 .text.HAL_UART_TxCpltCallback
                0x0800755e        0x2 build/stm32f4xx_hal_uart.o
                0x0800755e                HAL_UART_TxCpltCallback
 .text.UART_EndTransmit_IT
                0x08007560       0x1a build/stm32f4xx_hal_uart.o
 .text.HAL_UART_ErrorCallback
                0x0800757a        0x2 build/stm32f4xx_hal_uart.o
                0x0800757a                HAL_UART_ErrorCallback
 .text.UART_DMAAbortOnError
                0x0800757c        0xe build/stm32f4xx_hal_uart.o
 .text.HAL_UARTEx_RxEventCallback
                0x0800758a        0x2 build/stm32f4xx_hal_uart.o
                0x0800758a                HAL_UARTEx_RxEventCallback
 .text.UART_Receive_IT
                0x0800758c       0xe6 build/stm32f4xx_hal_uart.o
 *fill*         0x08007672        0x2 
 .text.HAL_UART_IRQHandler
                0x08007674      0x2a0 build/stm32f4xx_hal_uart.o
                0x08007674                HAL_UART_IRQHandler
 .text.UART_Start_Receive_IT
                0x08007914       0x36 build/stm32f4xx_hal_uart.o
                0x08007914                UART_Start_Receive_IT
 .text.HAL_UART_Receive_IT
                0x0800794a       0x26 build/stm32f4xx_hal_uart.o
                0x0800794a                HAL_UART_Receive_IT
 .text.SystemInit
                0x08007970       0x14 build/system_stm32f4xx.o
                0x08007970                SystemInit
 .text.vListInitialise
                0x08007984       0x16 build/list.o
                0x08007984                vListInitialise
 .text.vListInitialiseItem
                0x0800799a        0x6 build/list.o
                0x0800799a                vListInitialiseItem
 .text.vListInsertEnd
                0x080079a0       0x16 build/list.o
                0x080079a0                vListInsertEnd
 .text.vListInsert
                0x080079b6       0x32 build/list.o
                0x080079b6                vListInsert
 .text.uxListRemove
                0x080079e8       0x26 build/list.o
                0x080079e8                uxListRemove
 .text.prvGetDisinheritPriorityAfterTimeout
                0x08007a0e       0x10 build/queue.o
 .text.prvIsQueueFull
                0x08007a1e       0x1e build/queue.o
 .text.prvIsQueueEmpty
                0x08007a3c       0x1a build/queue.o
 .text.prvCopyDataToQueue
                0x08007a56       0x76 build/queue.o
 .text.prvCopyDataFromQueue
                0x08007acc       0x24 build/queue.o
 .text.prvUnlockQueue
                0x08007af0       0x6e build/queue.o
 .text.xQueueGenericReset
                0x08007b5e       0x84 build/queue.o
                0x08007b5e                xQueueGenericReset
 .text.prvInitialiseNewQueue
                0x08007be2       0x22 build/queue.o
 .text.xQueueGenericCreateStatic
                0x08007c04       0x94 build/queue.o
                0x08007c04                xQueueGenericCreateStatic
 .text.xQueueGenericCreate
                0x08007c98       0x48 build/queue.o
                0x08007c98                xQueueGenericCreate
 .text.xQueueGenericSend
                0x08007ce0      0x188 build/queue.o
                0x08007ce0                xQueueGenericSend
 .text.prvInitialiseMutex
                0x08007e68       0x18 build/queue.o
 .text.xQueueCreateMutex
                0x08007e80       0x16 build/queue.o
                0x08007e80                xQueueCreateMutex
 .text.xQueueCreateMutexStatic
                0x08007e96       0x1e build/queue.o
                0x08007e96                xQueueCreateMutexStatic
 .text.xQueueGiveMutexRecursive
                0x08007eb4       0x40 build/queue.o
                0x08007eb4                xQueueGiveMutexRecursive
 .text.xQueueGenericSendFromISR
                0x08007ef4       0xce build/queue.o
                0x08007ef4                xQueueGenericSendFromISR
 .text.xQueueReceive
                0x08007fc2      0x15e build/queue.o
                0x08007fc2                xQueueReceive
 .text.xQueueSemaphoreTake
                0x08008120      0x1a6 build/queue.o
                0x08008120                xQueueSemaphoreTake
 .text.xQueueTakeMutexRecursive
                0x080082c6       0x40 build/queue.o
                0x080082c6                xQueueTakeMutexRecursive
 *fill*         0x08008306        0x2 
 .text.vQueueAddToRegistry
                0x08008308       0x28 build/queue.o
                0x08008308                vQueueAddToRegistry
 .text.vQueueWaitForMessageRestricted
                0x08008330       0x52 build/queue.o
                0x08008330                vQueueWaitForMessageRestricted
 *fill*         0x08008382        0x2 
 .text.prvResetNextTaskUnblockTime
                0x08008384       0x2c build/tasks.o
 .text.prvInitialiseNewTask
                0x080083b0       0xa2 build/tasks.o
 *fill*         0x08008452        0x2 
 .text.prvInitialiseTaskLists
                0x08008454       0x68 build/tasks.o
 .text.prvAddNewTaskToReadyList
                0x080084bc       0xac build/tasks.o
 .text.prvDeleteTCB
                0x08008568       0x38 build/tasks.o
 .text.prvCheckTasksWaitingTermination
                0x080085a0       0x4c build/tasks.o
 .text.prvIdleTask
                0x080085ec       0x28 build/tasks.o
 .text.prvAddCurrentTaskToDelayedList
                0x08008614       0x7c build/tasks.o
 .text.xTaskCreateStatic
                0x08008690       0x76 build/tasks.o
                0x08008690                xTaskCreateStatic
 .text.xTaskCreate
                0x08008706       0x64 build/tasks.o
                0x08008706                xTaskCreate
 *fill*         0x0800876a        0x2 
 .text.vTaskStartScheduler
                0x0800876c       0x98 build/tasks.o
                0x0800876c                vTaskStartScheduler
 .text.vTaskSuspendAll
                0x08008804       0x10 build/tasks.o
                0x08008804                vTaskSuspendAll
 .text.xTaskGetTickCount
                0x08008814        0xc build/tasks.o
                0x08008814                xTaskGetTickCount
 .text.xTaskIncrementTick
                0x08008820      0x118 build/tasks.o
                0x08008820                xTaskIncrementTick
 .text.xTaskResumeAll
                0x08008938       0xf8 build/tasks.o
                0x08008938                xTaskResumeAll
 .text.vTaskDelayUntil
                0x08008a30       0xa4 build/tasks.o
                0x08008a30                vTaskDelayUntil
 .text.vTaskDelay
                0x08008ad4       0x4c build/tasks.o
                0x08008ad4                vTaskDelay
 .text.vTaskSwitchContext
                0x08008b20       0x98 build/tasks.o
                0x08008b20                vTaskSwitchContext
 .text.vTaskPlaceOnEventList
                0x08008bb8       0x30 build/tasks.o
                0x08008bb8                vTaskPlaceOnEventList
 .text.vTaskPlaceOnEventListRestricted
                0x08008be8       0x38 build/tasks.o
                0x08008be8                vTaskPlaceOnEventListRestricted
 .text.xTaskRemoveFromEventList
                0x08008c20       0x8c build/tasks.o
                0x08008c20                xTaskRemoveFromEventList
 .text.vTaskInternalSetTimeOutState
                0x08008cac       0x18 build/tasks.o
                0x08008cac                vTaskInternalSetTimeOutState
 .text.xTaskCheckForTimeOut
                0x08008cc4       0x84 build/tasks.o
                0x08008cc4                xTaskCheckForTimeOut
 .text.vTaskMissedYield
                0x08008d48        0xc build/tasks.o
                0x08008d48                vTaskMissedYield
 .text.xTaskGetCurrentTaskHandle
                0x08008d54        0xc build/tasks.o
                0x08008d54                xTaskGetCurrentTaskHandle
 .text.xTaskGetSchedulerState
                0x08008d60       0x20 build/tasks.o
                0x08008d60                xTaskGetSchedulerState
 .text.xTaskPriorityInherit
                0x08008d80       0x98 build/tasks.o
                0x08008d80                xTaskPriorityInherit
 .text.xTaskPriorityDisinherit
                0x08008e18       0x90 build/tasks.o
                0x08008e18                xTaskPriorityDisinherit
 .text.vTaskPriorityDisinheritAfterTimeout
                0x08008ea8       0xa0 build/tasks.o
                0x08008ea8                vTaskPriorityDisinheritAfterTimeout
 .text.pvTaskIncrementMutexHeldCount
                0x08008f48       0x1c build/tasks.o
                0x08008f48                pvTaskIncrementMutexHeldCount
 .text.prvGetNextExpireTime
                0x08008f64       0x20 build/timers.o
 .text.prvInsertTimerInActiveList
                0x08008f84       0x48 build/timers.o
 .text.prvCheckForValidListAndQueue
                0x08008fcc       0x70 build/timers.o
 .text.xTimerCreateTimerTask
                0x0800903c       0x64 build/timers.o
                0x0800903c                xTimerCreateTimerTask
 .text.xTimerGenericCommand
                0x080090a0       0x6c build/timers.o
                0x080090a0                xTimerGenericCommand
 .text.prvSwitchTimerLists
                0x0800910c       0x7c build/timers.o
 .text.prvSampleTimeNow
                0x08009188       0x2c build/timers.o
 .text.prvProcessExpiredTimer
                0x080091b4       0x6c build/timers.o
 .text.prvProcessTimerOrBlockTask
                0x08009220       0x74 build/timers.o
 .text.prvProcessReceivedCommands
                0x08009294      0x10c build/timers.o
 .text.prvTimerTask
                0x080093a0       0x16 build/timers.o
 .text.SysTick_Handler
                0x080093b6       0x18 build/cmsis_os2.o
                0x080093b6                SysTick_Handler
 *fill*         0x080093ce        0x2 
 .text.osKernelInitialize
                0x080093d0       0x24 build/cmsis_os2.o
                0x080093d0                osKernelInitialize
 .text.osKernelStart
                0x080093f4       0x38 build/cmsis_os2.o
                0x080093f4                osKernelStart
 .text.osThreadNew
                0x0800942c       0xbc build/cmsis_os2.o
                0x0800942c                osThreadNew
 .text.osDelay  0x080094e8       0x1c build/cmsis_os2.o
                0x080094e8                osDelay
 .text.osMutexNew
                0x08009504       0x92 build/cmsis_os2.o
                0x08009504                osMutexNew
 .text.osMutexAcquire
                0x08009596       0x5e build/cmsis_os2.o
                0x08009596                osMutexAcquire
 .text.osMutexRelease
                0x080095f4       0x4e build/cmsis_os2.o
                0x080095f4                osMutexRelease
 .text.osMessageQueueNew
                0x08009642       0x96 build/cmsis_os2.o
                0x08009642                osMessageQueueNew
 .text.vApplicationGetIdleTaskMemory
                0x080096d8       0x18 build/cmsis_os2.o
                0x080096d8                vApplicationGetIdleTaskMemory
 .text.vApplicationGetTimerTaskMemory
                0x080096f0       0x18 build/cmsis_os2.o
                0x080096f0                vApplicationGetTimerTaskMemory
 .text.prvHeapInit
                0x08009708       0x64 build/heap_4.o
 .text.prvInsertBlockIntoFreeList
                0x0800976c       0x64 build/heap_4.o
 .text.pvPortMalloc
                0x080097d0      0x104 build/heap_4.o
                0x080097d0                pvPortMalloc
 .text.vPortFree
                0x080098d4       0x7c build/heap_4.o
                0x080098d4                vPortFree
 .text.prvTaskExitError
                0x08009950       0x40 build/port.o
 .text.prvPortStartFirstTask
                0x08009990       0x28 build/port.o
 .text.vPortEnableVFP
                0x080099b8       0x14 build/port.o
 .text.pxPortInitialiseStack
                0x080099cc       0x2c build/port.o
                0x080099cc                pxPortInitialiseStack
 *fill*         0x080099f8        0x8 
 .text.SVC_Handler
                0x08009a00       0x24 build/port.o
                0x08009a00                SVC_Handler
 .text.vPortEnterCritical
                0x08009a24       0x44 build/port.o
                0x08009a24                vPortEnterCritical
 .text.vPortExitCritical
                0x08009a68       0x2c build/port.o
                0x08009a68                vPortExitCritical
 *fill*         0x08009a94        0xc 
 .text.PendSV_Handler
                0x08009aa0       0x64 build/port.o
                0x08009aa0                PendSV_Handler
 .text.xPortSysTickHandler
                0x08009b04       0x2c build/port.o
                0x08009b04                xPortSysTickHandler
 .text.vPortSetupTimerInterrupt
                0x08009b30       0x28 build/port.o
                0x08009b30                vPortSetupTimerInterrupt
 .text.xPortStartScheduler
                0x08009b58      0x118 build/port.o
                0x08009b58                xPortStartScheduler
 .text.vPortValidateInterruptPriority
                0x08009c70       0x5c build/port.o
                0x08009c70                vPortValidateInterruptPriority
 .text._sbrk    0x08009ccc       0x48 build/sysmem.o
                0x08009ccc                _sbrk
 .text._getpid  0x08009d14        0x4 build/syscalls.o
                0x08009d14                _getpid
 .text._kill    0x08009d18       0x10 build/syscalls.o
                0x08009d18                _kill
 .text._exit    0x08009d28        0xc build/syscalls.o
                0x08009d28                _exit
 .text._read    0x08009d34       0x20 build/syscalls.o
                0x08009d34                _read
 .text._close   0x08009d54        0x6 build/syscalls.o
                0x08009d54                _close
 .text._fstat   0x08009d5a        0xa build/syscalls.o
                0x08009d5a                _fstat
 .text._isatty  0x08009d64        0x4 build/syscalls.o
                0x08009d64                _isatty
 .text._lseek   0x08009d68        0x4 build/syscalls.o
                0x08009d68                _lseek
 .text.MX_GPIO_Init
                0x08009d6c       0x74 build/gpio.o
                0x08009d6c                MX_GPIO_Init
 .text.MX_I2C2_Init
                0x08009de0       0x3c build/i2c.o
                0x08009de0                MX_I2C2_Init
 .text.HAL_I2C_MspInit
                0x08009e1c       0x70 build/i2c.o
                0x08009e1c                HAL_I2C_MspInit
 .text.MX_USART3_UART_Init
                0x08009e8c       0x34 build/usart.o
                0x08009e8c                MX_USART3_UART_Init
 .text.HAL_UART_MspInit
                0x08009ec0       0x80 build/usart.o
                0x08009ec0                HAL_UART_MspInit
 .text.Sensor_I2C2_Read
                0x08009f40       0x24 build/mpu6050.o
                0x08009f40                Sensor_I2C2_Read
 .text.Sensor_I2C2_Write
                0x08009f64       0x24 build/mpu6050.o
                0x08009f64                Sensor_I2C2_Write
 .text.Sensor_I2C2_Serch
                0x08009f88       0x34 build/mpu6050.o
                0x08009f88                Sensor_I2C2_Serch
 .text.MPU6050_Init
                0x08009fbc       0xba build/mpu6050.o
                0x08009fbc                MPU6050_Init
 *fill*         0x0800a076        0x2 
 .text.MPU6050_Read_Accel
                0x0800a078       0x90 build/mpu6050.o
                0x0800a078                MPU6050_Read_Accel
 .text.MPU6050_Read_Gyro
                0x0800a108       0x90 build/mpu6050.o
                0x0800a108                MPU6050_Read_Gyro
 .text.MPU6050_Read_Temp
                0x0800a198       0x58 build/mpu6050.o
                0x0800a198                MPU6050_Read_Temp
 .text.Motor_Init
                0x0800a1f0       0x7a build/encodermotor.o
                0x0800a1f0                Motor_Init
 .text.Motor_SetPWM
                0x0800a26a      0x138 build/encodermotor.o
                0x0800a26a                Motor_SetPWM
 .text.Motor_Encoder_Init
                0x0800a3a2       0x1a build/encodermotor.o
                0x0800a3a2                Motor_Encoder_Init
 .text.Motor_Encoder_Read
                0x0800a3bc        0x8 build/encodermotor.o
                0x0800a3bc                Motor_Encoder_Read
 .text.Process_Command
                0x0800a3c4       0x44 build/cmd_task.o
                0x0800a3c4                Process_Command
 .text.StartcmdTask
                0x0800a408       0xe0 build/cmd_task.o
                0x0800a408                StartcmdTask
 .text.StartimuTask
                0x0800a4e8       0x90 build/imu_task.o
                0x0800a4e8                StartimuTask
 .text.StartmotorTask
                0x0800a578      0x108 build/motor_task.o
                0x0800a578                StartmotorTask
 .text.Calc_Checksum
                0x0800a680       0x18 build/usart_task.o
                0x0800a680                Calc_Checksum
 .text.StartUsartTask
                0x0800a698       0x98 build/usart_task.o
                0x0800a698                StartUsartTask
 .text.MX_TIM2_Init
                0x0800a730       0x64 build/tim.o
                0x0800a730                MX_TIM2_Init
 .text.MX_TIM3_Init
                0x0800a794       0x64 build/tim.o
                0x0800a794                MX_TIM3_Init
 .text.MX_TIM4_Init
                0x0800a7f8       0x64 build/tim.o
                0x0800a7f8                MX_TIM4_Init
 .text.MX_TIM5_Init
                0x0800a85c       0x64 build/tim.o
                0x0800a85c                MX_TIM5_Init
 .text.HAL_TIM_PWM_MspInit
                0x0800a8c0       0x54 build/tim.o
                0x0800a8c0                HAL_TIM_PWM_MspInit
 .text.HAL_TIM_Encoder_MspInit
                0x0800a914      0x178 build/tim.o
                0x0800a914                HAL_TIM_Encoder_MspInit
 .text.HAL_TIM_Base_MspInit
                0x0800aa8c       0x54 build/tim.o
                0x0800aa8c                HAL_TIM_Base_MspInit
 .text.HAL_TIM_MspPostInit
                0x0800aae0      0x10c build/tim.o
                0x0800aae0                HAL_TIM_MspPostInit
 .text.MX_TIM1_Init
                0x0800abec       0xec build/tim.o
                0x0800abec                MX_TIM1_Init
 .text.MX_TIM9_Init
                0x0800acd8       0x78 build/tim.o
                0x0800acd8                MX_TIM9_Init
 .text.MX_TIM10_Init
                0x0800ad50       0x74 build/tim.o
                0x0800ad50                MX_TIM10_Init
 .text.MX_TIM11_Init
                0x0800adc4       0x74 build/tim.o
                0x0800adc4                MX_TIM11_Init
 .text.Reset_Handler
                0x0800ae38       0x50 build/startup_stm32f407xx.o
                0x0800ae38                Reset_Handler
 .text.Default_Handler
                0x0800ae88        0x2 build/startup_stm32f407xx.o
                0x0800ae88                RTC_Alarm_IRQHandler
                0x0800ae88                HASH_RNG_IRQHandler
                0x0800ae88                EXTI2_IRQHandler
                0x0800ae88                TIM8_CC_IRQHandler
                0x0800ae88                TIM1_CC_IRQHandler
                0x0800ae88                DMA2_Stream5_IRQHandler
                0x0800ae88                DMA1_Stream5_IRQHandler
                0x0800ae88                PVD_IRQHandler
                0x0800ae88                SDIO_IRQHandler
                0x0800ae88                TAMP_STAMP_IRQHandler
                0x0800ae88                CAN2_RX1_IRQHandler
                0x0800ae88                EXTI3_IRQHandler
                0x0800ae88                TIM1_UP_TIM10_IRQHandler
                0x0800ae88                TIM8_UP_TIM13_IRQHandler
                0x0800ae88                I2C3_ER_IRQHandler
                0x0800ae88                EXTI0_IRQHandler
                0x0800ae88                I2C2_EV_IRQHandler
                0x0800ae88                DMA1_Stream2_IRQHandler
                0x0800ae88                CAN1_RX0_IRQHandler
                0x0800ae88                FPU_IRQHandler
                0x0800ae88                OTG_HS_WKUP_IRQHandler
                0x0800ae88                CAN2_SCE_IRQHandler
                0x0800ae88                DMA2_Stream2_IRQHandler
                0x0800ae88                SPI1_IRQHandler
                0x0800ae88                TIM6_DAC_IRQHandler
                0x0800ae88                TIM1_BRK_TIM9_IRQHandler
                0x0800ae88                DCMI_IRQHandler
                0x0800ae88                CAN2_RX0_IRQHandler
                0x0800ae88                DMA2_Stream3_IRQHandler
                0x0800ae88                USART6_IRQHandler
                0x0800ae88                CAN1_RX1_IRQHandler
                0x0800ae88                UART5_IRQHandler
                0x0800ae88                DMA2_Stream0_IRQHandler
                0x0800ae88                TIM4_IRQHandler
                0x0800ae88                I2C1_EV_IRQHandler
                0x0800ae88                DMA1_Stream6_IRQHandler
                0x0800ae88                DMA1_Stream1_IRQHandler
                0x0800ae88                UART4_IRQHandler
                0x0800ae88                TIM3_IRQHandler
                0x0800ae88                RCC_IRQHandler
                0x0800ae88                TIM8_BRK_TIM12_IRQHandler
                0x0800ae88                Default_Handler
                0x0800ae88                EXTI15_10_IRQHandler
                0x0800ae88                ADC_IRQHandler
                0x0800ae88                DMA1_Stream7_IRQHandler
                0x0800ae88                TIM7_IRQHandler
                0x0800ae88                CAN2_TX_IRQHandler
                0x0800ae88                TIM5_IRQHandler
                0x0800ae88                DMA2_Stream7_IRQHandler
                0x0800ae88                I2C3_EV_IRQHandler
                0x0800ae88                EXTI9_5_IRQHandler
                0x0800ae88                RTC_WKUP_IRQHandler
                0x0800ae88                ETH_WKUP_IRQHandler
                0x0800ae88                SPI2_IRQHandler
                0x0800ae88                OTG_HS_EP1_IN_IRQHandler
                0x0800ae88                DMA1_Stream0_IRQHandler
                0x0800ae88                CAN1_TX_IRQHandler
                0x0800ae88                EXTI4_IRQHandler
                0x0800ae88                FSMC_IRQHandler
                0x0800ae88                ETH_IRQHandler
                0x0800ae88                OTG_HS_EP1_OUT_IRQHandler
                0x0800ae88                WWDG_IRQHandler
                0x0800ae88                TIM2_IRQHandler
                0x0800ae88                OTG_FS_WKUP_IRQHandler
                0x0800ae88                TIM1_TRG_COM_TIM11_IRQHandler
                0x0800ae88                OTG_HS_IRQHandler
                0x0800ae88                EXTI1_IRQHandler
                0x0800ae88                USART2_IRQHandler
                0x0800ae88                I2C2_ER_IRQHandler
                0x0800ae88                DMA2_Stream1_IRQHandler
                0x0800ae88                CAN1_SCE_IRQHandler
                0x0800ae88                FLASH_IRQHandler
                0x0800ae88                DMA2_Stream4_IRQHandler
                0x0800ae88                USART1_IRQHandler
                0x0800ae88                OTG_FS_IRQHandler
                0x0800ae88                SPI3_IRQHandler
                0x0800ae88                DMA1_Stream4_IRQHandler
                0x0800ae88                I2C1_ER_IRQHandler
                0x0800ae88                DMA2_Stream6_IRQHandler
                0x0800ae88                DMA1_Stream3_IRQHandler
 *(.glue_7)
 .glue_7        0x0800ae8a        0x0 linker stubs
 *(.glue_7t)
 .glue_7t       0x0800ae8a        0x0 linker stubs
 *(.eh_frame)
 *fill*         0x0800ae8a        0x2 
 .eh_frame      0x0800ae8c        0x0 /usr/lib/gcc/arm-none-eabi/13.2.1/thumb/v7e-m+fp/hard/crtbegin.o
 *(.init)
 .init          0x0800ae8c        0x4 /usr/lib/gcc/arm-none-eabi/13.2.1/thumb/v7e-m+fp/hard/crti.o
                0x0800ae8c                _init
 .init          0x0800ae90        0x8 /usr/lib/gcc/arm-none-eabi/13.2.1/thumb/v7e-m+fp/hard/crtn.o
 *(.fini)
 .fini          0x0800ae98        0x4 /usr/lib/gcc/arm-none-eabi/13.2.1/thumb/v7e-m+fp/hard/crti.o
                0x0800ae98                _fini
 .fini          0x0800ae9c        0x8 /usr/lib/gcc/arm-none-eabi/13.2.1/thumb/v7e-m+fp/hard/crtn.o
                0x0800aea4                        . = ALIGN (0x4)
                0x0800aea4                        _etext = .

.vfp11_veneer   0x0800aea4        0x0
 .vfp11_veneer  0x0800aea4        0x0 linker stubs

.v4_bx          0x0800aea4        0x0
 .v4_bx         0x0800aea4        0x0 linker stubs

.iplt           0x0800aea4        0x0
 .iplt          0x0800aea4        0x0 /usr/lib/gcc/arm-none-eabi/13.2.1/thumb/v7e-m+fp/hard/crtbegin.o

.rodata         0x0800aea8      0x4c4
                0x0800aea8                        . = ALIGN (0x4)
 *(.rodata)
 .rodata        0x0800aea8      0x128 /usr/lib/gcc/arm-none-eabi/13.2.1/../../../arm-none-eabi/lib/thumb/v7e-m+fp/hard/libc_nano.a(libc_a-mprec.o)
                0x0800aeb8                __mprec_tens
                0x0800af80                __mprec_tinytens
                0x0800afa8                __mprec_bigtens
 .rodata        0x0800afd0      0x101 /usr/lib/gcc/arm-none-eabi/13.2.1/../../../arm-none-eabi/lib/thumb/v7e-m+fp/hard/libc_nano.a(libc_a-ctype_.o)
                0x0800afd0                _ctype_
 *(.rodata*)
 *fill*         0x0800b0d1        0x3 
 .rodata.str1.4
                0x0800b0d4      0x1af build/freertos.o
                                 0x4c (size before relaxing)
 *fill*         0x0800b283        0x1 
 .rodata.robotMutex_attributes
                0x0800b284       0x10 build/freertos.o
                0x0800b284                robotMutex_attributes
 .rodata.cmdQueue_attributes
                0x0800b294       0x18 build/freertos.o
                0x0800b294                cmdQueue_attributes
 .rodata.dataQueue_attributes
                0x0800b2ac       0x18 build/freertos.o
                0x0800b2ac                dataQueue_attributes
 .rodata.motorTask_attributes
                0x0800b2c4       0x24 build/freertos.o
                0x0800b2c4                motorTask_attributes
 .rodata.cmdTask_attributes
                0x0800b2e8       0x24 build/freertos.o
                0x0800b2e8                cmdTask_attributes
 .rodata.usartTask_attributes
                0x0800b30c       0x24 build/freertos.o
                0x0800b30c                usartTask_attributes
 .rodata.imuTask_attributes
                0x0800b330       0x24 build/freertos.o
                0x0800b330                imuTask_attributes
 .rodata.APBPrescTable
                0x0800b354        0x8 build/system_stm32f4xx.o
                0x0800b354                APBPrescTable
 .rodata.AHBPrescTable
                0x0800b35c       0x10 build/system_stm32f4xx.o
                0x0800b35c                AHBPrescTable
 .rodata.vTaskStartScheduler.str1.4
                0x0800b36c        0x5 build/tasks.o
 .rodata.prvCheckForValidListAndQueue.str1.4
                0x0800b36c        0x5 build/timers.o
 .rodata.xTimerCreateTimerTask.str1.4
                0x0800b36c        0x8 build/timers.o
 .rodata.StartcmdTask.str1.4
                0x0800b36c       0x14 build/cmd_task.o
 .rodata.str1.4
                0x0800b36c       0x12 /usr/lib/gcc/arm-none-eabi/13.2.1/../../../arm-none-eabi/lib/thumb/v7e-m+fp/hard/libc_nano.a(libc_a-nano-vfprintf_float.o)
 .rodata.str1.4
                0x0800b36c       0x69 /usr/lib/gcc/arm-none-eabi/13.2.1/../../../arm-none-eabi/lib/thumb/v7e-m+fp/hard/libc_nano.a(libc_a-dtoa.o)
 .rodata.str1.4
                0x0800b36c       0x25 /usr/lib/gcc/arm-none-eabi/13.2.1/../../../arm-none-eabi/lib/thumb/v7e-m+fp/hard/libc_nano.a(libc_a-nano-vfprintf_i.o)
 .rodata.str1.4
                0x0800b36c       0x43 /usr/lib/gcc/arm-none-eabi/13.2.1/../../../arm-none-eabi/lib/thumb/v7e-m+fp/hard/libc_nano.a(libc_a-assert.o)
 .rodata.str1.4
                0x0800b36c       0x59 /usr/lib/gcc/arm-none-eabi/13.2.1/../../../arm-none-eabi/lib/thumb/v7e-m+fp/hard/libc_nano.a(libc_a-mprec.o)
 .rodata.str1.4
                0x0800b36c       0x12 /usr/lib/gcc/arm-none-eabi/13.2.1/../../../arm-none-eabi/lib/thumb/v7e-m+fp/hard/libc_nano.a(libc_a-locale.o)
 .rodata.str1.4
                0x0800b36c       0x13 /usr/lib/gcc/arm-none-eabi/13.2.1/../../../arm-none-eabi/lib/thumb/v7e-m+fp/hard/libc_nano.a(libc_a-nano-vfprintf.o)
                0x0800b3d8                        . = ALIGN (0x4)

.ARM.extab      0x0800b36c        0x0
                0x0800b36c                        . = ALIGN (0x4)
 *(.ARM.extab* .gnu.linkonce.armextab.*)
                0x0800b36c                        . = ALIGN (0x4)

.ARM            0x0800b36c        0x8
                0x0800b36c                        . = ALIGN (0x4)
                0x0800b36c                        __exidx_start = .
 *(.ARM.exidx*)
 .ARM.exidx     0x0800b36c        0x8 /usr/lib/gcc/arm-none-eabi/13.2.1/../../../arm-none-eabi/lib/thumb/v7e-m+fp/hard/libc_nano.a(libc_a-memcpy.o)
 .ARM.exidx     0x0800b374        0x0 /usr/lib/gcc/arm-none-eabi/13.2.1/../../../arm-none-eabi/lib/thumb/v7e-m+fp/hard/libc_nano.a(libc_a-strlen.o)
                                  0x8 (size before relaxing)
 .ARM.exidx     0x0800b374        0x0 /usr/lib/gcc/arm-none-eabi/13.2.1/../../../arm-none-eabi/lib/thumb/v7e-m+fp/hard/libc_nano.a(libc_a-memchr.o)
                                  0x8 (size before relaxing)
 .ARM.exidx     0x0800b374        0x0 /usr/lib/gcc/arm-none-eabi/13.2.1/thumb/v7e-m+fp/hard/libgcc.a(_udivmoddi4.o)
                                  0x8 (size before relaxing)
                0x0800b374                        __exidx_end = .
                0x0800b374                        . = ALIGN (0x4)

.preinit_array  0x0800b374        0x0
                0x0800b374                        . = ALIGN (0x4)
                0x0800b374                        PROVIDE (__preinit_array_start = .)
 *(.preinit_array*)
                0x0800b374                        PROVIDE (__preinit_array_end = .)
                0x0800b374                        . = ALIGN (0x4)

.init_array     0x0800b374        0x4
                0x0800b374                        . = ALIGN (0x4)
                0x0800b374                        PROVIDE (__init_array_start = .)
 *(SORT_BY_NAME(.init_array.*))
 *(.init_array*)
 .init_array    0x0800b374        0x4 /usr/lib/gcc/arm-none-eabi/13.2.1/thumb/v7e-m+fp/hard/crtbegin.o
                0x0800b378                        PROVIDE (__init_array_end = .)
                0x0800b378                        . = ALIGN (0x4)

.fini_array     0x0800b378        0x4
                0x0800b378                        . = ALIGN (0x4)
                0x0800b378                        PROVIDE (__fini_array_start = .)
 *(SORT_BY_NAME(.fini_array.*))
 *(.fini_array*)
 .fini_array    0x0800b378        0x4 /usr/lib/gcc/arm-none-eabi/13.2.1/thumb/v7e-m+fp/hard/crtbegin.o
                0x0800b37c                        PROVIDE (__fini_array_end = .)
                0x0800b37c                        . = ALIGN (0x4)
                0x0800b37c                        _sidata = LOADADDR (.data)

.rel.dyn        0x0800b37c        0x0
 .rel.iplt      0x0800b37c        0x0 /usr/lib/gcc/arm-none-eabi/13.2.1/thumb/v7e-m+fp/hard/crtbegin.o

.data           0x20000000      0x25c load address 0x0800b37c
                0x20000000                        . = ALIGN (0x4)
                0x20000000                        _sdata = .
 *(.data)
 .data          0x20000000        0xc /usr/lib/gcc/arm-none-eabi/13.2.1/../../../arm-none-eabi/lib/thumb/v7e-m+fp/hard/libc_nano.a(libc_a-findfp.o)
                0x20000000                __sglue
 .data          0x2000000c       0x50 /usr/lib/gcc/arm-none-eabi/13.2.1/../../../arm-none-eabi/lib/thumb/v7e-m+fp/hard/libc_nano.a(libc_a-impure.o)
                0x2000000c                _impure_ptr
                0x20000010                _impure_data
 .data          0x2000005c      0x16c /usr/lib/gcc/arm-none-eabi/13.2.1/../../../arm-none-eabi/lib/thumb/v7e-m+fp/hard/libc_nano.a(libc_a-locale.o)
                0x2000005c                __global_locale
 *(.data*)
 .data.g_robot  0x200001c8       0x18 build/freertos.o
                0x200001c8                g_robot
 .data.uwTickFreq
                0x200001e0        0x1 build/stm32f4xx_hal.o
                0x200001e0                uwTickFreq
 *fill*         0x200001e1        0x3 
 .data.uwTickPrio
                0x200001e4        0x4 build/stm32f4xx_hal.o
                0x200001e4                uwTickPrio
 .data.SystemCoreClock
                0x200001e8        0x4 build/system_stm32f4xx.o
                0x200001e8                SystemCoreClock
 .data.uxCriticalNesting
                0x200001ec        0x4 build/port.o
 .data.Mpu6050Addr
                0x200001f0        0x2 build/mpu6050.o
 *fill*         0x200001f2        0x2 
 .data.Motor_D  0x200001f4       0x34 build/encodermotor.o
                0x200001f4                Motor_D
 .data.Motor_A  0x20000228       0x34 build/encodermotor.o
                0x20000228                Motor_A
 *(.RamFunc)
 *(.RamFunc*)
                0x2000025c                        . = ALIGN (0x4)
                0x2000025c                        _edata = .
                0x0800b5d8                        _siccmram = LOADADDR (.ccmram)

.tm_clone_table
                0x2000025c        0x0 load address 0x0800b5d8
 .tm_clone_table
                0x2000025c        0x0 /usr/lib/gcc/arm-none-eabi/13.2.1/thumb/v7e-m+fp/hard/crtbegin.o
 .tm_clone_table
                0x2000025c        0x0 /usr/lib/gcc/arm-none-eabi/13.2.1/thumb/v7e-m+fp/hard/crtend.o

.igot.plt       0x2000025c        0x0 load address 0x0800b5d8
 .igot.plt      0x2000025c        0x0 /usr/lib/gcc/arm-none-eabi/13.2.1/thumb/v7e-m+fp/hard/crtbegin.o

.ccmram         0x10000000        0x0 load address 0x0800b5d8
                0x10000000                        . = ALIGN (0x4)
                0x10000000                        _sccmram = .
 *(.ccmram)
 *(.ccmram*)
                0x10000000                        . = ALIGN (0x4)
                0x10000000                        _eccmram = .
                0x10000000                        . = ALIGN (0x4)

.bss            0x2000025c     0x4e1c
                0x2000025c                        _sbss = .
                0x2000025c                        __bss_start__ = _sbss
 *(.bss)
 .bss           0x2000025c       0x1c /usr/lib/gcc/arm-none-eabi/13.2.1/thumb/v7e-m+fp/hard/crtbegin.o
 .bss           0x20000278      0x13c /usr/lib/gcc/arm-none-eabi/13.2.1/../../../arm-none-eabi/lib/thumb/v7e-m+fp/hard/libc_nano.a(libc_a-findfp.o)
                0x20000278                __sf
                0x200003b0                __stdio_exit_handler
 .bss           0x200003b4        0x8 /usr/lib/gcc/arm-none-eabi/13.2.1/../../../arm-none-eabi/lib/thumb/v7e-m+fp/hard/libc_nano.a(libc_a-mallocr.o)
                0x200003b4                __malloc_sbrk_start
                0x200003b8                __malloc_free_list
 .bss           0x200003bc        0x4 /usr/lib/gcc/arm-none-eabi/13.2.1/../../../arm-none-eabi/lib/thumb/v7e-m+fp/hard/libc_nano.a(libc_a-reent.o)
                0x200003bc                errno
 *(.bss*)
 .bss.rx_buffer_byte
                0x200003c0        0x1 build/freertos.o
                0x200003c0                rx_buffer_byte
 *fill*         0x200003c1        0x3 
 .bss.robotMutexHandle
                0x200003c4        0x4 build/freertos.o
                0x200003c4                robotMutexHandle
 .bss.cmdQueueHandle
                0x200003c8        0x4 build/freertos.o
                0x200003c8                cmdQueueHandle
 .bss.dataQueueHandle
                0x200003cc        0x4 build/freertos.o
                0x200003cc                dataQueueHandle
 .bss.motorTaskHandle
                0x200003d0        0x4 build/freertos.o
                0x200003d0                motorTaskHandle
 .bss.cmdTaskHandle
                0x200003d4        0x4 build/freertos.o
                0x200003d4                cmdTaskHandle
 .bss.usartTaskHandle
                0x200003d8        0x4 build/freertos.o
                0x200003d8                usartTaskHandle
 .bss.imuTaskHandle
                0x200003dc        0x4 build/freertos.o
                0x200003dc                imuTaskHandle
 .bss.htim14    0x200003e0       0x48 build/stm32f4xx_hal_timebase_tim.o
                0x200003e0                htim14
 .bss.uwTick    0x20000428        0x4 build/stm32f4xx_hal.o
                0x20000428                uwTick
 .bss.xQueueRegistry
                0x2000042c       0x40 build/queue.o
                0x2000042c                xQueueRegistry
 .bss.uxSchedulerSuspended
                0x2000046c        0x4 build/tasks.o
 .bss.xIdleTaskHandle
                0x20000470        0x4 build/tasks.o
 .bss.xNextTaskUnblockTime
                0x20000474        0x4 build/tasks.o
 .bss.uxTaskNumber
                0x20000478        0x4 build/tasks.o
 .bss.xNumOfOverflows
                0x2000047c        0x4 build/tasks.o
 .bss.xYieldPending
                0x20000480        0x4 build/tasks.o
 .bss.xPendedTicks
                0x20000484        0x4 build/tasks.o
 .bss.xSchedulerRunning
                0x20000488        0x4 build/tasks.o
 .bss.uxTopReadyPriority
                0x2000048c        0x4 build/tasks.o
 .bss.xTickCount
                0x20000490        0x4 build/tasks.o
 .bss.uxCurrentNumberOfTasks
                0x20000494        0x4 build/tasks.o
 .bss.xSuspendedTaskList
                0x20000498       0x14 build/tasks.o
 .bss.uxDeletedTasksWaitingCleanUp
                0x200004ac        0x4 build/tasks.o
 .bss.xTasksWaitingTermination
                0x200004b0       0x14 build/tasks.o
 .bss.xPendingReadyList
                0x200004c4       0x14 build/tasks.o
 .bss.pxOverflowDelayedTaskList
                0x200004d8        0x4 build/tasks.o
 .bss.pxDelayedTaskList
                0x200004dc        0x4 build/tasks.o
 .bss.xDelayedTaskList2
                0x200004e0       0x14 build/tasks.o
 .bss.xDelayedTaskList1
                0x200004f4       0x14 build/tasks.o
 .bss.pxReadyTasksLists
                0x20000508      0x460 build/tasks.o
 .bss.pxCurrentTCB
                0x20000968        0x4 build/tasks.o
                0x20000968                pxCurrentTCB
 .bss.xStaticTimerQueue.0
                0x2000096c       0x50 build/timers.o
 .bss.ucStaticTimerQueueStorage.1
                0x200009bc       0xa0 build/timers.o
 .bss.xLastTime.2
                0x20000a5c        0x4 build/timers.o
 .bss.xTimerTaskHandle
                0x20000a60        0x4 build/timers.o
 .bss.xTimerQueue
                0x20000a64        0x4 build/timers.o
 .bss.pxOverflowTimerList
                0x20000a68        0x4 build/timers.o
 .bss.pxCurrentTimerList
                0x20000a6c        0x4 build/timers.o
 .bss.xActiveTimerList2
                0x20000a70       0x14 build/timers.o
 .bss.xActiveTimerList1
                0x20000a84       0x14 build/timers.o
 .bss.Timer_Stack.0
                0x20000a98      0x400 build/cmsis_os2.o
 .bss.Timer_TCB.1
                0x20000e98       0x5c build/cmsis_os2.o
 .bss.Idle_Stack.2
                0x20000ef4      0x200 build/cmsis_os2.o
 .bss.Idle_TCB.3
                0x200010f4       0x5c build/cmsis_os2.o
 .bss.KernelState
                0x20001150        0x4 build/cmsis_os2.o
 .bss.xBlockAllocatedBit
                0x20001154        0x4 build/heap_4.o
 .bss.xNumberOfSuccessfulFrees
                0x20001158        0x4 build/heap_4.o
 .bss.xNumberOfSuccessfulAllocations
                0x2000115c        0x4 build/heap_4.o
 .bss.xMinimumEverFreeBytesRemaining
                0x20001160        0x4 build/heap_4.o
 .bss.xFreeBytesRemaining
                0x20001164        0x4 build/heap_4.o
 .bss.pxEnd     0x20001168        0x4 build/heap_4.o
 .bss.xStart    0x2000116c        0x8 build/heap_4.o
 .bss.ucHeap    0x20001174     0x3c00 build/heap_4.o
 .bss.ulMaxPRIGROUPValue
                0x20004d74        0x4 build/port.o
 .bss.ucMaxSysCallPriority
                0x20004d78        0x1 build/port.o
 *fill*         0x20004d79        0x3 
 .bss.__sbrk_heap_end
                0x20004d7c        0x4 build/sysmem.o
 .bss.hi2c2     0x20004d80       0x54 build/i2c.o
                0x20004d80                hi2c2
 .bss.huart3    0x20004dd4       0x48 build/usart.o
                0x20004dd4                huart3
 .bss.Mpu6050_Data
                0x20004e1c       0x1c build/mpu6050.o
                0x20004e1c                Mpu6050_Data
 .bss.htim11    0x20004e38       0x48 build/tim.o
                0x20004e38                htim11
 .bss.htim10    0x20004e80       0x48 build/tim.o
                0x20004e80                htim10
 .bss.htim9     0x20004ec8       0x48 build/tim.o
                0x20004ec8                htim9
 .bss.htim5     0x20004f10       0x48 build/tim.o
                0x20004f10                htim5
 .bss.htim4     0x20004f58       0x48 build/tim.o
                0x20004f58                htim4
 .bss.htim3     0x20004fa0       0x48 build/tim.o
                0x20004fa0                htim3
 .bss.htim2     0x20004fe8       0x48 build/tim.o
                0x20004fe8                htim2
 .bss.htim1     0x20005030       0x48 build/tim.o
                0x20005030                htim1
 *(COMMON)
                0x20005078                        . = ALIGN (0x4)
                0x20005078                        _ebss = .
                0x20005078                        __bss_end__ = _ebss

._user_heap_stack
                0x20005078      0x600
                0x20005078                        . = ALIGN (0x8)
                [!provide]                        PROVIDE (end = .)
                0x20005078                        PROVIDE (_end = .)
                0x20005278                        . = (. + _Min_Heap_Size)
 *fill*         0x20005078      0x200 
                0x20005678                        . = (. + _Min_Stack_Size)
 *fill*         0x20005278      0x400 
                0x20005678                        . = ALIGN (0x8)

/DISCARD/
 libc.a(*)
 libm.a(*)
 libgcc.a(*)
OUTPUT(build/mpu6050.elf elf32-littlearm)
LOAD linker stubs
LOAD /usr/lib/gcc/arm-none-eabi/13.2.1/../../../arm-none-eabi/lib/thumb/v7e-m+fp/hard/libc.a
LOAD /usr/lib/gcc/arm-none-eabi/13.2.1/../../../arm-none-eabi/lib/thumb/v7e-m+fp/hard/libm.a
LOAD /usr/lib/gcc/arm-none-eabi/13.2.1/thumb/v7e-m+fp/hard/libgcc.a

.ARM.attributes
                0x00000000       0x30
 .ARM.attributes
                0x00000000       0x22 /usr/lib/gcc/arm-none-eabi/13.2.1/thumb/v7e-m+fp/hard/crti.o
 .ARM.attributes
                0x00000022       0x34 /usr/lib/gcc/arm-none-eabi/13.2.1/thumb/v7e-m+fp/hard/crtbegin.o
 .ARM.attributes
                0x00000056       0x34 build/main.o
 .ARM.attributes
                0x0000008a       0x34 build/freertos.o
 .ARM.attributes
                0x000000be       0x34 build/stm32f4xx_it.o
 .ARM.attributes
                0x000000f2       0x34 build/stm32f4xx_hal_msp.o
 .ARM.attributes
                0x00000126       0x34 build/stm32f4xx_hal_timebase_tim.o
 .ARM.attributes
                0x0000015a       0x34 build/stm32f4xx_hal_tim.o
 .ARM.attributes
                0x0000018e       0x34 build/stm32f4xx_hal_tim_ex.o
 .ARM.attributes
                0x000001c2       0x34 build/stm32f4xx_hal_rcc.o
 .ARM.attributes
                0x000001f6       0x34 build/stm32f4xx_hal_gpio.o
 .ARM.attributes
                0x0000022a       0x34 build/stm32f4xx_hal_dma.o
 .ARM.attributes
                0x0000025e       0x34 build/stm32f4xx_hal_cortex.o
 .ARM.attributes
                0x00000292       0x34 build/stm32f4xx_hal.o
 .ARM.attributes
                0x000002c6       0x34 build/stm32f4xx_hal_i2c.o
 .ARM.attributes
                0x000002fa       0x34 build/stm32f4xx_hal_uart.o
 .ARM.attributes
                0x0000032e       0x34 build/system_stm32f4xx.o
 .ARM.attributes
                0x00000362       0x34 build/list.o
 .ARM.attributes
                0x00000396       0x34 build/queue.o
 .ARM.attributes
                0x000003ca       0x34 build/tasks.o
 .ARM.attributes
                0x000003fe       0x34 build/timers.o
 .ARM.attributes
                0x00000432       0x34 build/cmsis_os2.o
 .ARM.attributes
                0x00000466       0x34 build/heap_4.o
 .ARM.attributes
                0x0000049a       0x34 build/port.o
 .ARM.attributes
                0x000004ce       0x34 build/sysmem.o
 .ARM.attributes
                0x00000502       0x34 build/syscalls.o
 .ARM.attributes
                0x00000536       0x34 build/gpio.o
 .ARM.attributes
                0x0000056a       0x34 build/i2c.o
 .ARM.attributes
                0x0000059e       0x34 build/usart.o
 .ARM.attributes
                0x000005d2       0x34 build/mpu6050.o
 .ARM.attributes
                0x00000606       0x34 build/encodermotor.o
 .ARM.attributes
                0x0000063a       0x34 build/cmd_task.o
 .ARM.attributes
                0x0000066e       0x34 build/imu_task.o
 .ARM.attributes
                0x000006a2       0x34 build/motor_task.o
 .ARM.attributes
                0x000006d6       0x34 build/usart_task.o
 .ARM.attributes
                0x0000070a       0x34 build/tim.o
 .ARM.attributes
                0x0000073e       0x21 build/startup_stm32f407xx.o
 .ARM.attributes
                0x0000075f       0x34 /usr/lib/gcc/arm-none-eabi/13.2.1/../../../arm-none-eabi/lib/thumb/v7e-m+fp/hard/libc_nano.a(libc_a-init.o)
 .ARM.attributes
                0x00000793       0x34 /usr/lib/gcc/arm-none-eabi/13.2.1/../../../arm-none-eabi/lib/thumb/v7e-m+fp/hard/libc_nano.a(libc_a-puts.o)
 .ARM.attributes
                0x000007c7       0x34 /usr/lib/gcc/arm-none-eabi/13.2.1/../../../arm-none-eabi/lib/thumb/v7e-m+fp/hard/libc_nano.a(libc_a-findfp.o)
 .ARM.attributes
                0x000007fb       0x34 /usr/lib/gcc/arm-none-eabi/13.2.1/../../../arm-none-eabi/lib/thumb/v7e-m+fp/hard/libc_nano.a(libc_a-memset.o)
 .ARM.attributes
                0x0000082f       0x34 /usr/lib/gcc/arm-none-eabi/13.2.1/../../../arm-none-eabi/lib/thumb/v7e-m+fp/hard/libc_nano.a(libc_a-fflush.o)
 .ARM.attributes
                0x00000863       0x34 /usr/lib/gcc/arm-none-eabi/13.2.1/../../../arm-none-eabi/lib/thumb/v7e-m+fp/hard/libc_nano.a(libc_a-errno.o)
 .ARM.attributes
                0x00000897       0x34 /usr/lib/gcc/arm-none-eabi/13.2.1/../../../arm-none-eabi/lib/thumb/v7e-m+fp/hard/libc_nano.a(libc_a-nano-vfprintf_float.o)
 .ARM.attributes
                0x000008cb       0x34 /usr/lib/gcc/arm-none-eabi/13.2.1/../../../arm-none-eabi/lib/thumb/v7e-m+fp/hard/libc_nano.a(libc_a-mallocr.o)
 .ARM.attributes
                0x000008ff       0x34 /usr/lib/gcc/arm-none-eabi/13.2.1/../../../arm-none-eabi/lib/thumb/v7e-m+fp/hard/libc_nano.a(libc_a-dtoa.o)
 .ARM.attributes
                0x00000933       0x34 /usr/lib/gcc/arm-none-eabi/13.2.1/../../../arm-none-eabi/lib/thumb/v7e-m+fp/hard/libc_nano.a(libc_a-freer.o)
 .ARM.attributes
                0x00000967       0x34 /usr/lib/gcc/arm-none-eabi/13.2.1/../../../arm-none-eabi/lib/thumb/v7e-m+fp/hard/libc_nano.a(libc_a-fwalk.o)
 .ARM.attributes
                0x0000099b       0x34 /usr/lib/gcc/arm-none-eabi/13.2.1/../../../arm-none-eabi/lib/thumb/v7e-m+fp/hard/libc_nano.a(libc_a-wsetup.o)
 .ARM.attributes
                0x000009cf       0x20 /usr/lib/gcc/arm-none-eabi/13.2.1/../../../arm-none-eabi/lib/thumb/v7e-m+fp/hard/libc_nano.a(libc_a-memcpy.o)
 .ARM.attributes
                0x000009ef       0x34 /usr/lib/gcc/arm-none-eabi/13.2.1/../../../arm-none-eabi/lib/thumb/v7e-m+fp/hard/libc_nano.a(libc_a-malloc.o)
 .ARM.attributes
                0x00000a23       0x34 /usr/lib/gcc/arm-none-eabi/13.2.1/../../../arm-none-eabi/lib/thumb/v7e-m+fp/hard/libc_nano.a(libc_a-nano-vfprintf_i.o)
 .ARM.attributes
                0x00000a57       0x34 /usr/lib/gcc/arm-none-eabi/13.2.1/../../../arm-none-eabi/lib/thumb/v7e-m+fp/hard/libc_nano.a(libc_a-mlock.o)
 .ARM.attributes
                0x00000a8b       0x34 /usr/lib/gcc/arm-none-eabi/13.2.1/../../../arm-none-eabi/lib/thumb/v7e-m+fp/hard/libc_nano.a(libc_a-makebuf.o)
 .ARM.attributes
                0x00000abf       0x34 /usr/lib/gcc/arm-none-eabi/13.2.1/../../../arm-none-eabi/lib/thumb/v7e-m+fp/hard/libc_nano.a(libc_a-isattyr.o)
 .ARM.attributes
                0x00000af3       0x34 /usr/lib/gcc/arm-none-eabi/13.2.1/../../../arm-none-eabi/lib/thumb/v7e-m+fp/hard/libc_nano.a(libc_a-wbuf.o)
 .ARM.attributes
                0x00000b27       0x34 /usr/lib/gcc/arm-none-eabi/13.2.1/../../../arm-none-eabi/lib/thumb/v7e-m+fp/hard/libc_nano.a(libc_a-assert.o)
 .ARM.attributes
                0x00000b5b       0x34 /usr/lib/gcc/arm-none-eabi/13.2.1/../../../arm-none-eabi/lib/thumb/v7e-m+fp/hard/libc_nano.a(libc_a-mprec.o)
 .ARM.attributes
                0x00000b8f       0x34 /usr/lib/gcc/arm-none-eabi/13.2.1/../../../arm-none-eabi/lib/thumb/v7e-m+fp/hard/libc_nano.a(libc_a-sbrkr.o)
 .ARM.attributes
                0x00000bc3       0x34 /usr/lib/gcc/arm-none-eabi/13.2.1/../../../arm-none-eabi/lib/thumb/v7e-m+fp/hard/libc_nano.a(libc_a-stdio.o)
 .ARM.attributes
                0x00000bf7       0x34 /usr/lib/gcc/arm-none-eabi/13.2.1/../../../arm-none-eabi/lib/thumb/v7e-m+fp/hard/libc_nano.a(libc_a-impure.o)
 .ARM.attributes
                0x00000c2b       0x34 /usr/lib/gcc/arm-none-eabi/13.2.1/../../../arm-none-eabi/lib/thumb/v7e-m+fp/hard/libc_nano.a(libc_a-localeconv.o)
 .ARM.attributes
                0x00000c5f       0x34 /usr/lib/gcc/arm-none-eabi/13.2.1/../../../arm-none-eabi/lib/thumb/v7e-m+fp/hard/libc_nano.a(libc_a-abort.o)
 .ARM.attributes
                0x00000c93       0x34 /usr/lib/gcc/arm-none-eabi/13.2.1/../../../arm-none-eabi/lib/thumb/v7e-m+fp/hard/libc_nano.a(libc_a-closer.o)
 .ARM.attributes
                0x00000cc7       0x1c /usr/lib/gcc/arm-none-eabi/13.2.1/../../../arm-none-eabi/lib/thumb/v7e-m+fp/hard/libc_nano.a(libc_a-strlen.o)
 .ARM.attributes
                0x00000ce3       0x34 /usr/lib/gcc/arm-none-eabi/13.2.1/../../../arm-none-eabi/lib/thumb/v7e-m+fp/hard/libc_nano.a(libc_a-callocr.o)
 .ARM.attributes
                0x00000d17       0x34 /usr/lib/gcc/arm-none-eabi/13.2.1/../../../arm-none-eabi/lib/thumb/v7e-m+fp/hard/libc_nano.a(libc_a-locale.o)
 .ARM.attributes
                0x00000d4b       0x34 /usr/lib/gcc/arm-none-eabi/13.2.1/../../../arm-none-eabi/lib/thumb/v7e-m+fp/hard/libc_nano.a(libc_a-wctomb_r.o)
 .ARM.attributes
                0x00000d7f       0x1c /usr/lib/gcc/arm-none-eabi/13.2.1/../../../arm-none-eabi/lib/thumb/v7e-m+fp/hard/libc_nano.a(libc_a-memchr.o)
 .ARM.attributes
                0x00000d9b       0x34 /usr/lib/gcc/arm-none-eabi/13.2.1/../../../arm-none-eabi/lib/thumb/v7e-m+fp/hard/libc_nano.a(libc_a-readr.o)
 .ARM.attributes
                0x00000dcf       0x34 /usr/lib/gcc/arm-none-eabi/13.2.1/../../../arm-none-eabi/lib/thumb/v7e-m+fp/hard/libc_nano.a(libc_a-fprintf.o)
 .ARM.attributes
                0x00000e03       0x34 /usr/lib/gcc/arm-none-eabi/13.2.1/../../../arm-none-eabi/lib/thumb/v7e-m+fp/hard/libc_nano.a(libc_a-reent.o)
 .ARM.attributes
                0x00000e37       0x34 /usr/lib/gcc/arm-none-eabi/13.2.1/../../../arm-none-eabi/lib/thumb/v7e-m+fp/hard/libc_nano.a(libc_a-fstatr.o)
 .ARM.attributes
                0x00000e6b       0x34 /usr/lib/gcc/arm-none-eabi/13.2.1/../../../arm-none-eabi/lib/thumb/v7e-m+fp/hard/libc_nano.a(libc_a-lseekr.o)
 .ARM.attributes
                0x00000e9f       0x34 /usr/lib/gcc/arm-none-eabi/13.2.1/../../../arm-none-eabi/lib/thumb/v7e-m+fp/hard/libc_nano.a(libc_a-ctype_.o)
 .ARM.attributes
                0x00000ed3       0x34 /usr/lib/gcc/arm-none-eabi/13.2.1/../../../arm-none-eabi/lib/thumb/v7e-m+fp/hard/libc_nano.a(libc_a-writer.o)
 .ARM.attributes
                0x00000f07       0x34 /usr/lib/gcc/arm-none-eabi/13.2.1/../../../arm-none-eabi/lib/thumb/v7e-m+fp/hard/libc_nano.a(libc_a-nano-vfprintf.o)
 .ARM.attributes
                0x00000f3b       0x34 /usr/lib/gcc/arm-none-eabi/13.2.1/../../../arm-none-eabi/lib/thumb/v7e-m+fp/hard/libc_nano.a(libc_a-fvwrite.o)
 .ARM.attributes
                0x00000f6f       0x34 /usr/lib/gcc/arm-none-eabi/13.2.1/../../../arm-none-eabi/lib/thumb/v7e-m+fp/hard/libc_nano.a(libc_a-mbtowc_r.o)
 .ARM.attributes
                0x00000fa3       0x34 /usr/lib/gcc/arm-none-eabi/13.2.1/../../../arm-none-eabi/lib/thumb/v7e-m+fp/hard/libc_nano.a(libc_a-signal.o)
 .ARM.attributes
                0x00000fd7       0x34 /usr/lib/gcc/arm-none-eabi/13.2.1/../../../arm-none-eabi/lib/thumb/v7e-m+fp/hard/libc_nano.a(libc_a-memmove.o)
 .ARM.attributes
                0x0000100b       0x34 /usr/lib/gcc/arm-none-eabi/13.2.1/../../../arm-none-eabi/lib/thumb/v7e-m+fp/hard/libc_nano.a(libc_a-reallocr.o)
 .ARM.attributes
                0x0000103f       0x34 /usr/lib/gcc/arm-none-eabi/13.2.1/../../../arm-none-eabi/lib/thumb/v7e-m+fp/hard/libc_nano.a(libc_a-msizer.o)
 .ARM.attributes
                0x00001073       0x34 /usr/lib/gcc/arm-none-eabi/13.2.1/../../../arm-none-eabi/lib/thumb/v7e-m+fp/hard/libc_nano.a(libc_a-signalr.o)
 .ARM.attributes
                0x000010a7       0x22 /usr/lib/gcc/arm-none-eabi/13.2.1/thumb/v7e-m+fp/hard/libgcc.a(_arm_addsubdf3.o)
 .ARM.attributes
                0x000010c9       0x22 /usr/lib/gcc/arm-none-eabi/13.2.1/thumb/v7e-m+fp/hard/libgcc.a(_arm_muldivdf3.o)
 .ARM.attributes
                0x000010eb       0x22 /usr/lib/gcc/arm-none-eabi/13.2.1/thumb/v7e-m+fp/hard/libgcc.a(_arm_cmpdf2.o)
 .ARM.attributes
                0x0000110d       0x22 /usr/lib/gcc/arm-none-eabi/13.2.1/thumb/v7e-m+fp/hard/libgcc.a(_arm_unorddf2.o)
 .ARM.attributes
                0x0000112f       0x22 /usr/lib/gcc/arm-none-eabi/13.2.1/thumb/v7e-m+fp/hard/libgcc.a(_arm_fixdfsi.o)
 .ARM.attributes
                0x00001151       0x22 /usr/lib/gcc/arm-none-eabi/13.2.1/thumb/v7e-m+fp/hard/libgcc.a(_aeabi_uldivmod.o)
 .ARM.attributes
                0x00001173       0x34 /usr/lib/gcc/arm-none-eabi/13.2.1/thumb/v7e-m+fp/hard/libgcc.a(_udivmoddi4.o)
 .ARM.attributes
                0x000011a7       0x22 /usr/lib/gcc/arm-none-eabi/13.2.1/thumb/v7e-m+fp/hard/libgcc.a(_dvmd_tls.o)
 .ARM.attributes
                0x000011c9       0x34 /usr/lib/gcc/arm-none-eabi/13.2.1/thumb/v7e-m+fp/hard/crtend.o
 .ARM.attributes
                0x000011fd       0x22 /usr/lib/gcc/arm-none-eabi/13.2.1/thumb/v7e-m+fp/hard/crtn.o

.comment        0x00000000       0x26
 .comment       0x00000000       0x26 /usr/lib/gcc/arm-none-eabi/13.2.1/thumb/v7e-m+fp/hard/crtbegin.o
                                 0x27 (size before relaxing)
 .comment       0x00000026       0x27 build/main.o
 .comment       0x00000026       0x27 build/freertos.o
 .comment       0x00000026       0x27 build/stm32f4xx_it.o
 .comment       0x00000026       0x27 build/stm32f4xx_hal_msp.o
 .comment       0x00000026       0x27 build/stm32f4xx_hal_timebase_tim.o
 .comment       0x00000026       0x27 build/stm32f4xx_hal_tim.o
 .comment       0x00000026       0x27 build/stm32f4xx_hal_tim_ex.o
 .comment       0x00000026       0x27 build/stm32f4xx_hal_rcc.o
 .comment       0x00000026       0x27 build/stm32f4xx_hal_gpio.o
 .comment       0x00000026       0x27 build/stm32f4xx_hal_dma.o
 .comment       0x00000026       0x27 build/stm32f4xx_hal_cortex.o
 .comment       0x00000026       0x27 build/stm32f4xx_hal.o
 .comment       0x00000026       0x27 build/stm32f4xx_hal_i2c.o
 .comment       0x00000026       0x27 build/stm32f4xx_hal_uart.o
 .comment       0x00000026       0x27 build/system_stm32f4xx.o
 .comment       0x00000026       0x27 build/list.o
 .comment       0x00000026       0x27 build/queue.o
 .comment       0x00000026       0x27 build/tasks.o
 .comment       0x00000026       0x27 build/timers.o
 .comment       0x00000026       0x27 build/cmsis_os2.o
 .comment       0x00000026       0x27 build/heap_4.o
 .comment       0x00000026       0x27 build/port.o
 .comment       0x00000026       0x27 build/sysmem.o
 .comment       0x00000026       0x27 build/syscalls.o
 .comment       0x00000026       0x27 build/gpio.o
 .comment       0x00000026       0x27 build/i2c.o
 .comment       0x00000026       0x27 build/usart.o
 .comment       0x00000026       0x27 build/mpu6050.o
 .comment       0x00000026       0x27 build/encodermotor.o
 .comment       0x00000026       0x27 build/cmd_task.o
 .comment       0x00000026       0x27 build/imu_task.o
 .comment       0x00000026       0x27 build/motor_task.o
 .comment       0x00000026       0x27 build/usart_task.o
 .comment       0x00000026       0x27 build/tim.o
 .comment       0x00000026       0x27 /usr/lib/gcc/arm-none-eabi/13.2.1/../../../arm-none-eabi/lib/thumb/v7e-m+fp/hard/libc_nano.a(libc_a-init.o)
 .comment       0x00000026       0x27 /usr/lib/gcc/arm-none-eabi/13.2.1/../../../arm-none-eabi/lib/thumb/v7e-m+fp/hard/libc_nano.a(libc_a-puts.o)
 .comment       0x00000026       0x27 /usr/lib/gcc/arm-none-eabi/13.2.1/../../../arm-none-eabi/lib/thumb/v7e-m+fp/hard/libc_nano.a(libc_a-findfp.o)
 .comment       0x00000026       0x27 /usr/lib/gcc/arm-none-eabi/13.2.1/../../../arm-none-eabi/lib/thumb/v7e-m+fp/hard/libc_nano.a(libc_a-memset.o)
 .comment       0x00000026       0x27 /usr/lib/gcc/arm-none-eabi/13.2.1/../../../arm-none-eabi/lib/thumb/v7e-m+fp/hard/libc_nano.a(libc_a-fflush.o)
 .comment       0x00000026       0x27 /usr/lib/gcc/arm-none-eabi/13.2.1/../../../arm-none-eabi/lib/thumb/v7e-m+fp/hard/libc_nano.a(libc_a-errno.o)
 .comment       0x00000026       0x27 /usr/lib/gcc/arm-none-eabi/13.2.1/../../../arm-none-eabi/lib/thumb/v7e-m+fp/hard/libc_nano.a(libc_a-nano-vfprintf_float.o)
 .comment       0x00000026       0x27 /usr/lib/gcc/arm-none-eabi/13.2.1/../../../arm-none-eabi/lib/thumb/v7e-m+fp/hard/libc_nano.a(libc_a-mallocr.o)
 .comment       0x00000026       0x27 /usr/lib/gcc/arm-none-eabi/13.2.1/../../../arm-none-eabi/lib/thumb/v7e-m+fp/hard/libc_nano.a(libc_a-dtoa.o)
 .comment       0x00000026       0x27 /usr/lib/gcc/arm-none-eabi/13.2.1/../../../arm-none-eabi/lib/thumb/v7e-m+fp/hard/libc_nano.a(libc_a-freer.o)
 .comment       0x00000026       0x27 /usr/lib/gcc/arm-none-eabi/13.2.1/../../../arm-none-eabi/lib/thumb/v7e-m+fp/hard/libc_nano.a(libc_a-fwalk.o)
 .comment       0x00000026       0x27 /usr/lib/gcc/arm-none-eabi/13.2.1/../../../arm-none-eabi/lib/thumb/v7e-m+fp/hard/libc_nano.a(libc_a-wsetup.o)
 .comment       0x00000026       0x27 /usr/lib/gcc/arm-none-eabi/13.2.1/../../../arm-none-eabi/lib/thumb/v7e-m+fp/hard/libc_nano.a(libc_a-malloc.o)
 .comment       0x00000026       0x27 /usr/lib/gcc/arm-none-eabi/13.2.1/../../../arm-none-eabi/lib/thumb/v7e-m+fp/hard/libc_nano.a(libc_a-nano-vfprintf_i.o)
 .comment       0x00000026       0x27 /usr/lib/gcc/arm-none-eabi/13.2.1/../../../arm-none-eabi/lib/thumb/v7e-m+fp/hard/libc_nano.a(libc_a-mlock.o)
 .comment       0x00000026       0x27 /usr/lib/gcc/arm-none-eabi/13.2.1/../../../arm-none-eabi/lib/thumb/v7e-m+fp/hard/libc_nano.a(libc_a-makebuf.o)
 .comment       0x00000026       0x27 /usr/lib/gcc/arm-none-eabi/13.2.1/../../../arm-none-eabi/lib/thumb/v7e-m+fp/hard/libc_nano.a(libc_a-isattyr.o)
 .comment       0x00000026       0x27 /usr/lib/gcc/arm-none-eabi/13.2.1/../../../arm-none-eabi/lib/thumb/v7e-m+fp/hard/libc_nano.a(libc_a-wbuf.o)
 .comment       0x00000026       0x27 /usr/lib/gcc/arm-none-eabi/13.2.1/../../../arm-none-eabi/lib/thumb/v7e-m+fp/hard/libc_nano.a(libc_a-assert.o)
 .comment       0x00000026       0x27 /usr/lib/gcc/arm-none-eabi/13.2.1/../../../arm-none-eabi/lib/thumb/v7e-m+fp/hard/libc_nano.a(libc_a-mprec.o)
 .comment       0x00000026       0x27 /usr/lib/gcc/arm-none-eabi/13.2.1/../../../arm-none-eabi/lib/thumb/v7e-m+fp/hard/libc_nano.a(libc_a-sbrkr.o)
 .comment       0x00000026       0x27 /usr/lib/gcc/arm-none-eabi/13.2.1/../../../arm-none-eabi/lib/thumb/v7e-m+fp/hard/libc_nano.a(libc_a-stdio.o)
 .comment       0x00000026       0x27 /usr/lib/gcc/arm-none-eabi/13.2.1/../../../arm-none-eabi/lib/thumb/v7e-m+fp/hard/libc_nano.a(libc_a-impure.o)
 .comment       0x00000026       0x27 /usr/lib/gcc/arm-none-eabi/13.2.1/../../../arm-none-eabi/lib/thumb/v7e-m+fp/hard/libc_nano.a(libc_a-localeconv.o)
 .comment       0x00000026       0x27 /usr/lib/gcc/arm-none-eabi/13.2.1/../../../arm-none-eabi/lib/thumb/v7e-m+fp/hard/libc_nano.a(libc_a-abort.o)
 .comment       0x00000026       0x27 /usr/lib/gcc/arm-none-eabi/13.2.1/../../../arm-none-eabi/lib/thumb/v7e-m+fp/hard/libc_nano.a(libc_a-closer.o)
 .comment       0x00000026       0x27 /usr/lib/gcc/arm-none-eabi/13.2.1/../../../arm-none-eabi/lib/thumb/v7e-m+fp/hard/libc_nano.a(libc_a-callocr.o)
 .comment       0x00000026       0x27 /usr/lib/gcc/arm-none-eabi/13.2.1/../../../arm-none-eabi/lib/thumb/v7e-m+fp/hard/libc_nano.a(libc_a-locale.o)
 .comment       0x00000026       0x27 /usr/lib/gcc/arm-none-eabi/13.2.1/../../../arm-none-eabi/lib/thumb/v7e-m+fp/hard/libc_nano.a(libc_a-wctomb_r.o)
 .comment       0x00000026       0x27 /usr/lib/gcc/arm-none-eabi/13.2.1/../../../arm-none-eabi/lib/thumb/v7e-m+fp/hard/libc_nano.a(libc_a-readr.o)
 .comment       0x00000026       0x27 /usr/lib/gcc/arm-none-eabi/13.2.1/../../../arm-none-eabi/lib/thumb/v7e-m+fp/hard/libc_nano.a(libc_a-fprintf.o)
 .comment       0x00000026       0x27 /usr/lib/gcc/arm-none-eabi/13.2.1/../../../arm-none-eabi/lib/thumb/v7e-m+fp/hard/libc_nano.a(libc_a-reent.o)
 .comment       0x00000026       0x27 /usr/lib/gcc/arm-none-eabi/13.2.1/../../../arm-none-eabi/lib/thumb/v7e-m+fp/hard/libc_nano.a(libc_a-fstatr.o)
 .comment       0x00000026       0x27 /usr/lib/gcc/arm-none-eabi/13.2.1/../../../arm-none-eabi/lib/thumb/v7e-m+fp/hard/libc_nano.a(libc_a-lseekr.o)
 .comment       0x00000026       0x27 /usr/lib/gcc/arm-none-eabi/13.2.1/../../../arm-none-eabi/lib/thumb/v7e-m+fp/hard/libc_nano.a(libc_a-ctype_.o)
 .comment       0x00000026       0x27 /usr/lib/gcc/arm-none-eabi/13.2.1/../../../arm-none-eabi/lib/thumb/v7e-m+fp/hard/libc_nano.a(libc_a-writer.o)
 .comment       0x00000026       0x27 /usr/lib/gcc/arm-none-eabi/13.2.1/../../../arm-none-eabi/lib/thumb/v7e-m+fp/hard/libc_nano.a(libc_a-nano-vfprintf.o)
 .comment       0x00000026       0x27 /usr/lib/gcc/arm-none-eabi/13.2.1/../../../arm-none-eabi/lib/thumb/v7e-m+fp/hard/libc_nano.a(libc_a-fvwrite.o)
 .comment       0x00000026       0x27 /usr/lib/gcc/arm-none-eabi/13.2.1/../../../arm-none-eabi/lib/thumb/v7e-m+fp/hard/libc_nano.a(libc_a-mbtowc_r.o)
 .comment       0x00000026       0x27 /usr/lib/gcc/arm-none-eabi/13.2.1/../../../arm-none-eabi/lib/thumb/v7e-m+fp/hard/libc_nano.a(libc_a-signal.o)
 .comment       0x00000026       0x27 /usr/lib/gcc/arm-none-eabi/13.2.1/../../../arm-none-eabi/lib/thumb/v7e-m+fp/hard/libc_nano.a(libc_a-memmove.o)
 .comment       0x00000026       0x27 /usr/lib/gcc/arm-none-eabi/13.2.1/../../../arm-none-eabi/lib/thumb/v7e-m+fp/hard/libc_nano.a(libc_a-reallocr.o)
 .comment       0x00000026       0x27 /usr/lib/gcc/arm-none-eabi/13.2.1/../../../arm-none-eabi/lib/thumb/v7e-m+fp/hard/libc_nano.a(libc_a-msizer.o)
 .comment       0x00000026       0x27 /usr/lib/gcc/arm-none-eabi/13.2.1/../../../arm-none-eabi/lib/thumb/v7e-m+fp/hard/libc_nano.a(libc_a-signalr.o)
 .comment       0x00000026       0x27 /usr/lib/gcc/arm-none-eabi/13.2.1/thumb/v7e-m+fp/hard/libgcc.a(_udivmoddi4.o)
 .comment       0x00000026       0x27 /usr/lib/gcc/arm-none-eabi/13.2.1/thumb/v7e-m+fp/hard/crtend.o

.debug_info     0x00000000    0x4601b
 .debug_info    0x00000000      0xe17 build/main.o
 .debug_info    0x00000e17      0xfed build/freertos.o
 .debug_info    0x00001e04      0xaa9 build/stm32f4xx_it.o
 .debug_info    0x000028ad      0x54e build/stm32f4xx_hal_msp.o
 .debug_info    0x00002dfb      0xdd8 build/stm32f4xx_hal_timebase_tim.o
 .debug_info    0x00003bd3     0x4188 build/stm32f4xx_hal_tim.o
 .debug_info    0x00007d5b     0x1d8d build/stm32f4xx_hal_tim_ex.o
 .debug_info    0x00009ae8      0xbf0 build/stm32f4xx_hal_rcc.o
 .debug_info    0x0000a6d8      0x824 build/stm32f4xx_hal_gpio.o
 .debug_info    0x0000aefc      0xbb6 build/stm32f4xx_hal_dma.o
 .debug_info    0x0000bab2     0x11bc build/stm32f4xx_hal_cortex.o
 .debug_info    0x0000cc6e      0xaee build/stm32f4xx_hal.o
 .debug_info    0x0000d75c     0x3bec build/stm32f4xx_hal_i2c.o
 .debug_info    0x00011348     0x4385 build/stm32f4xx_hal_uart.o
 .debug_info    0x000156cd      0x59b build/system_stm32f4xx.o
 .debug_info    0x00015c68      0x303 build/list.o
 .debug_info    0x00015f6b     0x2a24 build/queue.o
 .debug_info    0x0001898f     0x338a build/tasks.o
 .debug_info    0x0001bd19     0x1d13 build/timers.o
 .debug_info    0x0001da2c     0x537b build/cmsis_os2.o
 .debug_info    0x00022da7      0x5f4 build/heap_4.o
 .debug_info    0x0002339b      0x5aa build/port.o
 .debug_info    0x00023945      0x174 build/sysmem.o
 .debug_info    0x00023ab9      0x853 build/syscalls.o
 .debug_info    0x0002430c      0x336 build/gpio.o
 .debug_info    0x00024642      0xb60 build/i2c.o
 .debug_info    0x000251a2      0xdb4 build/usart.o
 .debug_info    0x00025f56      0xbf9 build/mpu6050.o
 .debug_info    0x00026b4f      0xaa6 build/encodermotor.o
 .debug_info    0x000275f5      0x402 build/cmd_task.o
 .debug_info    0x000279f7      0xaa1 build/imu_task.o
 .debug_info    0x00028498      0xd37 build/motor_task.o
 .debug_info    0x000291cf      0x9af build/usart_task.o
 .debug_info    0x00029b7e     0x1978 build/tim.o
 .debug_info    0x0002b4f6       0x30 build/startup_stm32f407xx.o